<?xml version="1.0" encoding="ISO-8859-1" ?>
<link_info>
   <banner>TI ARM Linker PC v20.2.6.LTS</banner>
   <copyright>Copyright (c) 1996-2018 Texas Instruments Incorporated</copyright>
   <link_time>0x6410ffd7</link_time>
   <link_errors>0x0</link_errors>
   <output_file>wireless2.out</output_file>
   <entry_point>
      <name>_c_int00_noargs</name>
      <address>0x4a7d</address>
   </entry_point>
   <input_file_list>
      <input_file id="fl-2">
         <path>.\</path>
         <kind>object</kind>
         <file>clock.obj</file>
         <name>clock.obj</name>
      </input_file>
      <input_file id="fl-3">
         <path>.\</path>
         <kind>object</kind>
         <file>gpio.obj</file>
         <name>gpio.obj</name>
      </input_file>
      <input_file id="fl-4">
         <path>.\</path>
         <kind>object</kind>
         <file>modulator.obj</file>
         <name>modulator.obj</name>
      </input_file>
      <input_file id="fl-5">
         <path>.\</path>
         <kind>object</kind>
         <file>nvic.obj</file>
         <name>nvic.obj</name>
      </input_file>
      <input_file id="fl-6">
         <path>.\</path>
         <kind>object</kind>
         <file>spi0.obj</file>
         <name>spi0.obj</name>
      </input_file>
      <input_file id="fl-7">
         <path>.\</path>
         <kind>object</kind>
         <file>tm4c123gh6pm_startup_ccs.obj</file>
         <name>tm4c123gh6pm_startup_ccs.obj</name>
      </input_file>
      <input_file id="fl-8">
         <path>.\</path>
         <kind>object</kind>
         <file>uart0.obj</file>
         <name>uart0.obj</name>
      </input_file>
      <input_file id="fl-9">
         <path>.\</path>
         <kind>object</kind>
         <file>wait.obj</file>
         <name>wait.obj</name>
      </input_file>
      <input_file id="fl-d">
         <kind>object</kind>
         <file>&lt;internal&gt;</file>
         <name>&lt;internal&gt;</name>
      </input_file>
      <input_file id="fl-c3">
         <path>C:\ti\ccs1200\ccs\tools\compiler\ti-cgt-arm_20.2.6.LTS\lib\</path>
         <kind>archive</kind>
         <file>rtsv7M4_T_le_v4SPD16_eabi.lib</file>
         <name>e_pow.c.obj</name>
      </input_file>
      <input_file id="fl-c4">
         <path>C:\ti\ccs1200\ccs\tools\compiler\ti-cgt-arm_20.2.6.LTS\lib\</path>
         <kind>archive</kind>
         <file>rtsv7M4_T_le_v4SPD16_eabi.lib</file>
         <name>e_sqrt.c.obj</name>
      </input_file>
      <input_file id="fl-c5">
         <path>C:\ti\ccs1200\ccs\tools\compiler\ti-cgt-arm_20.2.6.LTS\lib\</path>
         <kind>archive</kind>
         <file>rtsv7M4_T_le_v4SPD16_eabi.lib</file>
         <name>s_round.c.obj</name>
      </input_file>
      <input_file id="fl-c6">
         <path>C:\ti\ccs1200\ccs\tools\compiler\ti-cgt-arm_20.2.6.LTS\lib\</path>
         <kind>archive</kind>
         <file>rtsv7M4_T_le_v4SPD16_eabi.lib</file>
         <name>s_scalbn.c.obj</name>
      </input_file>
      <input_file id="fl-c7">
         <path>C:\ti\ccs1200\ccs\tools\compiler\ti-cgt-arm_20.2.6.LTS\lib\</path>
         <kind>archive</kind>
         <file>rtsv7M4_T_le_v4SPD16_eabi.lib</file>
         <name>s_sin.c.obj</name>
      </input_file>
      <input_file id="fl-c8">
         <path>C:\ti\ccs1200\ccs\tools\compiler\ti-cgt-arm_20.2.6.LTS\lib\</path>
         <kind>archive</kind>
         <file>rtsv7M4_T_le_v4SPD16_eabi.lib</file>
         <name>s_copysign.c.obj</name>
      </input_file>
      <input_file id="fl-c9">
         <path>C:\ti\ccs1200\ccs\tools\compiler\ti-cgt-arm_20.2.6.LTS\lib\</path>
         <kind>archive</kind>
         <file>rtsv7M4_T_le_v4SPD16_eabi.lib</file>
         <name>fd_add_t2.asm.obj</name>
      </input_file>
      <input_file id="fl-ca">
         <path>C:\ti\ccs1200\ccs\tools\compiler\ti-cgt-arm_20.2.6.LTS\lib\</path>
         <kind>archive</kind>
         <file>rtsv7M4_T_le_v4SPD16_eabi.lib</file>
         <name>fd_cmp_t2.asm.obj</name>
      </input_file>
      <input_file id="fl-cb">
         <path>C:\ti\ccs1200\ccs\tools\compiler\ti-cgt-arm_20.2.6.LTS\lib\</path>
         <kind>archive</kind>
         <file>rtsv7M4_T_le_v4SPD16_eabi.lib</file>
         <name>fd_div_t2.asm.obj</name>
      </input_file>
      <input_file id="fl-cc">
         <path>C:\ti\ccs1200\ccs\tools\compiler\ti-cgt-arm_20.2.6.LTS\lib\</path>
         <kind>archive</kind>
         <file>rtsv7M4_T_le_v4SPD16_eabi.lib</file>
         <name>fd_mul_t2.asm.obj</name>
      </input_file>
      <input_file id="fl-cd">
         <path>C:\ti\ccs1200\ccs\tools\compiler\ti-cgt-arm_20.2.6.LTS\lib\</path>
         <kind>archive</kind>
         <file>rtsv7M4_T_le_v4SPD16_eabi.lib</file>
         <name>fd_toi_t2.asm.obj</name>
      </input_file>
      <input_file id="fl-ce">
         <path>C:\ti\ccs1200\ccs\tools\compiler\ti-cgt-arm_20.2.6.LTS\lib\</path>
         <kind>archive</kind>
         <file>rtsv7M4_T_le_v4SPD16_eabi.lib</file>
         <name>fd_tos_t2.asm.obj</name>
      </input_file>
      <input_file id="fl-cf">
         <path>C:\ti\ccs1200\ccs\tools\compiler\ti-cgt-arm_20.2.6.LTS\lib\</path>
         <kind>archive</kind>
         <file>rtsv7M4_T_le_v4SPD16_eabi.lib</file>
         <name>fd_tou_t2.asm.obj</name>
      </input_file>
      <input_file id="fl-d0">
         <path>C:\ti\ccs1200\ccs\tools\compiler\ti-cgt-arm_20.2.6.LTS\lib\</path>
         <kind>archive</kind>
         <file>rtsv7M4_T_le_v4SPD16_eabi.lib</file>
         <name>fs_tod_t2.asm.obj</name>
      </input_file>
      <input_file id="fl-d1">
         <path>C:\ti\ccs1200\ccs\tools\compiler\ti-cgt-arm_20.2.6.LTS\lib\</path>
         <kind>archive</kind>
         <file>rtsv7M4_T_le_v4SPD16_eabi.lib</file>
         <name>i_tofd_t2.asm.obj</name>
      </input_file>
      <input_file id="fl-d2">
         <path>C:\ti\ccs1200\ccs\tools\compiler\ti-cgt-arm_20.2.6.LTS\lib\</path>
         <kind>archive</kind>
         <file>rtsv7M4_T_le_v4SPD16_eabi.lib</file>
         <name>u_tofd_t2.asm.obj</name>
      </input_file>
      <input_file id="fl-d3">
         <path>C:\ti\ccs1200\ccs\tools\compiler\ti-cgt-arm_20.2.6.LTS\lib\</path>
         <kind>archive</kind>
         <file>rtsv7M4_T_le_v4SPD16_eabi.lib</file>
         <name>i_divt2.asm.obj</name>
      </input_file>
      <input_file id="fl-d4">
         <path>C:\ti\ccs1200\ccs\tools\compiler\ti-cgt-arm_20.2.6.LTS\lib\</path>
         <kind>archive</kind>
         <file>rtsv7M4_T_le_v4SPD16_eabi.lib</file>
         <name>copy_zero_init.c.obj</name>
      </input_file>
      <input_file id="fl-d5">
         <path>C:\ti\ccs1200\ccs\tools\compiler\ti-cgt-arm_20.2.6.LTS\lib\</path>
         <kind>archive</kind>
         <file>rtsv7M4_T_le_v4SPD16_eabi.lib</file>
         <name>copy_decompress_none.c.obj</name>
      </input_file>
      <input_file id="fl-d6">
         <path>C:\ti\ccs1200\ccs\tools\compiler\ti-cgt-arm_20.2.6.LTS\lib\</path>
         <kind>archive</kind>
         <file>rtsv7M4_T_le_v4SPD16_eabi.lib</file>
         <name>copy_decompress_lzss.c.obj</name>
      </input_file>
      <input_file id="fl-d7">
         <path>C:\ti\ccs1200\ccs\tools\compiler\ti-cgt-arm_20.2.6.LTS\lib\</path>
         <kind>archive</kind>
         <file>rtsv7M4_T_le_v4SPD16_eabi.lib</file>
         <name>k_rem_pio2.c.obj</name>
      </input_file>
      <input_file id="fl-d8">
         <path>C:\ti\ccs1200\ccs\tools\compiler\ti-cgt-arm_20.2.6.LTS\lib\</path>
         <kind>archive</kind>
         <file>rtsv7M4_T_le_v4SPD16_eabi.lib</file>
         <name>atof.c.obj</name>
      </input_file>
      <input_file id="fl-d9">
         <path>C:\ti\ccs1200\ccs\tools\compiler\ti-cgt-arm_20.2.6.LTS\lib\</path>
         <kind>archive</kind>
         <file>rtsv7M4_T_le_v4SPD16_eabi.lib</file>
         <name>atoi.c.obj</name>
      </input_file>
      <input_file id="fl-da">
         <path>C:\ti\ccs1200\ccs\tools\compiler\ti-cgt-arm_20.2.6.LTS\lib\</path>
         <kind>archive</kind>
         <file>rtsv7M4_T_le_v4SPD16_eabi.lib</file>
         <name>ctype.c.obj</name>
      </input_file>
      <input_file id="fl-db">
         <path>C:\ti\ccs1200\ccs\tools\compiler\ti-cgt-arm_20.2.6.LTS\lib\</path>
         <kind>archive</kind>
         <file>rtsv7M4_T_le_v4SPD16_eabi.lib</file>
         <name>rand.c.obj</name>
      </input_file>
      <input_file id="fl-dc">
         <path>C:\ti\ccs1200\ccs\tools\compiler\ti-cgt-arm_20.2.6.LTS\lib\</path>
         <kind>archive</kind>
         <file>rtsv7M4_T_le_v4SPD16_eabi.lib</file>
         <name>strcmp.c.obj</name>
      </input_file>
      <input_file id="fl-dd">
         <path>C:\ti\ccs1200\ccs\tools\compiler\ti-cgt-arm_20.2.6.LTS\lib\</path>
         <kind>archive</kind>
         <file>rtsv7M4_T_le_v4SPD16_eabi.lib</file>
         <name>strtod.c.obj</name>
      </input_file>
      <input_file id="fl-de">
         <path>C:\ti\ccs1200\ccs\tools\compiler\ti-cgt-arm_20.2.6.LTS\lib\</path>
         <kind>archive</kind>
         <file>rtsv7M4_T_le_v4SPD16_eabi.lib</file>
         <name>strtok.c.obj</name>
      </input_file>
      <input_file id="fl-df">
         <path>C:\ti\ccs1200\ccs\tools\compiler\ti-cgt-arm_20.2.6.LTS\lib\</path>
         <kind>archive</kind>
         <file>rtsv7M4_T_le_v4SPD16_eabi.lib</file>
         <name>tolower.c.obj</name>
      </input_file>
      <input_file id="fl-e0">
         <path>C:\ti\ccs1200\ccs\tools\compiler\ti-cgt-arm_20.2.6.LTS\lib\</path>
         <kind>archive</kind>
         <file>rtsv7M4_T_le_v4SPD16_eabi.lib</file>
         <name>errno.c.obj</name>
      </input_file>
      <input_file id="fl-e1">
         <path>C:\ti\ccs1200\ccs\tools\compiler\ti-cgt-arm_20.2.6.LTS\lib\</path>
         <kind>archive</kind>
         <file>rtsv7M4_T_le_v4SPD16_eabi.lib</file>
         <name>boot_cortex_m.c.obj</name>
      </input_file>
      <input_file id="fl-e2">
         <path>C:\ti\ccs1200\ccs\tools\compiler\ti-cgt-arm_20.2.6.LTS\lib\</path>
         <kind>archive</kind>
         <file>rtsv7M4_T_le_v4SPD16_eabi.lib</file>
         <name>k_cos.c.obj</name>
      </input_file>
      <input_file id="fl-e3">
         <path>C:\ti\ccs1200\ccs\tools\compiler\ti-cgt-arm_20.2.6.LTS\lib\</path>
         <kind>archive</kind>
         <file>rtsv7M4_T_le_v4SPD16_eabi.lib</file>
         <name>k_sin.c.obj</name>
      </input_file>
      <input_file id="fl-e4">
         <path>C:\ti\ccs1200\ccs\tools\compiler\ti-cgt-arm_20.2.6.LTS\lib\</path>
         <kind>archive</kind>
         <file>rtsv7M4_T_le_v4SPD16_eabi.lib</file>
         <name>s_floor.c.obj</name>
      </input_file>
      <input_file id="fl-e5">
         <path>C:\ti\ccs1200\ccs\tools\compiler\ti-cgt-arm_20.2.6.LTS\lib\</path>
         <kind>archive</kind>
         <file>rtsv7M4_T_le_v4SPD16_eabi.lib</file>
         <name>div0.asm.obj</name>
      </input_file>
      <input_file id="fl-e6">
         <path>C:\ti\ccs1200\ccs\tools\compiler\ti-cgt-arm_20.2.6.LTS\lib\</path>
         <kind>archive</kind>
         <file>rtsv7M4_T_le_v4SPD16_eabi.lib</file>
         <name>memcpy_t2.asm.obj</name>
      </input_file>
      <input_file id="fl-e7">
         <path>C:\ti\ccs1200\ccs\tools\compiler\ti-cgt-arm_20.2.6.LTS\lib\</path>
         <kind>archive</kind>
         <file>rtsv7M4_T_le_v4SPD16_eabi.lib</file>
         <name>memset_t2.asm.obj</name>
      </input_file>
      <input_file id="fl-e8">
         <path>C:\ti\ccs1200\ccs\tools\compiler\ti-cgt-arm_20.2.6.LTS\lib\</path>
         <kind>archive</kind>
         <file>rtsv7M4_T_le_v4SPD16_eabi.lib</file>
         <name>autoinit.c.obj</name>
      </input_file>
      <input_file id="fl-e9">
         <path>C:\ti\ccs1200\ccs\tools\compiler\ti-cgt-arm_20.2.6.LTS\lib\</path>
         <kind>archive</kind>
         <file>rtsv7M4_T_le_v4SPD16_eabi.lib</file>
         <name>pre_init.c.obj</name>
      </input_file>
      <input_file id="fl-ea">
         <path>C:\ti\ccs1200\ccs\tools\compiler\ti-cgt-arm_20.2.6.LTS\lib\</path>
         <kind>archive</kind>
         <file>rtsv7M4_T_le_v4SPD16_eabi.lib</file>
         <name>cpy_tbl.c.obj</name>
      </input_file>
      <input_file id="fl-eb">
         <path>C:\ti\ccs1200\ccs\tools\compiler\ti-cgt-arm_20.2.6.LTS\lib\</path>
         <kind>archive</kind>
         <file>rtsv7M4_T_le_v4SPD16_eabi.lib</file>
         <name>exit.c.obj</name>
      </input_file>
      <input_file id="fl-ec">
         <path>C:\ti\ccs1200\ccs\tools\compiler\ti-cgt-arm_20.2.6.LTS\lib\</path>
         <kind>archive</kind>
         <file>rtsv7M4_T_le_v4SPD16_eabi.lib</file>
         <name>_lock.c.obj</name>
      </input_file>
      <input_file id="fl-ed">
         <path>C:\ti\ccs1200\ccs\tools\compiler\ti-cgt-arm_20.2.6.LTS\lib\</path>
         <kind>archive</kind>
         <file>rtsv7M4_T_le_v4SPD16_eabi.lib</file>
         <name>args_main.c.obj</name>
      </input_file>
      <input_file id="fl-ee">
         <path>C:\ti\ccs1200\ccs\tools\compiler\ti-cgt-arm_20.2.6.LTS\lib\</path>
         <kind>archive</kind>
         <file>rtsv7M4_T_le_v4SPD16_eabi.lib</file>
         <name>strcspn.c.obj</name>
      </input_file>
      <input_file id="fl-ef">
         <path>C:\ti\ccs1200\ccs\tools\compiler\ti-cgt-arm_20.2.6.LTS\lib\</path>
         <kind>archive</kind>
         <file>rtsv7M4_T_le_v4SPD16_eabi.lib</file>
         <name>strspn.c.obj</name>
      </input_file>
   </input_file_list>
   <object_component_list>
      <object_component id="oc-12">
         <name>.intvecs</name>
         <load_address>0x0</load_address>
         <run_address>0x0</run_address>
         <size>0x26c</size>
         <input_file_ref idref="fl-7"/>
      </object_component>
      <object_component id="oc-2d">
         <name>.text</name>
         <load_address>0x26c</load_address>
         <run_address>0x26c</run_address>
         <size>0x1184</size>
         <input_file_ref idref="fl-4"/>
      </object_component>
      <object_component id="oc-aa">
         <name>.text:pow</name>
         <load_address>0x13f0</load_address>
         <run_address>0x13f0</run_address>
         <size>0x9d0</size>
         <input_file_ref idref="fl-c3"/>
      </object_component>
      <object_component id="oc-85">
         <name>.text</name>
         <load_address>0x1dc0</load_address>
         <run_address>0x1dc0</run_address>
         <size>0x808</size>
         <input_file_ref idref="fl-3"/>
      </object_component>
      <object_component id="oc-1c3">
         <name>.text:__kernel_rem_pio2</name>
         <load_address>0x25c8</load_address>
         <run_address>0x25c8</run_address>
         <size>0x738</size>
         <input_file_ref idref="fl-d7"/>
      </object_component>
      <object_component id="oc-d7">
         <name>.text:sin</name>
         <load_address>0x2d00</load_address>
         <run_address>0x2d00</run_address>
         <size>0x5e0</size>
         <input_file_ref idref="fl-c7"/>
      </object_component>
      <object_component id="oc-1fc">
         <name>.text:strtod</name>
         <load_address>0x32e0</load_address>
         <run_address>0x32e0</run_address>
         <size>0x460</size>
         <input_file_ref idref="fl-dd"/>
      </object_component>
      <object_component id="oc-b5">
         <name>.text</name>
         <load_address>0x3740</load_address>
         <run_address>0x3740</run_address>
         <size>0x1b6</size>
         <input_file_ref idref="fl-c9"/>
      </object_component>
      <object_component id="oc-261">
         <name>.text:_nop</name>
         <load_address>0x38f6</load_address>
         <run_address>0x38f6</run_address>
         <size>0x2</size>
         <input_file_ref idref="fl-ec"/>
      </object_component>
      <object_component id="oc-1bd">
         <name>.text:__kernel_sin</name>
         <load_address>0x38f8</load_address>
         <run_address>0x38f8</run_address>
         <size>0x174</size>
         <input_file_ref idref="fl-e3"/>
      </object_component>
      <object_component id="oc-1c9">
         <name>.text:__kernel_cos</name>
         <load_address>0x3a6c</load_address>
         <run_address>0x3a6c</run_address>
         <size>0x170</size>
         <input_file_ref idref="fl-e2"/>
      </object_component>
      <object_component id="oc-cc">
         <name>.text</name>
         <load_address>0x3bdc</load_address>
         <run_address>0x3bdc</run_address>
         <size>0x160</size>
         <input_file_ref idref="fl-6"/>
      </object_component>
      <object_component id="oc-18e">
         <name>.text:sqrt</name>
         <load_address>0x3d3c</load_address>
         <run_address>0x3d3c</run_address>
         <size>0x158</size>
         <input_file_ref idref="fl-c4"/>
      </object_component>
      <object_component id="oc-90">
         <name>.text</name>
         <load_address>0x3e94</load_address>
         <run_address>0x3e94</run_address>
         <size>0x136</size>
         <input_file_ref idref="fl-cb"/>
      </object_component>
      <object_component id="oc-17d">
         <name>.text</name>
         <load_address>0x3fca</load_address>
         <run_address>0x3fca</run_address>
         <size>0x2</size>
         <input_file_ref idref="fl-e5"/>
      </object_component>
      <object_component id="oc-c6">
         <name>.text</name>
         <load_address>0x3fcc</load_address>
         <run_address>0x3fcc</run_address>
         <size>0x128</size>
         <input_file_ref idref="fl-8"/>
      </object_component>
      <object_component id="oc-1a7">
         <name>.text:scalbn</name>
         <load_address>0x40f4</load_address>
         <run_address>0x40f4</run_address>
         <size>0x110</size>
         <input_file_ref idref="fl-c6"/>
      </object_component>
      <object_component id="oc-b0">
         <name>.text</name>
         <load_address>0x4204</load_address>
         <run_address>0x4204</run_address>
         <size>0xfc</size>
         <input_file_ref idref="fl-cc"/>
      </object_component>
      <object_component id="oc-15d">
         <name>.text:floor</name>
         <load_address>0x4300</load_address>
         <run_address>0x4300</run_address>
         <size>0xf8</size>
         <input_file_ref idref="fl-e4"/>
      </object_component>
      <object_component id="oc-7f">
         <name>.text</name>
         <load_address>0x43f8</load_address>
         <run_address>0x43f8</run_address>
         <size>0xd4</size>
         <input_file_ref idref="fl-5"/>
      </object_component>
      <object_component id="oc-74">
         <name>.text:round</name>
         <load_address>0x44cc</load_address>
         <run_address>0x44cc</run_address>
         <size>0xc4</size>
         <input_file_ref idref="fl-c5"/>
      </object_component>
      <object_component id="oc-41">
         <name>.text</name>
         <load_address>0x4590</load_address>
         <run_address>0x4590</run_address>
         <size>0x9c</size>
         <input_file_ref idref="fl-e6"/>
      </object_component>
      <object_component id="oc-163">
         <name>.text:__aeabi_cdcmple</name>
         <load_address>0x462c</load_address>
         <run_address>0x462c</run_address>
         <size>0x86</size>
         <input_file_ref idref="fl-ca"/>
      </object_component>
      <object_component id="oc-1a2">
         <name>.text:__aeabi_cdrcmple</name>
         <load_address>0x46b2</load_address>
         <run_address>0x46b2</run_address>
         <size>0x86</size>
         <input_file_ref idref="fl-ca"/>
      </object_component>
      <object_component id="oc-145">
         <name>.text</name>
         <load_address>0x4738</load_address>
         <run_address>0x4738</run_address>
         <size>0x7a</size>
         <input_file_ref idref="fl-e7"/>
      </object_component>
      <object_component id="oc-ba">
         <name>.text</name>
         <load_address>0x47b2</load_address>
         <run_address>0x47b2</run_address>
         <size>0x6e</size>
         <input_file_ref idref="fl-ce"/>
      </object_component>
      <object_component id="oc-15">
         <name>.text:decompress:lzss:__TI_decompress_lzss</name>
         <load_address>0x4820</load_address>
         <run_address>0x4820</run_address>
         <size>0x68</size>
         <input_file_ref idref="fl-d6"/>
      </object_component>
      <object_component id="oc-9b">
         <name>.text</name>
         <load_address>0x4888</load_address>
         <run_address>0x4888</run_address>
         <size>0x5e</size>
         <input_file_ref idref="fl-d3"/>
      </object_component>
      <object_component id="oc-10f">
         <name>.text:atoi</name>
         <load_address>0x48e8</load_address>
         <run_address>0x48e8</run_address>
         <size>0x4c</size>
         <input_file_ref idref="fl-d9"/>
      </object_component>
      <object_component id="oc-dd">
         <name>.text</name>
         <load_address>0x4934</load_address>
         <run_address>0x4934</run_address>
         <size>0x48</size>
         <input_file_ref idref="fl-cd"/>
      </object_component>
      <object_component id="oc-226">
         <name>.text:__TI_auto_init_nobinit_nopinit:__TI_auto_init_nobinit_nopinit</name>
         <load_address>0x497c</load_address>
         <run_address>0x497c</run_address>
         <size>0x44</size>
         <input_file_ref idref="fl-e8"/>
      </object_component>
      <object_component id="oc-7a">
         <name>.text</name>
         <load_address>0x49c0</load_address>
         <run_address>0x49c0</run_address>
         <size>0x44</size>
         <input_file_ref idref="fl-cf"/>
      </object_component>
      <object_component id="oc-e3">
         <name>.text:strtok</name>
         <load_address>0x4a04</load_address>
         <run_address>0x4a04</run_address>
         <size>0x40</size>
         <input_file_ref idref="fl-de"/>
      </object_component>
      <object_component id="oc-8b">
         <name>.text</name>
         <load_address>0x4a44</load_address>
         <run_address>0x4a44</run_address>
         <size>0x38</size>
         <input_file_ref idref="fl-d0"/>
      </object_component>
      <object_component id="oc-5f">
         <name>.text:_c_int00_noargs:_c_int00_noargs</name>
         <load_address>0x4a7c</load_address>
         <run_address>0x4a7c</run_address>
         <size>0x34</size>
         <input_file_ref idref="fl-e1"/>
      </object_component>
      <object_component id="oc-95">
         <name>.text:rand</name>
         <load_address>0x4ab0</load_address>
         <run_address>0x4ab0</run_address>
         <size>0x34</size>
         <input_file_ref idref="fl-db"/>
      </object_component>
      <object_component id="oc-19a">
         <name>.text</name>
         <load_address>0x4ae4</load_address>
         <run_address>0x4ae4</run_address>
         <size>0x2e</size>
         <input_file_ref idref="fl-d1"/>
      </object_component>
      <object_component id="oc-1d2">
         <name>.text:strspn</name>
         <load_address>0x4b12</load_address>
         <run_address>0x4b12</run_address>
         <size>0x2a</size>
         <input_file_ref idref="fl-ef"/>
      </object_component>
      <object_component id="oc-c0">
         <name>.text</name>
         <load_address>0x4b3c</load_address>
         <run_address>0x4b3c</run_address>
         <size>0x24</size>
         <input_file_ref idref="fl-2"/>
      </object_component>
      <object_component id="oc-1d8">
         <name>.text:strcspn</name>
         <load_address>0x4b60</load_address>
         <run_address>0x4b60</run_address>
         <size>0x24</size>
         <input_file_ref idref="fl-ee"/>
      </object_component>
      <object_component id="oc-d2">
         <name>.text</name>
         <load_address>0x4b84</load_address>
         <run_address>0x4b84</run_address>
         <size>0x20</size>
         <input_file_ref idref="fl-d2"/>
      </object_component>
      <object_component id="oc-279">
         <name>.text:copysign</name>
         <load_address>0x4ba4</load_address>
         <run_address>0x4ba4</run_address>
         <size>0x1a</size>
         <input_file_ref idref="fl-c8"/>
      </object_component>
      <object_component id="oc-109">
         <name>.text:strcmp</name>
         <load_address>0x4bbe</load_address>
         <run_address>0x4bbe</run_address>
         <size>0x18</size>
         <input_file_ref idref="fl-dc"/>
      </object_component>
      <object_component id="oc-115">
         <name>.text:atof</name>
         <load_address>0x4bd6</load_address>
         <run_address>0x4bd6</run_address>
         <size>0x12</size>
         <input_file_ref idref="fl-d8"/>
      </object_component>
      <object_component id="oc-103">
         <name>.text:tolower</name>
         <load_address>0x4be8</load_address>
         <run_address>0x4be8</run_address>
         <size>0x10</size>
         <input_file_ref idref="fl-df"/>
      </object_component>
      <object_component id="oc-1b">
         <name>.text:decompress:none:__TI_decompress_none</name>
         <load_address>0x4bf8</load_address>
         <run_address>0x4bf8</run_address>
         <size>0xe</size>
         <input_file_ref idref="fl-d5"/>
      </object_component>
      <object_component id="oc-53">
         <name>.text:decompress:ZI:__TI_zero_init</name>
         <load_address>0x4c06</load_address>
         <run_address>0x4c06</run_address>
         <size>0xc</size>
         <input_file_ref idref="fl-d4"/>
      </object_component>
      <object_component id="oc-27">
         <name>.text</name>
         <load_address>0x4c12</load_address>
         <run_address>0x4c12</run_address>
         <size>0xc</size>
         <input_file_ref idref="fl-7"/>
      </object_component>
      <object_component id="oc-194">
         <name>.text:__aeabi_errno_addr</name>
         <load_address>0x4c20</load_address>
         <run_address>0x4c20</run_address>
         <size>0x8</size>
         <input_file_ref idref="fl-e0"/>
      </object_component>
      <object_component id="oc-14b">
         <name>.text:_system_pre_init</name>
         <load_address>0x4c28</load_address>
         <run_address>0x4c28</run_address>
         <size>0x4</size>
         <input_file_ref idref="fl-e9"/>
      </object_component>
      <object_component id="oc-21a">
         <name>.text:abort:abort</name>
         <load_address>0x4c2c</load_address>
         <run_address>0x4c2c</run_address>
         <size>0x4</size>
         <input_file_ref idref="fl-eb"/>
      </object_component>
      <object_component id="oc-291">
         <name>.const:$O1$$</name>
         <load_address>0x4c30</load_address>
         <run_address>0x4c30</run_address>
         <size>0x158</size>
         <input_file_ref idref="fl-d7"/>
      </object_component>
      <object_component id="oc-1f3">
         <name>.const:.string:_ctypes_</name>
         <load_address>0x4d88</load_address>
         <run_address>0x4d88</run_address>
         <size>0x101</size>
         <input_file_ref idref="fl-da"/>
      </object_component>
      <object_component id="oc-2ac">
         <name>.const:$O1$$</name>
         <load_address>0x4e90</load_address>
         <run_address>0x4e90</run_address>
         <size>0xc8</size>
         <input_file_ref idref="fl-dd"/>
      </object_component>
      <object_component id="oc-19f">
         <name>.const:$O1$$</name>
         <load_address>0x4f58</load_address>
         <run_address>0x4f58</run_address>
         <size>0x30</size>
         <input_file_ref idref="fl-c3"/>
      </object_component>
      <object_component id="oc-346">
         <name>.cinit..data.load</name>
         <load_address>0x4f88</load_address>
         <run_address>0x4f88</run_address>
         <size>0x102</size>
      </object_component>
      <object_component id="oc-344">
         <name>__TI_handler_table</name>
         <load_address>0x508c</load_address>
         <run_address>0x508c</run_address>
         <size>0xc</size>
      </object_component>
      <object_component id="oc-347">
         <name>.cinit..bss.load</name>
         <load_address>0x5098</load_address>
         <run_address>0x5098</run_address>
         <size>0x8</size>
      </object_component>
      <object_component id="oc-345">
         <name>__TI_cinit_table</name>
         <load_address>0x50a0</load_address>
         <run_address>0x50a0</run_address>
         <size>0x10</size>
      </object_component>
      <object_component id="oc-a6">
         <name>.data:h_rrc</name>
         <load_address>0x200042a0</load_address>
         <run_address>0x200042a0</run_address>
         <size>0x7c</size>
         <input_file_ref idref="fl-4"/>
      </object_component>
      <object_component id="oc-ea">
         <name>.data:bpskI</name>
         <load_address>0x2000445c</load_address>
         <run_address>0x2000445c</run_address>
         <size>0x8</size>
         <input_file_ref idref="fl-4"/>
      </object_component>
      <object_component id="oc-f7">
         <name>.data:bpskQ</name>
         <load_address>0x20004464</load_address>
         <run_address>0x20004464</run_address>
         <size>0x8</size>
         <input_file_ref idref="fl-4"/>
      </object_component>
      <object_component id="oc-ed">
         <name>.data:qpskI</name>
         <load_address>0x20004434</load_address>
         <run_address>0x20004434</run_address>
         <size>0x10</size>
         <input_file_ref idref="fl-4"/>
      </object_component>
      <object_component id="oc-fa">
         <name>.data:qpskQ</name>
         <load_address>0x20004444</load_address>
         <run_address>0x20004444</run_address>
         <size>0x10</size>
         <input_file_ref idref="fl-4"/>
      </object_component>
      <object_component id="oc-f0">
         <name>.data:psk8I</name>
         <load_address>0x200043f4</load_address>
         <run_address>0x200043f4</run_address>
         <size>0x20</size>
         <input_file_ref idref="fl-4"/>
      </object_component>
      <object_component id="oc-fd">
         <name>.data:psk8Q</name>
         <load_address>0x20004414</load_address>
         <run_address>0x20004414</run_address>
         <size>0x20</size>
         <input_file_ref idref="fl-4"/>
      </object_component>
      <object_component id="oc-f3">
         <name>.data:qam16I</name>
         <load_address>0x20004374</load_address>
         <run_address>0x20004374</run_address>
         <size>0x40</size>
         <input_file_ref idref="fl-4"/>
      </object_component>
      <object_component id="oc-100">
         <name>.data:qam16Q</name>
         <load_address>0x200043b4</load_address>
         <run_address>0x200043b4</run_address>
         <size>0x40</size>
         <input_file_ref idref="fl-4"/>
      </object_component>
      <object_component id="oc-a0">
         <name>.data</name>
         <load_address>0x2000431c</load_address>
         <run_address>0x2000431c</run_address>
         <size>0x55</size>
         <input_file_ref idref="fl-4"/>
      </object_component>
      <object_component id="oc-179">
         <name>.data</name>
         <load_address>0x20004470</load_address>
         <run_address>0x20004470</run_address>
         <size>0x4</size>
         <input_file_ref idref="fl-db"/>
      </object_component>
      <object_component id="oc-1de">
         <name>.data</name>
         <load_address>0x20004474</load_address>
         <run_address>0x20004474</run_address>
         <size>0x4</size>
         <input_file_ref idref="fl-de"/>
      </object_component>
      <object_component id="oc-270">
         <name>.data</name>
         <load_address>0x2000446c</load_address>
         <run_address>0x2000446c</run_address>
         <size>0x4</size>
         <input_file_ref idref="fl-e0"/>
      </object_component>
      <object_component id="oc-176">
         <name>.data:$O1$$</name>
         <load_address>0x20004454</load_address>
         <run_address>0x20004454</run_address>
         <size>0x8</size>
         <input_file_ref idref="fl-ec"/>
      </object_component>
      <object_component id="oc-11b">
         <name>.bss:strInput$1</name>
         <uninitialized>true</uninitialized>
         <run_address>0x20004000</run_address>
         <size>0x54</size>
         <input_file_ref idref="fl-4"/>
      </object_component>
      <object_component id="oc-11c">
         <name>.common:conv_pskI</name>
         <uninitialized>true</uninitialized>
         <run_address>0x20004054</run_address>
         <size>0x10</size>
      </object_component>
      <object_component id="oc-11d">
         <name>.common:conv_pskQ</name>
         <uninitialized>true</uninitialized>
         <run_address>0x20004064</run_address>
         <size>0x10</size>
      </object_component>
      <object_component id="oc-e9">
         <name>.common:pskI</name>
         <uninitialized>true</uninitialized>
         <run_address>0x20004074</run_address>
         <size>0x10</size>
      </object_component>
      <object_component id="oc-f6">
         <name>.common:pskQ</name>
         <uninitialized>true</uninitialized>
         <run_address>0x20004084</run_address>
         <size>0x10</size>
      </object_component>
      <object_component id="oc-a3">
         <name>.common:bufferPtrI</name>
         <uninitialized>true</uninitialized>
         <run_address>0x20004094</run_address>
         <size>0x4</size>
      </object_component>
      <object_component id="oc-a9">
         <name>.common:bufferPtrQ</name>
         <uninitialized>true</uninitialized>
         <run_address>0x20004098</run_address>
         <size>0x4</size>
      </object_component>
      <object_component id="oc-e2">
         <name>.common:LUTA</name>
         <uninitialized>true</uninitialized>
         <run_address>0x20000000</run_address>
         <size>0x2000</size>
      </object_component>
      <object_component id="oc-bf">
         <name>.common:LUTB</name>
         <uninitialized>true</uninitialized>
         <run_address>0x20002000</run_address>
         <size>0x2000</size>
      </object_component>
      <object_component id="oc-24">
         <name>.stack</name>
         <uninitialized>true</uninitialized>
         <run_address>0x200040a0</run_address>
         <size>0x4</size>
         <input_file_ref idref="fl-e1"/>
      </object_component>
      <object_component id="oc-349">
         <name>.stack</name>
         <uninitialized>true</uninitialized>
         <run_address>0x200040a0</run_address>
         <size>0x0</size>
      </object_component>
      <object_component id="oc-209">
         <name>.debug_info</name>
         <load_address>0x0</load_address>
         <run_address>0x0</run_address>
         <size>0x258</size>
         <input_file_ref idref="fl-2"/>
      </object_component>
      <object_component id="oc-c1">
         <name>.debug_info</name>
         <load_address>0x258</load_address>
         <run_address>0x258</run_address>
         <size>0x176</size>
         <input_file_ref idref="fl-2"/>
      </object_component>
      <object_component id="oc-12b">
         <name>.debug_info</name>
         <load_address>0x3ce</load_address>
         <run_address>0x3ce</run_address>
         <size>0x26b</size>
         <input_file_ref idref="fl-2"/>
      </object_component>
      <object_component id="oc-3c">
         <name>.debug_info</name>
         <load_address>0x639</load_address>
         <run_address>0x639</run_address>
         <size>0x84</size>
         <input_file_ref idref="fl-2"/>
      </object_component>
      <object_component id="oc-204">
         <name>.debug_info</name>
         <load_address>0x6bd</load_address>
         <run_address>0x6bd</run_address>
         <size>0x2a4</size>
         <input_file_ref idref="fl-2"/>
      </object_component>
      <object_component id="oc-124">
         <name>.debug_info</name>
         <load_address>0x961</load_address>
         <run_address>0x961</run_address>
         <size>0xbb</size>
         <input_file_ref idref="fl-2"/>
      </object_component>
      <object_component id="oc-173">
         <name>.debug_info</name>
         <load_address>0xa1c</load_address>
         <run_address>0xa1c</run_address>
         <size>0x25d</size>
         <input_file_ref idref="fl-3"/>
      </object_component>
      <object_component id="oc-89">
         <name>.debug_info</name>
         <load_address>0xc79</load_address>
         <run_address>0xc79</run_address>
         <size>0x10e3</size>
         <input_file_ref idref="fl-3"/>
      </object_component>
      <object_component id="oc-16e">
         <name>.debug_info</name>
         <load_address>0x1d5c</load_address>
         <run_address>0x1d5c</run_address>
         <size>0x88</size>
         <input_file_ref idref="fl-3"/>
      </object_component>
      <object_component id="oc-11f">
         <name>.debug_info</name>
         <load_address>0x1de4</load_address>
         <run_address>0x1de4</run_address>
         <size>0x8b</size>
         <input_file_ref idref="fl-3"/>
      </object_component>
      <object_component id="oc-a4">
         <name>.debug_info</name>
         <load_address>0x1e6f</load_address>
         <run_address>0x1e6f</run_address>
         <size>0x913</size>
         <input_file_ref idref="fl-4"/>
      </object_component>
      <object_component id="oc-a7">
         <name>.debug_info</name>
         <load_address>0x2782</load_address>
         <run_address>0x2782</run_address>
         <size>0xcb</size>
         <input_file_ref idref="fl-4"/>
      </object_component>
      <object_component id="oc-eb">
         <name>.debug_info</name>
         <load_address>0x284d</load_address>
         <run_address>0x284d</run_address>
         <size>0xcb</size>
         <input_file_ref idref="fl-4"/>
      </object_component>
      <object_component id="oc-f8">
         <name>.debug_info</name>
         <load_address>0x2918</load_address>
         <run_address>0x2918</run_address>
         <size>0xcb</size>
         <input_file_ref idref="fl-4"/>
      </object_component>
      <object_component id="oc-ee">
         <name>.debug_info</name>
         <load_address>0x29e3</load_address>
         <run_address>0x29e3</run_address>
         <size>0xcb</size>
         <input_file_ref idref="fl-4"/>
      </object_component>
      <object_component id="oc-fb">
         <name>.debug_info</name>
         <load_address>0x2aae</load_address>
         <run_address>0x2aae</run_address>
         <size>0xcb</size>
         <input_file_ref idref="fl-4"/>
      </object_component>
      <object_component id="oc-f1">
         <name>.debug_info</name>
         <load_address>0x2b79</load_address>
         <run_address>0x2b79</run_address>
         <size>0xcb</size>
         <input_file_ref idref="fl-4"/>
      </object_component>
      <object_component id="oc-fe">
         <name>.debug_info</name>
         <load_address>0x2c44</load_address>
         <run_address>0x2c44</run_address>
         <size>0xcb</size>
         <input_file_ref idref="fl-4"/>
      </object_component>
      <object_component id="oc-f4">
         <name>.debug_info</name>
         <load_address>0x2d0f</load_address>
         <run_address>0x2d0f</run_address>
         <size>0xcd</size>
         <input_file_ref idref="fl-4"/>
      </object_component>
      <object_component id="oc-101">
         <name>.debug_info</name>
         <load_address>0x2ddc</load_address>
         <run_address>0x2ddc</run_address>
         <size>0xcd</size>
         <input_file_ref idref="fl-4"/>
      </object_component>
      <object_component id="oc-a1">
         <name>.debug_info</name>
         <load_address>0x2ea9</load_address>
         <run_address>0x2ea9</run_address>
         <size>0x3ae</size>
         <input_file_ref idref="fl-4"/>
      </object_component>
      <object_component id="oc-2e">
         <name>.debug_info</name>
         <load_address>0x3257</load_address>
         <run_address>0x3257</run_address>
         <size>0xf3e</size>
         <input_file_ref idref="fl-4"/>
      </object_component>
      <object_component id="oc-187">
         <name>.debug_info</name>
         <load_address>0x4195</load_address>
         <run_address>0x4195</run_address>
         <size>0x35</size>
         <input_file_ref idref="fl-4"/>
      </object_component>
      <object_component id="oc-16c">
         <name>.debug_info</name>
         <load_address>0x41ca</load_address>
         <run_address>0x41ca</run_address>
         <size>0x262</size>
         <input_file_ref idref="fl-5"/>
      </object_component>
      <object_component id="oc-83">
         <name>.debug_info</name>
         <load_address>0x442c</load_address>
         <run_address>0x442c</run_address>
         <size>0x2fe</size>
         <input_file_ref idref="fl-5"/>
      </object_component>
      <object_component id="oc-cd">
         <name>.debug_info</name>
         <load_address>0x472a</load_address>
         <run_address>0x472a</run_address>
         <size>0x44f</size>
         <input_file_ref idref="fl-6"/>
      </object_component>
      <object_component id="oc-35">
         <name>.debug_info</name>
         <load_address>0x4b79</load_address>
         <run_address>0x4b79</run_address>
         <size>0x2cd</size>
         <input_file_ref idref="fl-7"/>
      </object_component>
      <object_component id="oc-13">
         <name>.debug_info</name>
         <load_address>0x4e46</load_address>
         <run_address>0x4e46</run_address>
         <size>0xe8</size>
         <input_file_ref idref="fl-7"/>
      </object_component>
      <object_component id="oc-2a">
         <name>.debug_info</name>
         <load_address>0x4f2e</load_address>
         <run_address>0x4f2e</run_address>
         <size>0x264</size>
         <input_file_ref idref="fl-7"/>
      </object_component>
      <object_component id="oc-1ba">
         <name>.debug_info</name>
         <load_address>0x5192</load_address>
         <run_address>0x5192</run_address>
         <size>0x348</size>
         <input_file_ref idref="fl-8"/>
      </object_component>
      <object_component id="oc-c9">
         <name>.debug_info</name>
         <load_address>0x54da</load_address>
         <run_address>0x54da</run_address>
         <size>0x3c1</size>
         <input_file_ref idref="fl-8"/>
      </object_component>
      <object_component id="oc-1b3">
         <name>.debug_info</name>
         <load_address>0x589b</load_address>
         <run_address>0x589b</run_address>
         <size>0x35e</size>
         <input_file_ref idref="fl-c3"/>
      </object_component>
      <object_component id="oc-1a0">
         <name>.debug_info</name>
         <load_address>0x5bf9</load_address>
         <run_address>0x5bf9</run_address>
         <size>0x128</size>
         <input_file_ref idref="fl-c3"/>
      </object_component>
      <object_component id="oc-ad">
         <name>.debug_info</name>
         <load_address>0x5d21</load_address>
         <run_address>0x5d21</run_address>
         <size>0xbf2</size>
         <input_file_ref idref="fl-c3"/>
      </object_component>
      <object_component id="oc-286">
         <name>.debug_info</name>
         <load_address>0x6913</load_address>
         <run_address>0x6913</run_address>
         <size>0x46</size>
         <input_file_ref idref="fl-c3"/>
      </object_component>
      <object_component id="oc-1ae">
         <name>.debug_info</name>
         <load_address>0x6959</load_address>
         <run_address>0x6959</run_address>
         <size>0x39</size>
         <input_file_ref idref="fl-c3"/>
      </object_component>
      <object_component id="oc-26f">
         <name>.debug_info</name>
         <load_address>0x6992</load_address>
         <run_address>0x6992</run_address>
         <size>0x2c5</size>
         <input_file_ref idref="fl-c4"/>
      </object_component>
      <object_component id="oc-191">
         <name>.debug_info</name>
         <load_address>0x6c57</load_address>
         <run_address>0x6c57</run_address>
         <size>0x24e</size>
         <input_file_ref idref="fl-c4"/>
      </object_component>
      <object_component id="oc-169">
         <name>.debug_info</name>
         <load_address>0x6ea5</load_address>
         <run_address>0x6ea5</run_address>
         <size>0x2ab</size>
         <input_file_ref idref="fl-c5"/>
      </object_component>
      <object_component id="oc-78">
         <name>.debug_info</name>
         <load_address>0x7150</load_address>
         <run_address>0x7150</run_address>
         <size>0x214</size>
         <input_file_ref idref="fl-c5"/>
      </object_component>
      <object_component id="oc-280">
         <name>.debug_info</name>
         <load_address>0x7364</load_address>
         <run_address>0x7364</run_address>
         <size>0x2f8</size>
         <input_file_ref idref="fl-c6"/>
      </object_component>
      <object_component id="oc-1a8">
         <name>.debug_info</name>
         <load_address>0x765c</load_address>
         <run_address>0x765c</run_address>
         <size>0x225</size>
         <input_file_ref idref="fl-c6"/>
      </object_component>
      <object_component id="oc-2e1">
         <name>.debug_info</name>
         <load_address>0x7881</load_address>
         <run_address>0x7881</run_address>
         <size>0x39</size>
         <input_file_ref idref="fl-c6"/>
      </object_component>
      <object_component id="oc-281">
         <name>.debug_info</name>
         <load_address>0x78ba</load_address>
         <run_address>0x78ba</run_address>
         <size>0x2c</size>
         <input_file_ref idref="fl-c6"/>
      </object_component>
      <object_component id="oc-1d0">
         <name>.debug_info</name>
         <load_address>0x78e6</load_address>
         <run_address>0x78e6</run_address>
         <size>0x361</size>
         <input_file_ref idref="fl-c7"/>
      </object_component>
      <object_component id="oc-d8">
         <name>.debug_info</name>
         <load_address>0x7c47</load_address>
         <run_address>0x7c47</run_address>
         <size>0x7ae</size>
         <input_file_ref idref="fl-c7"/>
      </object_component>
      <object_component id="oc-27a">
         <name>.debug_info</name>
         <load_address>0x83f5</load_address>
         <run_address>0x83f5</run_address>
         <size>0x161</size>
         <input_file_ref idref="fl-c8"/>
      </object_component>
      <object_component id="oc-b8">
         <name>.debug_info</name>
         <load_address>0x8556</load_address>
         <run_address>0x8556</run_address>
         <size>0x14c</size>
         <input_file_ref idref="fl-c9"/>
      </object_component>
      <object_component id="oc-164">
         <name>.debug_info</name>
         <load_address>0x86a2</load_address>
         <run_address>0x86a2</run_address>
         <size>0x128</size>
         <input_file_ref idref="fl-ca"/>
      </object_component>
      <object_component id="oc-1a4">
         <name>.debug_info</name>
         <load_address>0x87ca</load_address>
         <run_address>0x87ca</run_address>
         <size>0x12a</size>
         <input_file_ref idref="fl-ca"/>
      </object_component>
      <object_component id="oc-93">
         <name>.debug_info</name>
         <load_address>0x88f4</load_address>
         <run_address>0x88f4</run_address>
         <size>0x13a</size>
         <input_file_ref idref="fl-cb"/>
      </object_component>
      <object_component id="oc-b1">
         <name>.debug_info</name>
         <load_address>0x8a2e</load_address>
         <run_address>0x8a2e</run_address>
         <size>0x13a</size>
         <input_file_ref idref="fl-cc"/>
      </object_component>
      <object_component id="oc-e0">
         <name>.debug_info</name>
         <load_address>0x8b68</load_address>
         <run_address>0x8b68</run_address>
         <size>0x12e</size>
         <input_file_ref idref="fl-cd"/>
      </object_component>
      <object_component id="oc-bb">
         <name>.debug_info</name>
         <load_address>0x8c96</load_address>
         <run_address>0x8c96</run_address>
         <size>0x13e</size>
         <input_file_ref idref="fl-ce"/>
      </object_component>
      <object_component id="oc-7b">
         <name>.debug_info</name>
         <load_address>0x8dd4</load_address>
         <run_address>0x8dd4</run_address>
         <size>0x139</size>
         <input_file_ref idref="fl-cf"/>
      </object_component>
      <object_component id="oc-8e">
         <name>.debug_info</name>
         <load_address>0x8f0d</load_address>
         <run_address>0x8f0d</run_address>
         <size>0x12c</size>
         <input_file_ref idref="fl-d0"/>
      </object_component>
      <object_component id="oc-19c">
         <name>.debug_info</name>
         <load_address>0x9039</load_address>
         <run_address>0x9039</run_address>
         <size>0x12c</size>
         <input_file_ref idref="fl-d1"/>
      </object_component>
      <object_component id="oc-d4">
         <name>.debug_info</name>
         <load_address>0x9165</load_address>
         <run_address>0x9165</run_address>
         <size>0x12e</size>
         <input_file_ref idref="fl-d2"/>
      </object_component>
      <object_component id="oc-9e">
         <name>.debug_info</name>
         <load_address>0x9293</load_address>
         <run_address>0x9293</run_address>
         <size>0x140</size>
         <input_file_ref idref="fl-d3"/>
      </object_component>
      <object_component id="oc-144">
         <name>.debug_info</name>
         <load_address>0x93d3</load_address>
         <run_address>0x93d3</run_address>
         <size>0x2d4</size>
         <input_file_ref idref="fl-d4"/>
      </object_component>
      <object_component id="oc-54">
         <name>.debug_info</name>
         <load_address>0x96a7</load_address>
         <run_address>0x96a7</run_address>
         <size>0x1b5</size>
         <input_file_ref idref="fl-d4"/>
      </object_component>
      <object_component id="oc-13f">
         <name>.debug_info</name>
         <load_address>0x985c</load_address>
         <run_address>0x985c</run_address>
         <size>0x46</size>
         <input_file_ref idref="fl-d4"/>
      </object_component>
      <object_component id="oc-211">
         <name>.debug_info</name>
         <load_address>0x98a2</load_address>
         <run_address>0x98a2</run_address>
         <size>0x2c</size>
         <input_file_ref idref="fl-d4"/>
      </object_component>
      <object_component id="oc-4c">
         <name>.debug_info</name>
         <load_address>0x98ce</load_address>
         <run_address>0x98ce</run_address>
         <size>0x2a8</size>
         <input_file_ref idref="fl-d5"/>
      </object_component>
      <object_component id="oc-1f">
         <name>.debug_info</name>
         <load_address>0x9b76</load_address>
         <run_address>0x9b76</run_address>
         <size>0x1ea</size>
         <input_file_ref idref="fl-d5"/>
      </object_component>
      <object_component id="oc-47">
         <name>.debug_info</name>
         <load_address>0x9d60</load_address>
         <run_address>0x9d60</run_address>
         <size>0x46</size>
         <input_file_ref idref="fl-d5"/>
      </object_component>
      <object_component id="oc-137">
         <name>.debug_info</name>
         <load_address>0x9da6</load_address>
         <run_address>0x9da6</run_address>
         <size>0x2c</size>
         <input_file_ref idref="fl-d5"/>
      </object_component>
      <object_component id="oc-135">
         <name>.debug_info</name>
         <load_address>0x9dd2</load_address>
         <run_address>0x9dd2</run_address>
         <size>0x29e</size>
         <input_file_ref idref="fl-d6"/>
      </object_component>
      <object_component id="oc-16">
         <name>.debug_info</name>
         <load_address>0xa070</load_address>
         <run_address>0xa070</run_address>
         <size>0x250</size>
         <input_file_ref idref="fl-d6"/>
      </object_component>
      <object_component id="oc-37">
         <name>.debug_info</name>
         <load_address>0xa2c0</load_address>
         <run_address>0xa2c0</run_address>
         <size>0x60</size>
         <input_file_ref idref="fl-d6"/>
      </object_component>
      <object_component id="oc-20a">
         <name>.debug_info</name>
         <load_address>0xa320</load_address>
         <run_address>0xa320</run_address>
         <size>0x46</size>
         <input_file_ref idref="fl-d6"/>
      </object_component>
      <object_component id="oc-130">
         <name>.debug_info</name>
         <load_address>0xa366</load_address>
         <run_address>0xa366</run_address>
         <size>0x39</size>
         <input_file_ref idref="fl-d6"/>
      </object_component>
      <object_component id="oc-295">
         <name>.debug_info</name>
         <load_address>0xa39f</load_address>
         <run_address>0xa39f</run_address>
         <size>0x3aa</size>
         <input_file_ref idref="fl-d7"/>
      </object_component>
      <object_component id="oc-292">
         <name>.debug_info</name>
         <load_address>0xa749</load_address>
         <run_address>0xa749</run_address>
         <size>0x13a</size>
         <input_file_ref idref="fl-d7"/>
      </object_component>
      <object_component id="oc-1c5">
         <name>.debug_info</name>
         <load_address>0xa883</load_address>
         <run_address>0xa883</run_address>
         <size>0x72f</size>
         <input_file_ref idref="fl-d7"/>
      </object_component>
      <object_component id="oc-203">
         <name>.debug_info</name>
         <load_address>0xafb2</load_address>
         <run_address>0xafb2</run_address>
         <size>0x2c5</size>
         <input_file_ref idref="fl-d8"/>
      </object_component>
      <object_component id="oc-116">
         <name>.debug_info</name>
         <load_address>0xb277</load_address>
         <run_address>0xb277</run_address>
         <size>0x149</size>
         <input_file_ref idref="fl-d8"/>
      </object_component>
      <object_component id="oc-1fb">
         <name>.debug_info</name>
         <load_address>0xb3c0</load_address>
         <run_address>0xb3c0</run_address>
         <size>0x2b9</size>
         <input_file_ref idref="fl-d9"/>
      </object_component>
      <object_component id="oc-113">
         <name>.debug_info</name>
         <load_address>0xb679</load_address>
         <run_address>0xb679</run_address>
         <size>0x17c</size>
         <input_file_ref idref="fl-d9"/>
      </object_component>
      <object_component id="oc-2a5">
         <name>.debug_info</name>
         <load_address>0xb7f5</load_address>
         <run_address>0xb7f5</run_address>
         <size>0xf9</size>
         <input_file_ref idref="fl-da"/>
      </object_component>
      <object_component id="oc-1f4">
         <name>.debug_info</name>
         <load_address>0xb8ee</load_address>
         <run_address>0xb8ee</run_address>
         <size>0x105</size>
         <input_file_ref idref="fl-da"/>
      </object_component>
      <object_component id="oc-17a">
         <name>.debug_info</name>
         <load_address>0xb9f3</load_address>
         <run_address>0xb9f3</run_address>
         <size>0xfb</size>
         <input_file_ref idref="fl-db"/>
      </object_component>
      <object_component id="oc-99">
         <name>.debug_info</name>
         <load_address>0xbaee</load_address>
         <run_address>0xbaee</run_address>
         <size>0x13d</size>
         <input_file_ref idref="fl-db"/>
      </object_component>
      <object_component id="oc-1f9">
         <name>.debug_info</name>
         <load_address>0xbc2b</load_address>
         <run_address>0xbc2b</run_address>
         <size>0x28a</size>
         <input_file_ref idref="fl-dc"/>
      </object_component>
      <object_component id="oc-10a">
         <name>.debug_info</name>
         <load_address>0xbeb5</load_address>
         <run_address>0xbeb5</run_address>
         <size>0x273</size>
         <input_file_ref idref="fl-dc"/>
      </object_component>
      <object_component id="oc-2b0">
         <name>.debug_info</name>
         <load_address>0xc128</load_address>
         <run_address>0xc128</run_address>
         <size>0x3b1</size>
         <input_file_ref idref="fl-dd"/>
      </object_component>
      <object_component id="oc-2ad">
         <name>.debug_info</name>
         <load_address>0xc4d9</load_address>
         <run_address>0xc4d9</run_address>
         <size>0x123</size>
         <input_file_ref idref="fl-dd"/>
      </object_component>
      <object_component id="oc-1fd">
         <name>.debug_info</name>
         <load_address>0xc5fc</load_address>
         <run_address>0xc5fc</run_address>
         <size>0x4e0</size>
         <input_file_ref idref="fl-dd"/>
      </object_component>
      <object_component id="oc-1e2">
         <name>.debug_info</name>
         <load_address>0xcadc</load_address>
         <run_address>0xcadc</run_address>
         <size>0x2fe</size>
         <input_file_ref idref="fl-de"/>
      </object_component>
      <object_component id="oc-1df">
         <name>.debug_info</name>
         <load_address>0xcdda</load_address>
         <run_address>0xcdda</run_address>
         <size>0x105</size>
         <input_file_ref idref="fl-de"/>
      </object_component>
      <object_component id="oc-e4">
         <name>.debug_info</name>
         <load_address>0xcedf</load_address>
         <run_address>0xcedf</run_address>
         <size>0x1ab</size>
         <input_file_ref idref="fl-de"/>
      </object_component>
      <object_component id="oc-1f7">
         <name>.debug_info</name>
         <load_address>0xd08a</load_address>
         <run_address>0xd08a</run_address>
         <size>0x2b6</size>
         <input_file_ref idref="fl-df"/>
      </object_component>
      <object_component id="oc-105">
         <name>.debug_info</name>
         <load_address>0xd340</load_address>
         <run_address>0xd340</run_address>
         <size>0x154</size>
         <input_file_ref idref="fl-df"/>
      </object_component>
      <object_component id="oc-274">
         <name>.debug_info</name>
         <load_address>0xd494</load_address>
         <run_address>0xd494</run_address>
         <size>0x289</size>
         <input_file_ref idref="fl-e0"/>
      </object_component>
      <object_component id="oc-271">
         <name>.debug_info</name>
         <load_address>0xd71d</load_address>
         <run_address>0xd71d</run_address>
         <size>0x10e</size>
         <input_file_ref idref="fl-e0"/>
      </object_component>
      <object_component id="oc-196">
         <name>.debug_info</name>
         <load_address>0xd82b</load_address>
         <run_address>0xd82b</run_address>
         <size>0x14e</size>
         <input_file_ref idref="fl-e0"/>
      </object_component>
      <object_component id="oc-25">
         <name>.debug_info</name>
         <load_address>0xd979</load_address>
         <run_address>0xd979</run_address>
         <size>0x10b</size>
         <input_file_ref idref="fl-e1"/>
      </object_component>
      <object_component id="oc-63">
         <name>.debug_info</name>
         <load_address>0xda84</load_address>
         <run_address>0xda84</run_address>
         <size>0x1a9</size>
         <input_file_ref idref="fl-e1"/>
      </object_component>
      <object_component id="oc-298">
         <name>.debug_info</name>
         <load_address>0xdc2d</load_address>
         <run_address>0xdc2d</run_address>
         <size>0x288</size>
         <input_file_ref idref="fl-e2"/>
      </object_component>
      <object_component id="oc-1cd">
         <name>.debug_info</name>
         <load_address>0xdeb5</load_address>
         <run_address>0xdeb5</run_address>
         <size>0x327</size>
         <input_file_ref idref="fl-e2"/>
      </object_component>
      <object_component id="oc-290">
         <name>.debug_info</name>
         <load_address>0xe1dc</load_address>
         <run_address>0xe1dc</run_address>
         <size>0x28d</size>
         <input_file_ref idref="fl-e3"/>
      </object_component>
      <object_component id="oc-1be">
         <name>.debug_info</name>
         <load_address>0xe469</load_address>
         <run_address>0xe469</run_address>
         <size>0x380</size>
         <input_file_ref idref="fl-e3"/>
      </object_component>
      <object_component id="oc-259">
         <name>.debug_info</name>
         <load_address>0xe7e9</load_address>
         <run_address>0xe7e9</run_address>
         <size>0x28a</size>
         <input_file_ref idref="fl-e4"/>
      </object_component>
      <object_component id="oc-15f">
         <name>.debug_info</name>
         <load_address>0xea73</load_address>
         <run_address>0xea73</run_address>
         <size>0x22a</size>
         <input_file_ref idref="fl-e4"/>
      </object_component>
      <object_component id="oc-17e">
         <name>.debug_info</name>
         <load_address>0xec9d</load_address>
         <run_address>0xec9d</run_address>
         <size>0x115</size>
         <input_file_ref idref="fl-e5"/>
      </object_component>
      <object_component id="oc-43">
         <name>.debug_info</name>
         <load_address>0xedb2</load_address>
         <run_address>0xedb2</run_address>
         <size>0x119</size>
         <input_file_ref idref="fl-e6"/>
      </object_component>
      <object_component id="oc-148">
         <name>.debug_info</name>
         <load_address>0xeecb</load_address>
         <run_address>0xeecb</run_address>
         <size>0x147</size>
         <input_file_ref idref="fl-e7"/>
      </object_component>
      <object_component id="oc-2be">
         <name>.debug_info</name>
         <load_address>0xf012</load_address>
         <run_address>0xf012</run_address>
         <size>0x4b3</size>
         <input_file_ref idref="fl-e8"/>
      </object_component>
      <object_component id="oc-22a">
         <name>.debug_info</name>
         <load_address>0xf4c5</load_address>
         <run_address>0xf4c5</run_address>
         <size>0x1a6</size>
         <input_file_ref idref="fl-e8"/>
      </object_component>
      <object_component id="oc-2fe">
         <name>.debug_info</name>
         <load_address>0xf66b</load_address>
         <run_address>0xf66b</run_address>
         <size>0x39</size>
         <input_file_ref idref="fl-e8"/>
      </object_component>
      <object_component id="oc-30f">
         <name>.debug_info</name>
         <load_address>0xf6a4</load_address>
         <run_address>0xf6a4</run_address>
         <size>0x39</size>
         <input_file_ref idref="fl-e8"/>
      </object_component>
      <object_component id="oc-303">
         <name>.debug_info</name>
         <load_address>0xf6dd</load_address>
         <run_address>0xf6dd</run_address>
         <size>0x39</size>
         <input_file_ref idref="fl-e8"/>
      </object_component>
      <object_component id="oc-308">
         <name>.debug_info</name>
         <load_address>0xf716</load_address>
         <run_address>0xf716</run_address>
         <size>0xcd</size>
         <input_file_ref idref="fl-e8"/>
      </object_component>
      <object_component id="oc-14c">
         <name>.debug_info</name>
         <load_address>0xf7e3</load_address>
         <run_address>0xf7e3</run_address>
         <size>0x153</size>
         <input_file_ref idref="fl-e9"/>
      </object_component>
      <object_component id="oc-21d">
         <name>.debug_info</name>
         <load_address>0xf936</load_address>
         <run_address>0xf936</run_address>
         <size>0x122</size>
         <input_file_ref idref="fl-eb"/>
      </object_component>
      <object_component id="oc-269">
         <name>.debug_info</name>
         <load_address>0xfa58</load_address>
         <run_address>0xfa58</run_address>
         <size>0x2c9</size>
         <input_file_ref idref="fl-ec"/>
      </object_component>
      <object_component id="oc-177">
         <name>.debug_info</name>
         <load_address>0xfd21</load_address>
         <run_address>0xfd21</run_address>
         <size>0x11e</size>
         <input_file_ref idref="fl-ec"/>
      </object_component>
      <object_component id="oc-264">
         <name>.debug_info</name>
         <load_address>0xfe3f</load_address>
         <run_address>0xfe3f</run_address>
         <size>0x12e</size>
         <input_file_ref idref="fl-ec"/>
      </object_component>
      <object_component id="oc-29e">
         <name>.debug_info</name>
         <load_address>0xff6d</load_address>
         <run_address>0xff6d</run_address>
         <size>0x290</size>
         <input_file_ref idref="fl-ee"/>
      </object_component>
      <object_component id="oc-1da">
         <name>.debug_info</name>
         <load_address>0x101fd</load_address>
         <run_address>0x101fd</run_address>
         <size>0x198</size>
         <input_file_ref idref="fl-ee"/>
      </object_component>
      <object_component id="oc-29c">
         <name>.debug_info</name>
         <load_address>0x10395</load_address>
         <run_address>0x10395</run_address>
         <size>0x295</size>
         <input_file_ref idref="fl-ef"/>
      </object_component>
      <object_component id="oc-1d6">
         <name>.debug_info</name>
         <load_address>0x1062a</load_address>
         <run_address>0x1062a</run_address>
         <size>0x1c3</size>
         <input_file_ref idref="fl-ef"/>
      </object_component>
      <object_component id="oc-34a">
         <name>.debug_info</name>
         <load_address>0x107ed</load_address>
         <run_address>0x107ed</run_address>
         <size>0x9b</size>
      </object_component>
      <object_component id="oc-2b5">
         <name>.debug_line</name>
         <load_address>0x0</load_address>
         <run_address>0x0</run_address>
         <size>0x20</size>
         <input_file_ref idref="fl-2"/>
      </object_component>
      <object_component id="oc-c4">
         <name>.debug_line</name>
         <load_address>0x20</load_address>
         <run_address>0x20</run_address>
         <size>0x5c</size>
         <input_file_ref idref="fl-2"/>
      </object_component>
      <object_component id="oc-12e">
         <name>.debug_line</name>
         <load_address>0x7c</load_address>
         <run_address>0x7c</run_address>
         <size>0x6f</size>
         <input_file_ref idref="fl-2"/>
      </object_component>
      <object_component id="oc-3f">
         <name>.debug_line</name>
         <load_address>0xeb</load_address>
         <run_address>0xeb</run_address>
         <size>0x20</size>
         <input_file_ref idref="fl-2"/>
      </object_component>
      <object_component id="oc-207">
         <name>.debug_line</name>
         <load_address>0x10b</load_address>
         <run_address>0x10b</run_address>
         <size>0x73</size>
         <input_file_ref idref="fl-2"/>
      </object_component>
      <object_component id="oc-127">
         <name>.debug_line</name>
         <load_address>0x17e</load_address>
         <run_address>0x17e</run_address>
         <size>0x70</size>
         <input_file_ref idref="fl-2"/>
      </object_component>
      <object_component id="oc-260">
         <name>.debug_line</name>
         <load_address>0x1ee</load_address>
         <run_address>0x1ee</run_address>
         <size>0x20</size>
         <input_file_ref idref="fl-3"/>
      </object_component>
      <object_component id="oc-87">
         <name>.debug_line</name>
         <load_address>0x20e</load_address>
         <run_address>0x20e</run_address>
         <size>0x3d4</size>
         <input_file_ref idref="fl-3"/>
      </object_component>
      <object_component id="oc-171">
         <name>.debug_line</name>
         <load_address>0x5e2</load_address>
         <run_address>0x5e2</run_address>
         <size>0x2d</size>
         <input_file_ref idref="fl-3"/>
      </object_component>
      <object_component id="oc-122">
         <name>.debug_line</name>
         <load_address>0x60f</load_address>
         <run_address>0x60f</run_address>
         <size>0x20</size>
         <input_file_ref idref="fl-3"/>
      </object_component>
      <object_component id="oc-186">
         <name>.debug_line</name>
         <load_address>0x62f</load_address>
         <run_address>0x62f</run_address>
         <size>0x1b0</size>
         <input_file_ref idref="fl-4"/>
      </object_component>
      <object_component id="oc-18d">
         <name>.debug_line</name>
         <load_address>0x7df</load_address>
         <run_address>0x7df</run_address>
         <size>0x32</size>
         <input_file_ref idref="fl-4"/>
      </object_component>
      <object_component id="oc-1e4">
         <name>.debug_line</name>
         <load_address>0x811</load_address>
         <run_address>0x811</run_address>
         <size>0x32</size>
         <input_file_ref idref="fl-4"/>
      </object_component>
      <object_component id="oc-1ec">
         <name>.debug_line</name>
         <load_address>0x843</load_address>
         <run_address>0x843</run_address>
         <size>0x32</size>
         <input_file_ref idref="fl-4"/>
      </object_component>
      <object_component id="oc-1e6">
         <name>.debug_line</name>
         <load_address>0x875</load_address>
         <run_address>0x875</run_address>
         <size>0x32</size>
         <input_file_ref idref="fl-4"/>
      </object_component>
      <object_component id="oc-1ee">
         <name>.debug_line</name>
         <load_address>0x8a7</load_address>
         <run_address>0x8a7</run_address>
         <size>0x32</size>
         <input_file_ref idref="fl-4"/>
      </object_component>
      <object_component id="oc-1e8">
         <name>.debug_line</name>
         <load_address>0x8d9</load_address>
         <run_address>0x8d9</run_address>
         <size>0x32</size>
         <input_file_ref idref="fl-4"/>
      </object_component>
      <object_component id="oc-1f0">
         <name>.debug_line</name>
         <load_address>0x90b</load_address>
         <run_address>0x90b</run_address>
         <size>0x32</size>
         <input_file_ref idref="fl-4"/>
      </object_component>
      <object_component id="oc-1ea">
         <name>.debug_line</name>
         <load_address>0x93d</load_address>
         <run_address>0x93d</run_address>
         <size>0x32</size>
         <input_file_ref idref="fl-4"/>
      </object_component>
      <object_component id="oc-1f2">
         <name>.debug_line</name>
         <load_address>0x96f</load_address>
         <run_address>0x96f</run_address>
         <size>0x32</size>
         <input_file_ref idref="fl-4"/>
      </object_component>
      <object_component id="oc-184">
         <name>.debug_line</name>
         <load_address>0x9a1</load_address>
         <run_address>0x9a1</run_address>
         <size>0x32</size>
         <input_file_ref idref="fl-4"/>
      </object_component>
      <object_component id="oc-31">
         <name>.debug_line</name>
         <load_address>0x9d3</load_address>
         <run_address>0x9d3</run_address>
         <size>0x39c</size>
         <input_file_ref idref="fl-4"/>
      </object_component>
      <object_component id="oc-18a">
         <name>.debug_line</name>
         <load_address>0xd6f</load_address>
         <run_address>0xd6f</run_address>
         <size>0x74</size>
         <input_file_ref idref="fl-4"/>
      </object_component>
      <object_component id="oc-25e">
         <name>.debug_line</name>
         <load_address>0xde3</load_address>
         <run_address>0xde3</run_address>
         <size>0x20</size>
         <input_file_ref idref="fl-5"/>
      </object_component>
      <object_component id="oc-82">
         <name>.debug_line</name>
         <load_address>0xe03</load_address>
         <run_address>0xe03</run_address>
         <size>0x8d</size>
         <input_file_ref idref="fl-5"/>
      </object_component>
      <object_component id="oc-d0">
         <name>.debug_line</name>
         <load_address>0xe90</load_address>
         <run_address>0xe90</run_address>
         <size>0xdd</size>
         <input_file_ref idref="fl-6"/>
      </object_component>
      <object_component id="oc-12a">
         <name>.debug_line</name>
         <load_address>0xf6d</load_address>
         <run_address>0xf6d</run_address>
         <size>0x41</size>
         <input_file_ref idref="fl-7"/>
      </object_component>
      <object_component id="oc-34">
         <name>.debug_line</name>
         <load_address>0xfae</load_address>
         <run_address>0xfae</run_address>
         <size>0x41</size>
         <input_file_ref idref="fl-7"/>
      </object_component>
      <object_component id="oc-28">
         <name>.debug_line</name>
         <load_address>0xfef</load_address>
         <run_address>0xfef</run_address>
         <size>0xa1</size>
         <input_file_ref idref="fl-7"/>
      </object_component>
      <object_component id="oc-28e">
         <name>.debug_line</name>
         <load_address>0x1090</load_address>
         <run_address>0x1090</run_address>
         <size>0x2d</size>
         <input_file_ref idref="fl-8"/>
      </object_component>
      <object_component id="oc-c8">
         <name>.debug_line</name>
         <load_address>0x10bd</load_address>
         <run_address>0x10bd</run_address>
         <size>0xe6</size>
         <input_file_ref idref="fl-8"/>
      </object_component>
      <object_component id="oc-28c">
         <name>.debug_line</name>
         <load_address>0x11a3</load_address>
         <run_address>0x11a3</run_address>
         <size>0x9b</size>
         <input_file_ref idref="fl-c3"/>
      </object_component>
      <object_component id="oc-277">
         <name>.debug_line</name>
         <load_address>0x123e</load_address>
         <run_address>0x123e</run_address>
         <size>0x2b</size>
         <input_file_ref idref="fl-c3"/>
      </object_component>
      <object_component id="oc-af">
         <name>.debug_line</name>
         <load_address>0x1269</load_address>
         <run_address>0x1269</run_address>
         <size>0x2b6</size>
         <input_file_ref idref="fl-c3"/>
      </object_component>
      <object_component id="oc-289">
         <name>.debug_line</name>
         <load_address>0x151f</load_address>
         <run_address>0x151f</run_address>
         <size>0x9a</size>
         <input_file_ref idref="fl-c3"/>
      </object_component>
      <object_component id="oc-1b1">
         <name>.debug_line</name>
         <load_address>0x15b9</load_address>
         <run_address>0x15b9</run_address>
         <size>0x97</size>
         <input_file_ref idref="fl-c3"/>
      </object_component>
      <object_component id="oc-2d9">
         <name>.debug_line</name>
         <load_address>0x1650</load_address>
         <run_address>0x1650</run_address>
         <size>0x91</size>
         <input_file_ref idref="fl-c4"/>
      </object_component>
      <object_component id="oc-190">
         <name>.debug_line</name>
         <load_address>0x16e1</load_address>
         <run_address>0x16e1</run_address>
         <size>0x13f</size>
         <input_file_ref idref="fl-c4"/>
      </object_component>
      <object_component id="oc-25c">
         <name>.debug_line</name>
         <load_address>0x1820</load_address>
         <run_address>0x1820</run_address>
         <size>0x2a</size>
         <input_file_ref idref="fl-c5"/>
      </object_component>
      <object_component id="oc-77">
         <name>.debug_line</name>
         <load_address>0x184a</load_address>
         <run_address>0x184a</run_address>
         <size>0x7a</size>
         <input_file_ref idref="fl-c5"/>
      </object_component>
      <object_component id="oc-2e0">
         <name>.debug_line</name>
         <load_address>0x18c4</load_address>
         <run_address>0x18c4</run_address>
         <size>0x9b</size>
         <input_file_ref idref="fl-c6"/>
      </object_component>
      <object_component id="oc-1ab">
         <name>.debug_line</name>
         <load_address>0x195f</load_address>
         <run_address>0x195f</run_address>
         <size>0xa4</size>
         <input_file_ref idref="fl-c6"/>
      </object_component>
      <object_component id="oc-2e4">
         <name>.debug_line</name>
         <load_address>0x1a03</load_address>
         <run_address>0x1a03</run_address>
         <size>0x9a</size>
         <input_file_ref idref="fl-c6"/>
      </object_component>
      <object_component id="oc-284">
         <name>.debug_line</name>
         <load_address>0x1a9d</load_address>
         <run_address>0x1a9d</run_address>
         <size>0x97</size>
         <input_file_ref idref="fl-c6"/>
      </object_component>
      <object_component id="oc-29a">
         <name>.debug_line</name>
         <load_address>0x1b34</load_address>
         <run_address>0x1b34</run_address>
         <size>0x32</size>
         <input_file_ref idref="fl-c7"/>
      </object_component>
      <object_component id="oc-db">
         <name>.debug_line</name>
         <load_address>0x1b66</load_address>
         <run_address>0x1b66</run_address>
         <size>0x218</size>
         <input_file_ref idref="fl-c7"/>
      </object_component>
      <object_component id="oc-27d">
         <name>.debug_line</name>
         <load_address>0x1d7e</load_address>
         <run_address>0x1d7e</run_address>
         <size>0x45</size>
         <input_file_ref idref="fl-c8"/>
      </object_component>
      <object_component id="oc-b6">
         <name>.debug_line</name>
         <load_address>0x1dc3</load_address>
         <run_address>0x1dc3</run_address>
         <size>0xd2</size>
         <input_file_ref idref="fl-c9"/>
      </object_component>
      <object_component id="oc-167">
         <name>.debug_line</name>
         <load_address>0x1e95</load_address>
         <run_address>0x1e95</run_address>
         <size>0x77</size>
         <input_file_ref idref="fl-ca"/>
      </object_component>
      <object_component id="oc-1a3">
         <name>.debug_line</name>
         <load_address>0x1f0c</load_address>
         <run_address>0x1f0c</run_address>
         <size>0x77</size>
         <input_file_ref idref="fl-ca"/>
      </object_component>
      <object_component id="oc-91">
         <name>.debug_line</name>
         <load_address>0x1f83</load_address>
         <run_address>0x1f83</run_address>
         <size>0xa8</size>
         <input_file_ref idref="fl-cb"/>
      </object_component>
      <object_component id="oc-b4">
         <name>.debug_line</name>
         <load_address>0x202b</load_address>
         <run_address>0x202b</run_address>
         <size>0x8e</size>
         <input_file_ref idref="fl-cc"/>
      </object_component>
      <object_component id="oc-de">
         <name>.debug_line</name>
         <load_address>0x20b9</load_address>
         <run_address>0x20b9</run_address>
         <size>0x5a</size>
         <input_file_ref idref="fl-cd"/>
      </object_component>
      <object_component id="oc-be">
         <name>.debug_line</name>
         <load_address>0x2113</load_address>
         <run_address>0x2113</run_address>
         <size>0x67</size>
         <input_file_ref idref="fl-ce"/>
      </object_component>
      <object_component id="oc-7e">
         <name>.debug_line</name>
         <load_address>0x217a</load_address>
         <run_address>0x217a</run_address>
         <size>0x59</size>
         <input_file_ref idref="fl-cf"/>
      </object_component>
      <object_component id="oc-8d">
         <name>.debug_line</name>
         <load_address>0x21d3</load_address>
         <run_address>0x21d3</run_address>
         <size>0x57</size>
         <input_file_ref idref="fl-d0"/>
      </object_component>
      <object_component id="oc-19e">
         <name>.debug_line</name>
         <load_address>0x222a</load_address>
         <run_address>0x222a</run_address>
         <size>0x50</size>
         <input_file_ref idref="fl-d1"/>
      </object_component>
      <object_component id="oc-d6">
         <name>.debug_line</name>
         <load_address>0x227a</load_address>
         <run_address>0x227a</run_address>
         <size>0x4c</size>
         <input_file_ref idref="fl-d2"/>
      </object_component>
      <object_component id="oc-9d">
[...]
         <object_component_ref idref="oc-a0"/>
      </symbol>
      <symbol id="sm-27c">
         <name>qpskQ</name>
         <value>0x20004444</value>
         <object_component_ref idref="oc-fa"/>
      </symbol>
      <symbol id="sm-27d">
         <name>qpskI</name>
         <value>0x20004434</value>
         <object_component_ref idref="oc-ed"/>
      </symbol>
      <symbol id="sm-27e">
         <name>setSymbolRate</name>
         <value>0x2e1</value>
         <object_component_ref idref="oc-2d"/>
      </symbol>
      <symbol id="sm-27f">
         <name>degreeShift</name>
         <value>0x20004330</value>
         <object_component_ref idref="oc-a0"/>
      </symbol>
      <symbol id="sm-280">
         <name>check1</name>
         <value>0x20004360</value>
         <object_component_ref idref="oc-a0"/>
      </symbol>
      <symbol id="sm-281">
         <name>check2</name>
         <value>0x20004364</value>
         <object_component_ref idref="oc-a0"/>
      </symbol>
      <symbol id="sm-282">
         <name>initHw</name>
         <value>0x881</value>
         <object_component_ref idref="oc-2d"/>
      </symbol>
      <symbol id="sm-283">
         <name>bpskQ</name>
         <value>0x20004464</value>
         <object_component_ref idref="oc-f7"/>
      </symbol>
      <symbol id="sm-284">
         <name>bpskI</name>
         <value>0x2000445c</value>
         <object_component_ref idref="oc-ea"/>
      </symbol>
      <symbol id="sm-285">
         <name>modIndex</name>
         <value>0x2000433c</value>
         <object_component_ref idref="oc-a0"/>
      </symbol>
      <symbol id="sm-286">
         <name>isDC</name>
         <value>0x2000434c</value>
         <object_component_ref idref="oc-a0"/>
      </symbol>
      <symbol id="sm-287">
         <name>qam16Q</name>
         <value>0x200043b4</value>
         <object_component_ref idref="oc-100"/>
      </symbol>
      <symbol id="sm-288">
         <name>qam16I</name>
         <value>0x20004374</value>
         <object_component_ref idref="oc-f3"/>
      </symbol>
      <symbol id="sm-289">
         <name>bitsToParse</name>
         <value>0x20004334</value>
         <object_component_ref idref="oc-a0"/>
      </symbol>
      <symbol id="sm-28a">
         <name>AnotB</name>
         <value>0x20004328</value>
         <object_component_ref idref="oc-a0"/>
      </symbol>
      <symbol id="sm-28b">
         <name>processShell</name>
         <value>0xac1</value>
         <object_component_ref idref="oc-2d"/>
      </symbol>
      <symbol id="sm-28c">
         <name>amplitude</name>
         <value>0x2000432c</value>
         <object_component_ref idref="oc-a0"/>
      </symbol>
      <symbol id="sm-28d">
         <name>valueA</name>
         <value>0x2000431c</value>
         <object_component_ref idref="oc-a0"/>
      </symbol>
      <symbol id="sm-28e">
         <name>valueB</name>
         <value>0x2000431e</value>
         <object_component_ref idref="oc-a0"/>
      </symbol>
      <symbol id="sm-28f">
         <name>rcc_pos_idx</name>
         <value>0x20004354</value>
         <object_component_ref idref="oc-a0"/>
      </symbol>
      <symbol id="sm-290">
         <name>main</name>
         <value>0x120d</value>
         <object_component_ref idref="oc-2d"/>
      </symbol>
      <symbol id="sm-291">
         <name>index</name>
         <value>0x20004344</value>
         <object_component_ref idref="oc-a0"/>
      </symbol>
      <symbol id="sm-292">
         <name>phaseShift</name>
         <value>0x2000436c</value>
         <object_component_ref idref="oc-a0"/>
      </symbol>
      <symbol id="sm-293">
         <name>tokenizeInput</name>
         <value>0x9c9</value>
         <object_component_ref idref="oc-2d"/>
      </symbol>
      <symbol id="sm-294">
         <name>symbolTimerIsr</name>
         <value>0x3b5</value>
         <object_component_ref idref="oc-2d"/>
      </symbol>
      <symbol id="sm-295">
         <name>conv_Arr</name>
         <value>0x6ad</value>
         <object_component_ref idref="oc-2d"/>
      </symbol>
      <symbol id="sm-296">
         <name>isMod</name>
         <value>0x20004340</value>
         <object_component_ref idref="oc-a0"/>
      </symbol>
      <symbol id="sm-297">
         <name>ldacTimerIsr</name>
         <value>0x2c5</value>
         <object_component_ref idref="oc-2d"/>
      </symbol>
      <symbol id="sm-298">
         <name>toneCommand</name>
         <value>0x20004329</value>
         <object_component_ref idref="oc-a0"/>
      </symbol>
      <symbol id="sm-299">
         <name>initLdacTimer</name>
         <value>0x26d</value>
         <object_component_ref idref="oc-2d"/>
      </symbol>
      <symbol id="sm-29a">
         <name>indexA</name>
         <value>0x20004320</value>
         <object_component_ref idref="oc-a0"/>
      </symbol>
      <symbol id="sm-29b">
         <name>indexB</name>
         <value>0x20004324</value>
         <object_component_ref idref="oc-a0"/>
      </symbol>
      <symbol id="sm-29c">
         <name>h_rrc</name>
         <value>0x200042a0</value>
         <object_component_ref idref="oc-a6"/>
      </symbol>
      <symbol id="sm-29d">
         <name>psk8Q</name>
         <value>0x20004414</value>
         <object_component_ref idref="oc-fd"/>
      </symbol>
      <symbol id="sm-29e">
         <name>psk8I</name>
         <value>0x200043f4</value>
         <object_component_ref idref="oc-f0"/>
      </symbol>
      <symbol id="sm-29f">
         <name>modMask</name>
         <value>0x20004348</value>
         <object_component_ref idref="oc-a0"/>
      </symbol>
      <symbol id="sm-2a0">
         <name>isQam</name>
         <value>0x20004368</value>
         <object_component_ref idref="oc-a0"/>
      </symbol>
      <symbol id="sm-2a1">
         <name>psk_pos_idx</name>
         <value>0x20004358</value>
         <object_component_ref idref="oc-a0"/>
      </symbol>
      <symbol id="sm-2b4">
         <name>disableNvicInterrupt</name>
         <value>0x4431</value>
         <object_component_ref idref="oc-7f"/>
      </symbol>
      <symbol id="sm-2b5">
         <name>enableNvicInterrupt</name>
         <value>0x43f9</value>
         <object_component_ref idref="oc-7f"/>
      </symbol>
      <symbol id="sm-2b6">
         <name>setNvicInterruptPriority</name>
         <value>0x4469</value>
         <object_component_ref idref="oc-7f"/>
      </symbol>
      <symbol id="sm-2d2">
         <name>setSpi0Mode</name>
         <value>0x3caf</value>
         <object_component_ref idref="oc-cc"/>
      </symbol>
      <symbol id="sm-2d3">
         <name>readSpi0Data</name>
         <value>0x3d15</value>
         <object_component_ref idref="oc-cc"/>
      </symbol>
      <symbol id="sm-2d4">
         <name>writeSpi0Data</name>
         <value>0x3cfd</value>
         <object_component_ref idref="oc-cc"/>
      </symbol>
      <symbol id="sm-2d5">
         <name>initSpi0</name>
         <value>0x3bdd</value>
         <object_component_ref idref="oc-cc"/>
      </symbol>
      <symbol id="sm-2d6">
         <name>setSpi0BaudRate</name>
         <value>0x3c79</value>
         <object_component_ref idref="oc-cc"/>
      </symbol>
      <symbol id="sm-2f2">
         <name>ResetISR</name>
         <value>0x4c13</value>
         <object_component_ref idref="oc-27"/>
      </symbol>
      <symbol id="sm-2f3">
         <name>g_pfnVectors</name>
         <value>0x0</value>
         <object_component_ref idref="oc-12"/>
      </symbol>
      <symbol id="sm-316">
         <name>getcUart0</name>
         <value>0x40a3</value>
         <object_component_ref idref="oc-c6"/>
      </symbol>
      <symbol id="sm-317">
         <name>kbhitUart0</name>
         <value>0x40b7</value>
         <object_component_ref idref="oc-c6"/>
      </symbol>
      <symbol id="sm-318">
         <name>setUart0BaudRate</name>
         <value>0x4017</value>
         <object_component_ref idref="oc-c6"/>
      </symbol>
      <symbol id="sm-319">
         <name>putsUart0</name>
         <value>0x4077</value>
         <object_component_ref idref="oc-c6"/>
      </symbol>
      <symbol id="sm-31a">
         <name>initUart0</name>
         <value>0x3fcd</value>
         <object_component_ref idref="oc-c6"/>
      </symbol>
      <symbol id="sm-31b">
         <name>putcUart0</name>
         <value>0x405b</value>
         <object_component_ref idref="oc-c6"/>
      </symbol>
      <symbol id="sm-3b2">
         <name>pow</name>
         <value>0x13f1</value>
         <object_component_ref idref="oc-aa"/>
      </symbol>
      <symbol id="sm-3b3">
         <name>powl</name>
         <value>0x13f1</value>
         <object_component_ref idref="oc-aa"/>
      </symbol>
      <symbol id="sm-3d5">
         <name>sqrtl</name>
         <value>0x3d3d</value>
         <object_component_ref idref="oc-18e"/>
      </symbol>
      <symbol id="sm-3d6">
         <name>sqrt</name>
         <value>0x3d3d</value>
         <object_component_ref idref="oc-18e"/>
      </symbol>
      <symbol id="sm-3ee">
         <name>roundl</name>
         <value>0x44cd</value>
         <object_component_ref idref="oc-74"/>
      </symbol>
      <symbol id="sm-3ef">
         <name>round</name>
         <value>0x44cd</value>
         <object_component_ref idref="oc-74"/>
      </symbol>
      <symbol id="sm-416">
         <name>scalbn</name>
         <value>0x40f5</value>
         <object_component_ref idref="oc-1a7"/>
      </symbol>
      <symbol id="sm-417">
         <name>scalbnl</name>
         <value>0x40f5</value>
         <object_component_ref idref="oc-1a7"/>
      </symbol>
      <symbol id="sm-418">
         <name>ldexpl</name>
         <value>0x40f5</value>
         <object_component_ref idref="oc-1a7"/>
      </symbol>
      <symbol id="sm-419">
         <name>ldexp</name>
         <value>0x40f5</value>
         <object_component_ref idref="oc-1a7"/>
      </symbol>
      <symbol id="sm-469">
         <name>sin</name>
         <value>0x2d01</value>
         <object_component_ref idref="oc-d7"/>
      </symbol>
      <symbol id="sm-46a">
         <name>sinl</name>
         <value>0x2d01</value>
         <object_component_ref idref="oc-d7"/>
      </symbol>
      <symbol id="sm-474">
         <name>copysign</name>
         <value>0x4ba5</value>
         <object_component_ref idref="oc-279"/>
      </symbol>
      <symbol id="sm-475">
         <name>copysignl</name>
         <value>0x4ba5</value>
         <object_component_ref idref="oc-279"/>
      </symbol>
      <symbol id="sm-48c">
         <name>__aeabi_dsub</name>
         <value>0x3741</value>
         <object_component_ref idref="oc-b5"/>
      </symbol>
      <symbol id="sm-48d">
         <name>__aeabi_dadd</name>
         <value>0x374b</value>
         <object_component_ref idref="oc-b5"/>
      </symbol>
      <symbol id="sm-4af">
         <name>__aeabi_cdcmpeq</name>
         <value>0x462d</value>
         <object_component_ref idref="oc-163"/>
      </symbol>
      <symbol id="sm-4b0">
         <name>__aeabi_cdcmple</name>
         <value>0x462d</value>
         <object_component_ref idref="oc-163"/>
      </symbol>
      <symbol id="sm-4b1">
         <name>__aeabi_cdrcmple</name>
         <value>0x46b3</value>
         <object_component_ref idref="oc-1a2"/>
      </symbol>
      <symbol id="sm-4c5">
         <name>__aeabi_ddiv</name>
         <value>0x3e95</value>
         <object_component_ref idref="oc-90"/>
      </symbol>
      <symbol id="sm-4d0">
         <name>__aeabi_dmul</name>
         <value>0x4205</value>
         <object_component_ref idref="oc-b0"/>
      </symbol>
      <symbol id="sm-4da">
         <name>__aeabi_d2iz</name>
         <value>0x4935</value>
         <object_component_ref idref="oc-dd"/>
      </symbol>
      <symbol id="sm-4e6">
         <name>__aeabi_d2f</name>
         <value>0x47b3</value>
         <object_component_ref idref="oc-ba"/>
      </symbol>
      <symbol id="sm-4f0">
         <name>__aeabi_d2uiz</name>
         <value>0x49c1</value>
         <object_component_ref idref="oc-7a"/>
      </symbol>
      <symbol id="sm-4fb">
         <name>__aeabi_f2d</name>
         <value>0x4a45</value>
         <object_component_ref idref="oc-8b"/>
      </symbol>
      <symbol id="sm-505">
         <name>__aeabi_i2d</name>
         <value>0x4ae5</value>
         <object_component_ref idref="oc-19a"/>
      </symbol>
      <symbol id="sm-50f">
         <name>__aeabi_ui2d</name>
         <value>0x4b85</value>
         <object_component_ref idref="oc-d2"/>
      </symbol>
      <symbol id="sm-51e">
         <name>__aeabi_idivmod</name>
         <value>0x4889</value>
         <object_component_ref idref="oc-9b"/>
      </symbol>
      <symbol id="sm-51f">
         <name>__aeabi_idiv</name>
         <value>0x4889</value>
         <object_component_ref idref="oc-9b"/>
      </symbol>
      <symbol id="sm-536">
         <name>__TI_zero_init</name>
         <value>0x4c07</value>
         <object_component_ref idref="oc-53"/>
      </symbol>
      <symbol id="sm-54d">
         <name>__TI_decompress_none</name>
         <value>0x4bf9</value>
         <object_component_ref idref="oc-1b"/>
      </symbol>
      <symbol id="sm-570">
         <name>__TI_decompress_lzss</name>
         <value>0x4821</value>
         <object_component_ref idref="oc-15"/>
      </symbol>
      <symbol id="sm-5d6">
         <name>__kernel_rem_pio2</name>
         <value>0x25c9</value>
         <object_component_ref idref="oc-1c3"/>
      </symbol>
      <symbol id="sm-5e3">
         <name>atof</name>
         <value>0x4bd7</value>
         <object_component_ref idref="oc-115"/>
      </symbol>
      <symbol id="sm-5f9">
         <name>atoi</name>
         <value>0x48e9</value>
         <object_component_ref idref="oc-10f"/>
      </symbol>
      <symbol id="sm-604">
         <name>_ctypes_</name>
         <value>0x4d88</value>
         <object_component_ref idref="oc-1f3"/>
      </symbol>
      <symbol id="sm-61a">
         <name>rand</name>
         <value>0x4ab1</value>
         <object_component_ref idref="oc-95"/>
      </symbol>
      <symbol id="sm-629">
         <name>strcmp</name>
         <value>0x4bbf</value>
         <object_component_ref idref="oc-109"/>
      </symbol>
      <symbol id="sm-689">
         <name>strtold</name>
         <value>0x32e1</value>
         <object_component_ref idref="oc-1fc"/>
      </symbol>
      <symbol id="sm-68a">
         <name>strtod</name>
         <value>0x32e1</value>
         <object_component_ref idref="oc-1fc"/>
      </symbol>
      <symbol id="sm-6a2">
         <name>strtok</name>
         <value>0x4a05</value>
         <object_component_ref idref="oc-e3"/>
      </symbol>
      <symbol id="sm-6b1">
         <name>tolower</name>
         <value>0x4be9</value>
         <object_component_ref idref="oc-103"/>
      </symbol>
      <symbol id="sm-6c7">
         <name>__aeabi_errno_addr</name>
         <value>0x4c21</value>
         <object_component_ref idref="oc-194"/>
      </symbol>
      <symbol id="sm-6c8">
         <name>errno</name>
         <value>0x2000446c</value>
         <object_component_ref idref="oc-270"/>
      </symbol>
      <symbol id="sm-6db">
         <name>__stack</name>
         <value>0x200040a0</value>
         <object_component_ref idref="oc-24"/>
      </symbol>
      <symbol id="sm-6dc">
         <name>_c_int00_noargs</name>
         <value>0x4a7d</value>
         <object_component_ref idref="oc-5f"/>
      </symbol>
      <symbol id="sm-6f2">
         <name>__kernel_cos</name>
         <value>0x3a6d</value>
         <object_component_ref idref="oc-1c9"/>
      </symbol>
      <symbol id="sm-709">
         <name>__kernel_sin</name>
         <value>0x38f9</value>
         <object_component_ref idref="oc-1bd"/>
      </symbol>
      <symbol id="sm-726">
         <name>floorl</name>
         <value>0x4301</value>
         <object_component_ref idref="oc-15d"/>
      </symbol>
      <symbol id="sm-727">
         <name>floor</name>
         <value>0x4301</value>
         <object_component_ref idref="oc-15d"/>
      </symbol>
      <symbol id="sm-731">
         <name>__aeabi_idiv0</name>
         <value>0x3fcb</value>
         <object_component_ref idref="oc-17d"/>
      </symbol>
      <symbol id="sm-732">
         <name>__aeabi_ldiv0</name>
         <value>0x3fcb</value>
         <object_component_ref idref="oc-17d"/>
      </symbol>
      <symbol id="sm-74d">
         <name>memcpy</name>
         <value>0x4591</value>
         <object_component_ref idref="oc-41"/>
      </symbol>
      <symbol id="sm-74e">
         <name>__aeabi_memcpy</name>
         <value>0x4591</value>
         <object_component_ref idref="oc-41"/>
      </symbol>
      <symbol id="sm-74f">
         <name>__aeabi_memcpy8</name>
         <value>0x4591</value>
         <object_component_ref idref="oc-41"/>
      </symbol>
      <symbol id="sm-750">
         <name>__aeabi_memcpy4</name>
         <value>0x4591</value>
         <object_component_ref idref="oc-41"/>
      </symbol>
      <symbol id="sm-75f">
         <name>__aeabi_memset</name>
         <value>0x473b</value>
         <object_component_ref idref="oc-145"/>
      </symbol>
      <symbol id="sm-760">
         <name>memset</name>
         <value>0x4741</value>
         <object_component_ref idref="oc-145"/>
      </symbol>
      <symbol id="sm-761">
         <name>__aeabi_memset8</name>
         <value>0x473b</value>
         <object_component_ref idref="oc-145"/>
      </symbol>
      <symbol id="sm-762">
         <name>__aeabi_memset4</name>
         <value>0x473b</value>
         <object_component_ref idref="oc-145"/>
      </symbol>
      <symbol id="sm-763">
         <name>__aeabi_memclr8</name>
         <value>0x4739</value>
         <object_component_ref idref="oc-145"/>
      </symbol>
      <symbol id="sm-764">
         <name>__aeabi_memclr4</name>
         <value>0x4739</value>
         <object_component_ref idref="oc-145"/>
      </symbol>
      <symbol id="sm-765">
         <name>__aeabi_memclr</name>
         <value>0x4739</value>
         <object_component_ref idref="oc-145"/>
      </symbol>
      <symbol id="sm-78d">
         <name>__TI_auto_init_nobinit_nopinit</name>
         <value>0x497d</value>
         <object_component_ref idref="oc-226"/>
      </symbol>
      <symbol id="sm-797">
         <name>_system_pre_init</name>
         <value>0x4c29</value>
         <object_component_ref idref="oc-14b"/>
      </symbol>
      <symbol id="sm-7a3">
         <name>C$$EXIT</name>
         <value>0x4c2d</value>
         <object_component_ref idref="oc-21a"/>
      </symbol>
      <symbol id="sm-7a4">
         <name>abort</name>
         <value>0x4c2d</value>
         <object_component_ref idref="oc-21a"/>
      </symbol>
      <symbol id="sm-7b9">
         <name>_nop</name>
         <value>0x38f7</value>
         <object_component_ref idref="oc-261"/>
      </symbol>
      <symbol id="sm-7ba">
         <name>_lock</name>
         <value>0x20004454</value>
         <object_component_ref idref="oc-176"/>
      </symbol>
      <symbol id="sm-7bb">
         <name>_unlock</name>
         <value>0x20004458</value>
         <object_component_ref idref="oc-176"/>
      </symbol>
      <symbol id="sm-7cd">
         <name>strcspn</name>
         <value>0x4b61</value>
         <object_component_ref idref="oc-1d8"/>
      </symbol>
      <symbol id="sm-7df">
         <name>strspn</name>
         <value>0x4b13</value>
         <object_component_ref idref="oc-1d2"/>
      </symbol>
      <symbol id="sm-7e0">
         <name>__TI_static_base__</name>
         <value>0x0</value>
      </symbol>
      <symbol id="sm-7e3">
         <name>__mpu_init</name>
         <value>0x0</value>
      </symbol>
      <symbol id="sm-7e4">
         <name>_system_post_cinit</name>
         <value>0x0</value>
      </symbol>
   </symbol_table>
   <title>Link successful</title>
</link_info>
