******************************************************************************
                  TI ARM Linker PC v20.2.6                     
******************************************************************************
>> Linked Mon Mar 20 20:33:17 2023

OUTPUT FILE NAME:   <wireless2.out>
ENTRY POINT SYMBOL: "_c_int00_noargs"  address: 00004ca1


MEMORY CONFIGURATION

         name            origin    length      used     unused   attr    fill
----------------------  --------  ---------  --------  --------  ----  --------
  FLASH                 00000000   00040000  0000533c  0003acc4  R  X
  SRAM                  20000000   00008000  00004974  0000368c  RW X


SEGMENT ALLOCATION MAP

run origin  load origin   length   init length attrs members
----------  ----------- ---------- ----------- ----- -------
00000000    00000000    00005340   00005340    r-x
  00000000    00000000    0000026c   0000026c    r-- .intvecs
  0000026c    0000026c    00004be8   00004be8    r-x .text
  00004e58    00004e58    00000358   00000358    r-- .const
  000051b0    000051b0    00000190   00000190    r-- .cinit
20000000    20000000    00004978   00000000    rw-
  20000000    20000000    0000409c   00000000    rw- .bss
  2000409c    2000409c    000006d8   00000000    rw- .data
  20004778    20004778    00000200   00000000    rw- .stack


SECTION ALLOCATION MAP

 output                                  attributes/
section   page    origin      length       input sections
--------  ----  ----------  ----------   ----------------
.intvecs   0    00000000    0000026c     
                  00000000    0000026c     tm4c123gh6pm_startup_ccs.obj (.intvecs)

.text      0    0000026c    00004be8     
                  0000026c    000013a8     modulator.obj (.text)
                  00001614    000009d0     rtsv7M4_T_le_v4SPD16_eabi.lib : e_pow.c.obj (.text:pow)
                  00001fe4    00000808     gpio.obj (.text)
                  000027ec    00000738     rtsv7M4_T_le_v4SPD16_eabi.lib : k_rem_pio2.c.obj (.text:__kernel_rem_pio2)
                  00002f24    000005e0                                   : s_sin.c.obj (.text:sin)
                  00003504    00000460                                   : strtod.c.obj (.text:strtod)
                  00003964    000001b6                                   : fd_add_t2.asm.obj (.text)
                  00003b1a    00000002                                   : _lock.c.obj (.text:_nop)
                  00003b1c    00000174                                   : k_sin.c.obj (.text:__kernel_sin)
                  00003c90    00000170                                   : k_cos.c.obj (.text:__kernel_cos)
                  00003e00    00000160     spi0.obj (.text)
                  00003f60    00000158     rtsv7M4_T_le_v4SPD16_eabi.lib : e_sqrt.c.obj (.text:sqrt)
                  000040b8    00000136                                   : fd_div_t2.asm.obj (.text)
                  000041ee    00000002                                   : div0.asm.obj (.text)
                  000041f0    00000128     uart0.obj (.text)
                  00004318    00000110     rtsv7M4_T_le_v4SPD16_eabi.lib : s_scalbn.c.obj (.text:scalbn)
                  00004428    000000fc                                   : fd_mul_t2.asm.obj (.text)
                  00004524    000000f8                                   : s_floor.c.obj (.text:floor)
                  0000461c    000000d4     nvic.obj (.text)
                  000046f0    000000c4     rtsv7M4_T_le_v4SPD16_eabi.lib : s_round.c.obj (.text:round)
                  000047b4    0000009c                                   : memcpy_t2.asm.obj (.text)
                  00004850    00000086                                   : fd_cmp_t2.asm.obj (.text:__aeabi_cdcmple)
                  000048d6    00000086                                   : fd_cmp_t2.asm.obj (.text:__aeabi_cdrcmple)
                  0000495c    0000007a                                   : memset_t2.asm.obj (.text)
                  000049d6    0000006e                                   : fd_tos_t2.asm.obj (.text)
                  00004a44    00000068                                   : copy_decompress_lzss.c.obj (.text:decompress:lzss:__TI_decompress_lzss)
                  00004aac    0000005e                                   : i_divt2.asm.obj (.text)
                  00004b0a    00000002     --HOLE-- [fill = 0]
                  00004b0c    0000004c                                   : atoi.c.obj (.text:atoi)
                  00004b58    00000048                                   : fd_toi_t2.asm.obj (.text)
                  00004ba0    00000044                                   : autoinit.c.obj (.text:__TI_auto_init_nobinit_nopinit:__TI_auto_init_nobinit_nopinit)
                  00004be4    00000044                                   : fd_tou_t2.asm.obj (.text)
                  00004c28    00000040                                   : strtok.c.obj (.text:strtok)
                  00004c68    00000038                                   : fs_tod_t2.asm.obj (.text)
                  00004ca0    00000034                                   : boot_cortex_m.c.obj (.text:_c_int00_noargs:_c_int00_noargs)
                  00004cd4    00000034                                   : rand.c.obj (.text:rand)
                  00004d08    0000002e                                   : i_tofd_t2.asm.obj (.text)
                  00004d36    0000002a                                   : strspn.c.obj (.text:strspn)
                  00004d60    00000024     clock.obj (.text)
                  00004d84    00000024     rtsv7M4_T_le_v4SPD16_eabi.lib : strcspn.c.obj (.text:strcspn)
                  00004da8    00000020                                   : u_tofd_t2.asm.obj (.text)
                  00004dc8    0000001a                                   : s_copysign.c.obj (.text:copysign)
                  00004de2    00000018                                   : strcmp.c.obj (.text:strcmp)
                  00004dfa    00000012                                   : atof.c.obj (.text:atof)
                  00004e0c    00000010                                   : tolower.c.obj (.text:tolower)
                  00004e1c    0000000e                                   : copy_decompress_none.c.obj (.text:decompress:none:__TI_decompress_none)
                  00004e2a    0000000c                                   : copy_zero_init.c.obj (.text:decompress:ZI:__TI_zero_init)
                  00004e36    0000000c     tm4c123gh6pm_startup_ccs.obj (.text)
                  00004e42    00000002     --HOLE-- [fill = 0]
                  00004e44    00000008     rtsv7M4_T_le_v4SPD16_eabi.lib : errno.c.obj (.text:__aeabi_errno_addr)
                  00004e4c    00000004                                   : pre_init.c.obj (.text:_system_pre_init)
                  00004e50    00000004                                   : exit.c.obj (.text:abort:abort)

.const     0    00004e58    00000358     
                  00004e58    00000158     rtsv7M4_T_le_v4SPD16_eabi.lib : k_rem_pio2.c.obj (.const:$O1$$)
                  00004fb0    00000101                                   : ctype.c.obj (.const:.string:_ctypes_)
                  000050b1    00000007     --HOLE-- [fill = 0]
                  000050b8    000000c8                                   : strtod.c.obj (.const:$O1$$)
                  00005180    00000030                                   : e_pow.c.obj (.const:$O1$$)

.cinit     0    000051b0    00000190     
                  000051b0    00000168     (.cinit..data.load) [load image, compression = lzss]
                  00005318    0000000c     (__TI_handler_table)
                  00005324    00000004     --HOLE-- [fill = 0]
                  00005328    00000008     (.cinit..bss.load) [load image, compression = zero_init]
                  00005330    00000010     (__TI_cinit_table)

.init_array 
*          0    00000000    00000000     UNINITIALIZED

.bss       0    20000000    0000409c     UNINITIALIZED
                  20000000    00002000     (.common:LUTA)
                  20002000    00002000     (.common:LUTB)
                  20004000    00000054     modulator.obj (.bss:strInput$1)
                  20004054    00000010     (.common:conv_pskI)
                  20004064    00000010     (.common:conv_pskQ)
                  20004074    00000010     (.common:pskI)
                  20004084    00000010     (.common:pskQ)
                  20004094    00000004     (.common:bufferPtrI)
                  20004098    00000004     (.common:bufferPtrQ)

.data      0    2000409c    000006d8     UNINITIALIZED
                  2000409c    00000100     modulator.obj (.data:rc_qam16I)
                  2000419c    00000100     modulator.obj (.data:rc_qam16Q)
                  2000429c    00000080     modulator.obj (.data:rc_bpskI)
                  2000431c    00000080     modulator.obj (.data:rc_bpskQ)
                  2000439c    00000080     modulator.obj (.data:rc_psk8I)
                  2000441c    00000080     modulator.obj (.data:rc_psk8Q)
                  2000449c    00000080     modulator.obj (.data:rc_qpskI)
                  2000451c    00000080     modulator.obj (.data:rc_qpskQ)
                  2000459c    0000007c     modulator.obj (.data:h_rrc)
                  20004618    00000055     modulator.obj (.data)
                  2000466d    00000003     --HOLE--
                  20004670    00000040     modulator.obj (.data:qam16I)
                  200046b0    00000040     modulator.obj (.data:qam16Q)
                  200046f0    00000020     modulator.obj (.data:psk8I)
                  20004710    00000020     modulator.obj (.data:psk8Q)
                  20004730    00000010     modulator.obj (.data:qpskI)
                  20004740    00000010     modulator.obj (.data:qpskQ)
                  20004750    00000008     rtsv7M4_T_le_v4SPD16_eabi.lib : _lock.c.obj (.data:$O1$$)
                  20004758    00000008     modulator.obj (.data:bpskI)
                  20004760    00000008     modulator.obj (.data:bpskQ)
                  20004768    00000004     rtsv7M4_T_le_v4SPD16_eabi.lib : errno.c.obj (.data)
                  2000476c    00000004                                   : rand.c.obj (.data)
                  20004770    00000004                                   : strtok.c.obj (.data)

.stack     0    20004778    00000200     UNINITIALIZED
                  20004778    00000004     rtsv7M4_T_le_v4SPD16_eabi.lib : boot_cortex_m.c.obj (.stack)
                  2000477c    000001fc     --HOLE--

__llvm_prf_cnts 
*          0    20000000    00000000     UNINITIALIZED

MODULE SUMMARY

       Module                         code    ro data   rw data
       ------                         ----    -------   -------
    .\
       modulator.obj                  5032    0         18269  
       gpio.obj                       2056    0         0      
       tm4c123gh6pm_startup_ccs.obj   12      620       0      
       spi0.obj                       352     0         0      
       uart0.obj                      296     0         0      
       nvic.obj                       212     0         0      
       clock.obj                      36      0         0      
    +--+------------------------------+-------+---------+---------+
       Total:                         7996    620       18269  
                                                               
    C:\ti\ccs1200\ccs\tools\compiler\ti-cgt-arm_20.2.6.LTS\lib\rtsv7M4_T_le_v4SPD16_eabi.lib
       e_pow.c.obj                    2512    48        0      
       k_rem_pio2.c.obj               1848    344       0      
       s_sin.c.obj                    1504    0         0      
       strtod.c.obj                   1120    200       0      
       fd_add_t2.asm.obj              438     0         0      
       k_sin.c.obj                    372     0         0      
       k_cos.c.obj                    368     0         0      
       e_sqrt.c.obj                   344     0         0      
       fd_div_t2.asm.obj              310     0         0      
       s_scalbn.c.obj                 272     0         0      
       fd_cmp_t2.asm.obj              268     0         0      
       ctype.c.obj                    0       257       0      
       fd_mul_t2.asm.obj              252     0         0      
       s_floor.c.obj                  248     0         0      
       s_round.c.obj                  196     0         0      
       memcpy_t2.asm.obj              156     0         0      
       memset_t2.asm.obj              122     0         0      
       fd_tos_t2.asm.obj              110     0         0      
       copy_decompress_lzss.c.obj     104     0         0      
       i_divt2.asm.obj                94      0         0      
       atoi.c.obj                     76      0         0      
       fd_toi_t2.asm.obj              72      0         0      
       autoinit.c.obj                 68      0         0      
       fd_tou_t2.asm.obj              68      0         0      
       strtok.c.obj                   64      0         4      
       fs_tod_t2.asm.obj              56      0         0      
       rand.c.obj                     52      0         4      
       boot_cortex_m.c.obj            52      0         0      
       i_tofd_t2.asm.obj              46      0         0      
       strspn.c.obj                   42      0         0      
       strcspn.c.obj                  36      0         0      
       u_tofd_t2.asm.obj              32      0         0      
       s_copysign.c.obj               26      0         0      
       strcmp.c.obj                   24      0         0      
       atof.c.obj                     18      0         0      
       tolower.c.obj                  16      0         0      
       copy_decompress_none.c.obj     14      0         0      
       copy_zero_init.c.obj           12      0         0      
       errno.c.obj                    8       0         4      
       _lock.c.obj                    2       0         8      
       exit.c.obj                     4       0         0      
       pre_init.c.obj                 4       0         0      
       div0.asm.obj                   2       0         0      
    +--+------------------------------+-------+---------+---------+
       Total:                         11432   849       20     
                                                               
       Stack:                         0       0         512    
       Linker Generated:              0       396       0      
    +--+------------------------------+-------+---------+---------+
       Grand Total:                   19428   1865      18801  


LINKER GENERATED COPY TABLES

__TI_cinit_table @ 00005330 records: 2, size/record: 8, table size: 16
	.data: load addr=000051b0, load size=00000168 bytes, run addr=2000409c, run size=000006d8 bytes, compression=lzss
	.bss: load addr=00005328, load size=00000008 bytes, run addr=20000000, run size=0000409c bytes, compression=zero_init


LINKER GENERATED HANDLER TABLE

__TI_handler_table @ 00005318 records: 3, size/record: 4, table size: 12
	index: 0, handler: __TI_decompress_lzss
	index: 1, handler: __TI_decompress_none
	index: 2, handler: __TI_zero_init


GLOBAL SYMBOLS: SORTED ALPHABETICALLY BY Name 

address   name                          
-------   ----                          
20004624  AnotB                         
00004e51  C$$EXIT                       
20000000  LUTA                          
20002000  LUTB                          
00004e37  ResetISR                      
20004978  __STACK_END                   
00000200  __STACK_SIZE                  
20004978  __STACK_TOP                   
00005330  __TI_CINIT_Base               
00005340  __TI_CINIT_Limit              
00005318  __TI_Handler_Table_Base       
00005324  __TI_Handler_Table_Limit      
00004ba1  __TI_auto_init_nobinit_nopinit
00004a45  __TI_decompress_lzss          
00004e1d  __TI_decompress_none          
ffffffff  __TI_pprof_out_hndl           
ffffffff  __TI_prof_data_size           
ffffffff  __TI_prof_data_start          
00000000  __TI_static_base__            
00004e2b  __TI_zero_init                
00004851  __aeabi_cdcmpeq               
00004851  __aeabi_cdcmple               
000048d7  __aeabi_cdrcmple              
000049d7  __aeabi_d2f                   
00004b59  __aeabi_d2iz                  
00004be5  __aeabi_d2uiz                 
0000396f  __aeabi_dadd                  
000040b9  __aeabi_ddiv                  
00004429  __aeabi_dmul                  
00003965  __aeabi_dsub                  
00004e45  __aeabi_errno_addr            
00004c69  __aeabi_f2d                   
00004d09  __aeabi_i2d                   
00004aad  __aeabi_idiv                  
000041ef  __aeabi_idiv0                 
00004aad  __aeabi_idivmod               
000041ef  __aeabi_ldiv0                 
0000495d  __aeabi_memclr                
0000495d  __aeabi_memclr4               
0000495d  __aeabi_memclr8               
000047b5  __aeabi_memcpy                
000047b5  __aeabi_memcpy4               
000047b5  __aeabi_memcpy8               
0000495f  __aeabi_memset                
0000495f  __aeabi_memset4               
0000495f  __aeabi_memset8               
00004da9  __aeabi_ui2d                  
ffffffff  __binit__                     
ffffffff  __c_args__                    
00003c91  __kernel_cos                  
000027ed  __kernel_rem_pio2             
00003b1d  __kernel_sin                  
UNDEFED   __mpu_init                    
20004778  __stack                       
20000000  __start___llvm_prf_cnts       
20000000  __stop___llvm_prf_cnts        
00004ca1  _c_int00_noargs               
00004fb0  _ctypes_                      
20004750  _lock                         
00003b1b  _nop                          
UNDEFED   _system_post_cinit            
00004e4d  _system_pre_init              
20004754  _unlock                       
00004e51  abort                         
20004628  amplitude                     
00004dfb  atof                          
00004b0d  atoi                          
ffffffff  binit                         
20004630  bitsToParse                   
20004758  bpskI                         
20004760  bpskQ                         
20004094  bufferPtrI                    
20004098  bufferPtrQ                    
2000465c  check1                        
20004660  check2                        
00002639  clearPinInterrupt             
000006ad  conv_Arr                      
2000464c  conv_len                      
20004054  conv_pskI                     
20004064  conv_pskQ                     
00004dc9  copysign                      
00004dc9  copysignl                     
20004658  current                       
2000462c  degreeShift                   
00004655  disableNvicInterrupt          
00002615  disablePinInterrupt           
0000234d  disablePinPulldown            
00002305  disablePinPullup              
000020a1  disablePort                   
0000461d  enableNvicInterrupt           
000025f1  enablePinInterrupt            
00002329  enablePinPulldown             
000022d7  enablePinPullup               
00001fe5  enablePort                    
20004768  errno                         
00004525  floor                         
00004525  floorl                        
00000000  g_pfnVectors                  
000026a7  getPinValue                   
0000275d  getPortValue                  
000042c7  getcUart0                     
2000459c  h_rrc                         
20004640  index                         
2000461c  indexA                        
20004620  indexB                        
0000089d  initHw                        
0000026d  initLdacTimer                 
00003e01  initSpi0                      
00000323  initSymbolTimer               
00004d61  initSystemClockTo40Mhz        
00004d69  initSystemClockTo80Mhz        
000041f1  initUart0                     
20004648  isDC                          
20004649  isFilter                      
2000463c  isMod                         
20004664  isQam                         
000042db  kbhitUart0                    
000002c5  ldacTimerIsr                  
00004319  ldexp                         
00004319  ldexpl                        
00001431  main                          
000047b5  memcpy                        
00004965  memset                        
20004638  modIndex                      
20004644  modMask                       
20004668  phaseShift                    
00001615  pow                           
00001615  powl                          
00000ce5  processShell                  
200046f0  psk8I                         
20004710  psk8Q                         
20004074  pskI                          
20004084  pskQ                          
20004654  psk_pos_idx                   
0000427f  putcUart0                     
0000429b  putsUart0                     
20004670  qam16I                        
200046b0  qam16Q                        
20004730  qpskI                         
20004740  qpskQ                         
00004cd5  rand                          
2000429c  rc_bpskI                      
2000431c  rc_bpskQ                      
2000439c  rc_psk8I                      
2000441c  rc_psk8Q                      
2000409c  rc_qam16I                     
2000419c  rc_qam16Q                     
2000449c  rc_qpskI                      
2000451c  rc_qpskQ                      
20004650  rcc_pos_idx                   
00003f39  readSpi0Data                  
000046f1  round                         
000046f1  roundl                        
00004319  scalbn                        
00004319  scalbnl                       
0000220b  selectPinAnalogInput          
000021bd  selectPinDigitalInput         
00002527  selectPinInterruptBothEdges   
000024d7  selectPinInterruptFallingEdge 
0000257d  selectPinInterruptHighLevel   
000025b7  selectPinInterruptLowLevel    
00002487  selectPinInterruptRisingEdge  
0000216f  selectPinOpenDrainOutput      
00002121  selectPinPushPullOutput       
0000468d  setNvicInterruptPriority      
00002375  setPinAuxFunction             
0000225b  setPinCommitControl           
0000265d  setPinValue                   
000026e5  setPortValue                  
00003e9d  setSpi0BaudRate               
00003ed3  setSpi0Mode                   
000002e1  setSymbolRate                 
0000423b  setUart0BaudRate              
20004634  shiftBy                       
00002f25  sin                           
00002f25  sinl                          
00003f61  sqrt                          
00003f61  sqrtl                         
00004de3  strcmp                        
00004d85  strcspn                       
00004d37  strspn                        
00003505  strtod                        
00004c29  strtok                        
00003505  strtold                       
000003b5  symbolTimerIsr                
00002683  togglePinValue                
00000be1  tokenizeInput                 
00004e0d  tolower                       
20004625  toneCommand                   
20004618  valueA                        
2000461a  valueB                        
00003f21  writeSpi0Data                 


GLOBAL SYMBOLS: SORTED BY Symbol Address 

address   name                          
-------   ----                          
00000000  __TI_static_base__            
00000000  g_pfnVectors                  
00000200  __STACK_SIZE                  
0000026d  initLdacTimer                 
000002c5  ldacTimerIsr                  
000002e1  setSymbolRate                 
00000323  initSymbolTimer               
000003b5  symbolTimerIsr                
000006ad  conv_Arr                      
0000089d  initHw                        
00000be1  tokenizeInput                 
00000ce5  processShell                  
00001431  main                          
00001615  pow                           
00001615  powl                          
00001fe5  enablePort                    
000020a1  disablePort                   
00002121  selectPinPushPullOutput       
0000216f  selectPinOpenDrainOutput      
000021bd  selectPinDigitalInput         
0000220b  selectPinAnalogInput          
0000225b  setPinCommitControl           
000022d7  enablePinPullup               
00002305  disablePinPullup              
00002329  enablePinPulldown             
0000234d  disablePinPulldown            
00002375  setPinAuxFunction             
00002487  selectPinInterruptRisingEdge  
000024d7  selectPinInterruptFallingEdge 
00002527  selectPinInterruptBothEdges   
0000257d  selectPinInterruptHighLevel   
000025b7  selectPinInterruptLowLevel    
000025f1  enablePinInterrupt            
00002615  disablePinInterrupt           
00002639  clearPinInterrupt             
0000265d  setPinValue                   
00002683  togglePinValue                
000026a7  getPinValue                   
000026e5  setPortValue                  
0000275d  getPortValue                  
000027ed  __kernel_rem_pio2             
00002f25  sin                           
00002f25  sinl                          
00003505  strtod                        
00003505  strtold                       
00003965  __aeabi_dsub                  
0000396f  __aeabi_dadd                  
00003b1b  _nop                          
00003b1d  __kernel_sin                  
00003c91  __kernel_cos                  
00003e01  initSpi0                      
00003e9d  setSpi0BaudRate               
00003ed3  setSpi0Mode                   
00003f21  writeSpi0Data                 
00003f39  readSpi0Data                  
00003f61  sqrt                          
00003f61  sqrtl                         
000040b9  __aeabi_ddiv                  
000041ef  __aeabi_idiv0                 
000041ef  __aeabi_ldiv0                 
000041f1  initUart0                     
0000423b  setUart0BaudRate              
0000427f  putcUart0                     
0000429b  putsUart0                     
000042c7  getcUart0                     
000042db  kbhitUart0                    
00004319  ldexp                         
00004319  ldexpl                        
00004319  scalbn                        
00004319  scalbnl                       
00004429  __aeabi_dmul                  
00004525  floor                         
00004525  floorl                        
0000461d  enableNvicInterrupt           
00004655  disableNvicInterrupt          
0000468d  setNvicInterruptPriority      
000046f1  round                         
000046f1  roundl                        
000047b5  __aeabi_memcpy                
000047b5  __aeabi_memcpy4               
000047b5  __aeabi_memcpy8               
000047b5  memcpy                        
00004851  __aeabi_cdcmpeq               
00004851  __aeabi_cdcmple               
000048d7  __aeabi_cdrcmple              
0000495d  __aeabi_memclr                
0000495d  __aeabi_memclr4               
0000495d  __aeabi_memclr8               
0000495f  __aeabi_memset                
0000495f  __aeabi_memset4               
0000495f  __aeabi_memset8               
00004965  memset                        
000049d7  __aeabi_d2f                   
00004a45  __TI_decompress_lzss          
00004aad  __aeabi_idiv                  
00004aad  __aeabi_idivmod               
00004b0d  atoi                          
00004b59  __aeabi_d2iz                  
00004ba1  __TI_auto_init_nobinit_nopinit
00004be5  __aeabi_d2uiz                 
00004c29  strtok                        
00004c69  __aeabi_f2d                   
00004ca1  _c_int00_noargs               
00004cd5  rand                          
00004d09  __aeabi_i2d                   
00004d37  strspn                        
00004d61  initSystemClockTo40Mhz        
00004d69  initSystemClockTo80Mhz        
00004d85  strcspn                       
00004da9  __aeabi_ui2d                  
00004dc9  copysign                      
00004dc9  copysignl                     
00004de3  strcmp                        
00004dfb  atof                          
00004e0d  tolower                       
00004e1d  __TI_decompress_none          
00004e2b  __TI_zero_init                
00004e37  ResetISR                      
00004e45  __aeabi_errno_addr            
00004e4d  _system_pre_init              
00004e51  C$$EXIT                       
00004e51  abort                         
00004fb0  _ctypes_                      
00005318  __TI_Handler_Table_Base       
00005324  __TI_Handler_Table_Limit      
00005330  __TI_CINIT_Base               
00005340  __TI_CINIT_Limit              
20000000  LUTA                          
20000000  __start___llvm_prf_cnts       
20000000  __stop___llvm_prf_cnts        
20002000  LUTB                          
20004054  conv_pskI                     
20004064  conv_pskQ                     
20004074  pskI                          
20004084  pskQ                          
20004094  bufferPtrI                    
20004098  bufferPtrQ                    
2000409c  rc_qam16I                     
2000419c  rc_qam16Q                     
2000429c  rc_bpskI                      
2000431c  rc_bpskQ                      
2000439c  rc_psk8I                      
2000441c  rc_psk8Q                      
2000449c  rc_qpskI                      
2000451c  rc_qpskQ                      
2000459c  h_rrc                         
20004618  valueA                        
2000461a  valueB                        
2000461c  indexA                        
20004620  indexB                        
20004624  AnotB                         
20004625  toneCommand                   
20004628  amplitude                     
2000462c  degreeShift                   
20004630  bitsToParse                   
20004634  shiftBy                       
20004638  modIndex                      
2000463c  isMod                         
20004640  index                         
20004644  modMask                       
20004648  isDC                          
20004649  isFilter                      
2000464c  conv_len                      
20004650  rcc_pos_idx                   
20004654  psk_pos_idx                   
20004658  current                       
2000465c  check1                        
20004660  check2                        
20004664  isQam                         
20004668  phaseShift                    
20004670  qam16I                        
200046b0  qam16Q                        
200046f0  psk8I                         
20004710  psk8Q                         
20004730  qpskI                         
20004740  qpskQ                         
20004750  _lock                         
20004754  _unlock                       
20004758  bpskI                         
20004760  bpskQ                         
20004768  errno                         
20004778  __stack                       
20004978  __STACK_END                   
20004978  __STACK_TOP                   
ffffffff  __TI_pprof_out_hndl           
ffffffff  __TI_prof_data_size           
ffffffff  __TI_prof_data_start          
ffffffff  __binit__                     
ffffffff  __c_args__                    
ffffffff  binit                         
UNDEFED   __mpu_init                    
UNDEFED   _system_post_cinit            

[192 symbols]
