******************************************************************************
                  TI ARM Linker PC v20.2.6                     
******************************************************************************
>> Linked Tue Mar 14 18:14:31 2023

OUTPUT FILE NAME:   <wireless2.out>
ENTRY POINT SYMBOL: "_c_int00_noargs"  address: 00004a7d


MEMORY CONFIGURATION

         name            origin    length      used     unused   attr    fill
----------------------  --------  ---------  --------  --------  ----  --------
  FLASH                 00000000   00040000  000050b0  0003af50  R  X
  SRAM                  20000000   00008000  00004474  00003b8c  RW X


SEGMENT ALLOCATION MAP

run origin  load origin   length   init length attrs members
----------  ----------- ---------- ----------- ----- -------
00000000    00000000    000050b0   000050b0    r-x
  00000000    00000000    0000026c   0000026c    r-- .intvecs
  0000026c    0000026c    000049c4   000049c4    r-x .text
  00004c30    00004c30    00000358   00000358    r-- .const
  00004f88    00004f88    00000128   00000128    r-- .cinit
20000000    20000000    00004478   00000000    rw-
  20000000    20000000    0000409c   00000000    rw- .bss
  200040a0    200040a0    00000200   00000000    rw- .stack
  200042a0    200042a0    000001d8   00000000    rw- .data


SECTION ALLOCATION MAP

 output                                  attributes/
section   page    origin      length       input sections
--------  ----  ----------  ----------   ----------------
.intvecs   0    00000000    0000026c     
                  00000000    0000026c     tm4c123gh6pm_startup_ccs.obj (.intvecs)

.text      0    0000026c    000049c4     
                  0000026c    00001184     modulator.obj (.text)
                  000013f0    000009d0     rtsv7M4_T_le_v4SPD16_eabi.lib : e_pow.c.obj (.text:pow)
                  00001dc0    00000808     gpio.obj (.text)
                  000025c8    00000738     rtsv7M4_T_le_v4SPD16_eabi.lib : k_rem_pio2.c.obj (.text:__kernel_rem_pio2)
                  00002d00    000005e0                                   : s_sin.c.obj (.text:sin)
                  000032e0    00000460                                   : strtod.c.obj (.text:strtod)
                  00003740    000001b6                                   : fd_add_t2.asm.obj (.text)
                  000038f6    00000002                                   : _lock.c.obj (.text:_nop)
                  000038f8    00000174                                   : k_sin.c.obj (.text:__kernel_sin)
                  00003a6c    00000170                                   : k_cos.c.obj (.text:__kernel_cos)
                  00003bdc    00000160     spi0.obj (.text)
                  00003d3c    00000158     rtsv7M4_T_le_v4SPD16_eabi.lib : e_sqrt.c.obj (.text:sqrt)
                  00003e94    00000136                                   : fd_div_t2.asm.obj (.text)
                  00003fca    00000002                                   : div0.asm.obj (.text)
                  00003fcc    00000128     uart0.obj (.text)
                  000040f4    00000110     rtsv7M4_T_le_v4SPD16_eabi.lib : s_scalbn.c.obj (.text:scalbn)
                  00004204    000000fc                                   : fd_mul_t2.asm.obj (.text)
                  00004300    000000f8                                   : s_floor.c.obj (.text:floor)
                  000043f8    000000d4     nvic.obj (.text)
                  000044cc    000000c4     rtsv7M4_T_le_v4SPD16_eabi.lib : s_round.c.obj (.text:round)
                  00004590    0000009c                                   : memcpy_t2.asm.obj (.text)
                  0000462c    00000086                                   : fd_cmp_t2.asm.obj (.text:__aeabi_cdcmple)
                  000046b2    00000086                                   : fd_cmp_t2.asm.obj (.text:__aeabi_cdrcmple)
                  00004738    0000007a                                   : memset_t2.asm.obj (.text)
                  000047b2    0000006e                                   : fd_tos_t2.asm.obj (.text)
                  00004820    00000068                                   : copy_decompress_lzss.c.obj (.text:decompress:lzss:__TI_decompress_lzss)
                  00004888    0000005e                                   : i_divt2.asm.obj (.text)
                  000048e6    00000002     --HOLE-- [fill = 0]
                  000048e8    0000004c                                   : atoi.c.obj (.text:atoi)
                  00004934    00000048                                   : fd_toi_t2.asm.obj (.text)
                  0000497c    00000044                                   : autoinit.c.obj (.text:__TI_auto_init_nobinit_nopinit:__TI_auto_init_nobinit_nopinit)
                  000049c0    00000044                                   : fd_tou_t2.asm.obj (.text)
                  00004a04    00000040                                   : strtok.c.obj (.text:strtok)
                  00004a44    00000038                                   : fs_tod_t2.asm.obj (.text)
                  00004a7c    00000034                                   : boot_cortex_m.c.obj (.text:_c_int00_noargs:_c_int00_noargs)
                  00004ab0    00000034                                   : rand.c.obj (.text:rand)
                  00004ae4    0000002e                                   : i_tofd_t2.asm.obj (.text)
                  00004b12    0000002a                                   : strspn.c.obj (.text:strspn)
                  00004b3c    00000024     clock.obj (.text)
                  00004b60    00000024     rtsv7M4_T_le_v4SPD16_eabi.lib : strcspn.c.obj (.text:strcspn)
                  00004b84    00000020                                   : u_tofd_t2.asm.obj (.text)
                  00004ba4    0000001a                                   : s_copysign.c.obj (.text:copysign)
                  00004bbe    00000018                                   : strcmp.c.obj (.text:strcmp)
                  00004bd6    00000012                                   : atof.c.obj (.text:atof)
                  00004be8    00000010                                   : tolower.c.obj (.text:tolower)
                  00004bf8    0000000e                                   : copy_decompress_none.c.obj (.text:decompress:none:__TI_decompress_none)
                  00004c06    0000000c                                   : copy_zero_init.c.obj (.text:decompress:ZI:__TI_zero_init)
                  00004c12    0000000c     tm4c123gh6pm_startup_ccs.obj (.text)
                  00004c1e    00000002     --HOLE-- [fill = 0]
                  00004c20    00000008     rtsv7M4_T_le_v4SPD16_eabi.lib : errno.c.obj (.text:__aeabi_errno_addr)
                  00004c28    00000004                                   : pre_init.c.obj (.text:_system_pre_init)
                  00004c2c    00000004                                   : exit.c.obj (.text:abort:abort)

.const     0    00004c30    00000358     
                  00004c30    00000158     rtsv7M4_T_le_v4SPD16_eabi.lib : k_rem_pio2.c.obj (.const:$O1$$)
                  00004d88    00000101                                   : ctype.c.obj (.const:.string:_ctypes_)
                  00004e89    00000007     --HOLE-- [fill = 0]
                  00004e90    000000c8                                   : strtod.c.obj (.const:$O1$$)
                  00004f58    00000030                                   : e_pow.c.obj (.const:$O1$$)

.cinit     0    00004f88    00000128     
                  00004f88    00000102     (.cinit..data.load) [load image, compression = lzss]
                  0000508a    00000002     --HOLE-- [fill = 0]
                  0000508c    0000000c     (__TI_handler_table)
                  00005098    00000008     (.cinit..bss.load) [load image, compression = zero_init]
                  000050a0    00000010     (__TI_cinit_table)

.init_array 
*          0    00000000    00000000     UNINITIALIZED

.bss       0    20000000    0000409c     UNINITIALIZED
                  20000000    00002000     (.common:LUTA)
                  20002000    00002000     (.common:LUTB)
                  20004000    00000054     modulator.obj (.bss:strInput$1)
                  20004054    00000010     (.common:conv_pskI)
                  20004064    00000010     (.common:conv_pskQ)
                  20004074    00000010     (.common:pskI)
                  20004084    00000010     (.common:pskQ)
                  20004094    00000004     (.common:bufferPtrI)
                  20004098    00000004     (.common:bufferPtrQ)

.data      0    200042a0    000001d8     UNINITIALIZED
                  200042a0    0000007c     modulator.obj (.data:h_rrc)
                  2000431c    00000055     modulator.obj (.data)
                  20004371    00000003     --HOLE--
                  20004374    00000040     modulator.obj (.data:qam16I)
                  200043b4    00000040     modulator.obj (.data:qam16Q)
                  200043f4    00000020     modulator.obj (.data:psk8I)
                  20004414    00000020     modulator.obj (.data:psk8Q)
                  20004434    00000010     modulator.obj (.data:qpskI)
                  20004444    00000010     modulator.obj (.data:qpskQ)
                  20004454    00000008     rtsv7M4_T_le_v4SPD16_eabi.lib : _lock.c.obj (.data:$O1$$)
                  2000445c    00000008     modulator.obj (.data:bpskI)
                  20004464    00000008     modulator.obj (.data:bpskQ)
                  2000446c    00000004     rtsv7M4_T_le_v4SPD16_eabi.lib : errno.c.obj (.data)
                  20004470    00000004                                   : rand.c.obj (.data)
                  20004474    00000004                                   : strtok.c.obj (.data)

.stack     0    200040a0    00000200     UNINITIALIZED
                  200040a0    00000004     rtsv7M4_T_le_v4SPD16_eabi.lib : boot_cortex_m.c.obj (.stack)
                  200040a4    000001fc     --HOLE--

__llvm_prf_cnts 
*          0    20000000    00000000     UNINITIALIZED

MODULE SUMMARY

       Module                         code    ro data   rw data
       ------                         ----    -------   -------
    .\
       modulator.obj                  4484    0         16989  
       gpio.obj                       2056    0         0      
       tm4c123gh6pm_startup_ccs.obj   12      620       0      
       spi0.obj                       352     0         0      
       uart0.obj                      296     0         0      
       nvic.obj                       212     0         0      
       clock.obj                      36      0         0      
    +--+------------------------------+-------+---------+---------+
       Total:                         7448    620       16989  
                                                               
    C:\ti\ccs1200\ccs\tools\compiler\ti-cgt-arm_20.2.6.LTS\lib\rtsv7M4_T_le_v4SPD16_eabi.lib
       e_pow.c.obj                    2512    48        0      
       k_rem_pio2.c.obj               1848    344       0      
       s_sin.c.obj                    1504    0         0      
       strtod.c.obj                   1120    200       0      
       fd_add_t2.asm.obj              438     0         0      
       k_sin.c.obj                    372     0         0      
       k_cos.c.obj                    368     0         0      
       e_sqrt.c.obj                   344     0         0      
       fd_div_t2.asm.obj              310     0         0      
       s_scalbn.c.obj                 272     0         0      
       fd_cmp_t2.asm.obj              268     0         0      
       ctype.c.obj                    0       257       0      
       fd_mul_t2.asm.obj              252     0         0      
       s_floor.c.obj                  248     0         0      
       s_round.c.obj                  196     0         0      
       memcpy_t2.asm.obj              156     0         0      
       memset_t2.asm.obj              122     0         0      
       fd_tos_t2.asm.obj              110     0         0      
       copy_decompress_lzss.c.obj     104     0         0      
       i_divt2.asm.obj                94      0         0      
       atoi.c.obj                     76      0         0      
       fd_toi_t2.asm.obj              72      0         0      
       autoinit.c.obj                 68      0         0      
       fd_tou_t2.asm.obj              68      0         0      
       strtok.c.obj                   64      0         4      
       fs_tod_t2.asm.obj              56      0         0      
       rand.c.obj                     52      0         4      
       boot_cortex_m.c.obj            52      0         0      
       i_tofd_t2.asm.obj              46      0         0      
       strspn.c.obj                   42      0         0      
       strcspn.c.obj                  36      0         0      
       u_tofd_t2.asm.obj              32      0         0      
       s_copysign.c.obj               26      0         0      
       strcmp.c.obj                   24      0         0      
       atof.c.obj                     18      0         0      
       tolower.c.obj                  16      0         0      
       copy_decompress_none.c.obj     14      0         0      
       copy_zero_init.c.obj           12      0         0      
       errno.c.obj                    8       0         4      
       _lock.c.obj                    2       0         8      
       exit.c.obj                     4       0         0      
       pre_init.c.obj                 4       0         0      
       div0.asm.obj                   2       0         0      
    +--+------------------------------+-------+---------+---------+
       Total:                         11432   849       20     
                                                               
       Stack:                         0       0         512    
       Linker Generated:              0       294       0      
    +--+------------------------------+-------+---------+---------+
       Grand Total:                   18880   1763      17521  


LINKER GENERATED COPY TABLES

__TI_cinit_table @ 000050a0 records: 2, size/record: 8, table size: 16
	.data: load addr=00004f88, load size=00000102 bytes, run addr=200042a0, run size=000001d8 bytes, compression=lzss
	.bss: load addr=00005098, load size=00000008 bytes, run addr=20000000, run size=0000409c bytes, compression=zero_init


LINKER GENERATED HANDLER TABLE

__TI_handler_table @ 0000508c records: 3, size/record: 4, table size: 12
	index: 0, handler: __TI_decompress_lzss
	index: 1, handler: __TI_decompress_none
	index: 2, handler: __TI_zero_init


GLOBAL SYMBOLS: SORTED ALPHABETICALLY BY Name 

address   name                          
-------   ----                          
20004328  AnotB                         
00004c2d  C$$EXIT                       
20000000  LUTA                          
20002000  LUTB                          
00004c13  ResetISR                      
200042a0  __STACK_END                   
00000200  __STACK_SIZE                  
200042a0  __STACK_TOP                   
000050a0  __TI_CINIT_Base               
000050b0  __TI_CINIT_Limit              
0000508c  __TI_Handler_Table_Base       
00005098  __TI_Handler_Table_Limit      
0000497d  __TI_auto_init_nobinit_nopinit
00004821  __TI_decompress_lzss          
00004bf9  __TI_decompress_none          
ffffffff  __TI_pprof_out_hndl           
ffffffff  __TI_prof_data_size           
ffffffff  __TI_prof_data_start          
00000000  __TI_static_base__            
00004c07  __TI_zero_init                
0000462d  __aeabi_cdcmpeq               
0000462d  __aeabi_cdcmple               
000046b3  __aeabi_cdrcmple              
000047b3  __aeabi_d2f                   
00004935  __aeabi_d2iz                  
000049c1  __aeabi_d2uiz                 
0000374b  __aeabi_dadd                  
00003e95  __aeabi_ddiv                  
00004205  __aeabi_dmul                  
00003741  __aeabi_dsub                  
00004c21  __aeabi_errno_addr            
00004a45  __aeabi_f2d                   
00004ae5  __aeabi_i2d                   
00004889  __aeabi_idiv                  
00003fcb  __aeabi_idiv0                 
00004889  __aeabi_idivmod               
00003fcb  __aeabi_ldiv0                 
00004739  __aeabi_memclr                
00004739  __aeabi_memclr4               
00004739  __aeabi_memclr8               
00004591  __aeabi_memcpy                
00004591  __aeabi_memcpy4               
00004591  __aeabi_memcpy8               
0000473b  __aeabi_memset                
0000473b  __aeabi_memset4               
0000473b  __aeabi_memset8               
00004b85  __aeabi_ui2d                  
ffffffff  __binit__                     
ffffffff  __c_args__                    
00003a6d  __kernel_cos                  
000025c9  __kernel_rem_pio2             
000038f9  __kernel_sin                  
UNDEFED   __mpu_init                    
200040a0  __stack                       
20000000  __start___llvm_prf_cnts       
20000000  __stop___llvm_prf_cnts        
00004a7d  _c_int00_noargs               
00004d88  _ctypes_                      
20004454  _lock                         
000038f7  _nop                          
UNDEFED   _system_post_cinit            
00004c29  _system_pre_init              
20004458  _unlock                       
00004c2d  abort                         
2000432c  amplitude                     
00004bd7  atof                          
000048e9  atoi                          
ffffffff  binit                         
20004334  bitsToParse                   
2000445c  bpskI                         
20004464  bpskQ                         
20004094  bufferPtrI                    
20004098  bufferPtrQ                    
20004360  check1                        
20004364  check2                        
00002415  clearPinInterrupt             
000006ad  conv_Arr                      
20004350  conv_len                      
20004054  conv_pskI                     
20004064  conv_pskQ                     
00004ba5  copysign                      
00004ba5  copysignl                     
2000435c  current                       
20004330  degreeShift                   
00004431  disableNvicInterrupt          
000023f1  disablePinInterrupt           
00002129  disablePinPulldown            
000020e1  disablePinPullup              
00001e7d  disablePort                   
000043f9  enableNvicInterrupt           
000023cd  enablePinInterrupt            
00002105  enablePinPulldown             
000020b3  enablePinPullup               
00001dc1  enablePort                    
2000446c  errno                         
00004301  floor                         
00004301  floorl                        
00000000  g_pfnVectors                  
00002483  getPinValue                   
00002539  getPortValue                  
000040a3  getcUart0                     
200042a0  h_rrc                         
20004344  index                         
20004320  indexA                        
20004324  indexB                        
00000881  initHw                        
0000026d  initLdacTimer                 
00003bdd  initSpi0                      
00000323  initSymbolTimer               
00004b3d  initSystemClockTo40Mhz        
00004b45  initSystemClockTo80Mhz        
00003fcd  initUart0                     
2000434c  isDC                          
2000434d  isFilter                      
20004340  isMod                         
20004368  isQam                         
000040b7  kbhitUart0                    
000002c5  ldacTimerIsr                  
000040f5  ldexp                         
000040f5  ldexpl                        
0000120d  main                          
00004591  memcpy                        
00004741  memset                        
2000433c  modIndex                      
20004348  modMask                       
2000436c  phaseShift                    
000013f1  pow                           
000013f1  powl                          
00000ac1  processShell                  
200043f4  psk8I                         
20004414  psk8Q                         
20004074  pskI                          
20004084  pskQ                          
20004358  psk_pos_idx                   
0000405b  putcUart0                     
00004077  putsUart0                     
20004374  qam16I                        
200043b4  qam16Q                        
20004434  qpskI                         
20004444  qpskQ                         
00004ab1  rand                          
20004354  rcc_pos_idx                   
00003d15  readSpi0Data                  
000044cd  round                         
000044cd  roundl                        
000040f5  scalbn                        
000040f5  scalbnl                       
00001fe7  selectPinAnalogInput          
00001f99  selectPinDigitalInput         
00002303  selectPinInterruptBothEdges   
000022b3  selectPinInterruptFallingEdge 
00002359  selectPinInterruptHighLevel   
00002393  selectPinInterruptLowLevel    
00002263  selectPinInterruptRisingEdge  
00001f4b  selectPinOpenDrainOutput      
00001efd  selectPinPushPullOutput       
00004469  setNvicInterruptPriority      
00002151  setPinAuxFunction             
00002037  setPinCommitControl           
00002439  setPinValue                   
000024c1  setPortValue                  
00003c79  setSpi0BaudRate               
00003caf  setSpi0Mode                   
000002e1  setSymbolRate                 
00004017  setUart0BaudRate              
20004338  shiftBy                       
00002d01  sin                           
00002d01  sinl                          
00003d3d  sqrt                          
00003d3d  sqrtl                         
00004bbf  strcmp                        
00004b61  strcspn                       
00004b13  strspn                        
000032e1  strtod                        
00004a05  strtok                        
000032e1  strtold                       
000003b5  symbolTimerIsr                
0000245f  togglePinValue                
000009c9  tokenizeInput                 
00004be9  tolower                       
20004329  toneCommand                   
2000431c  valueA                        
2000431e  valueB                        
00003cfd  writeSpi0Data                 


GLOBAL SYMBOLS: SORTED BY Symbol Address 

address   name                          
-------   ----                          
00000000  __TI_static_base__            
00000000  g_pfnVectors                  
00000200  __STACK_SIZE                  
0000026d  initLdacTimer                 
000002c5  ldacTimerIsr                  
000002e1  setSymbolRate                 
00000323  initSymbolTimer               
000003b5  symbolTimerIsr                
000006ad  conv_Arr                      
00000881  initHw                        
000009c9  tokenizeInput                 
00000ac1  processShell                  
0000120d  main                          
000013f1  pow                           
000013f1  powl                          
00001dc1  enablePort                    
00001e7d  disablePort                   
00001efd  selectPinPushPullOutput       
00001f4b  selectPinOpenDrainOutput      
00001f99  selectPinDigitalInput         
00001fe7  selectPinAnalogInput          
00002037  setPinCommitControl           
000020b3  enablePinPullup               
000020e1  disablePinPullup              
00002105  enablePinPulldown             
00002129  disablePinPulldown            
00002151  setPinAuxFunction             
00002263  selectPinInterruptRisingEdge  
000022b3  selectPinInterruptFallingEdge 
00002303  selectPinInterruptBothEdges   
00002359  selectPinInterruptHighLevel   
00002393  selectPinInterruptLowLevel    
000023cd  enablePinInterrupt            
000023f1  disablePinInterrupt           
00002415  clearPinInterrupt             
00002439  setPinValue                   
0000245f  togglePinValue                
00002483  getPinValue                   
000024c1  setPortValue                  
00002539  getPortValue                  
000025c9  __kernel_rem_pio2             
00002d01  sin                           
00002d01  sinl                          
000032e1  strtod                        
000032e1  strtold                       
00003741  __aeabi_dsub                  
0000374b  __aeabi_dadd                  
000038f7  _nop                          
000038f9  __kernel_sin                  
00003a6d  __kernel_cos                  
00003bdd  initSpi0                      
00003c79  setSpi0BaudRate               
00003caf  setSpi0Mode                   
00003cfd  writeSpi0Data                 
00003d15  readSpi0Data                  
00003d3d  sqrt                          
00003d3d  sqrtl                         
00003e95  __aeabi_ddiv                  
00003fcb  __aeabi_idiv0                 
00003fcb  __aeabi_ldiv0                 
00003fcd  initUart0                     
00004017  setUart0BaudRate              
0000405b  putcUart0                     
00004077  putsUart0                     
000040a3  getcUart0                     
000040b7  kbhitUart0                    
000040f5  ldexp                         
000040f5  ldexpl                        
000040f5  scalbn                        
000040f5  scalbnl                       
00004205  __aeabi_dmul                  
00004301  floor                         
00004301  floorl                        
000043f9  enableNvicInterrupt           
00004431  disableNvicInterrupt          
00004469  setNvicInterruptPriority      
000044cd  round                         
000044cd  roundl                        
00004591  __aeabi_memcpy                
00004591  __aeabi_memcpy4               
00004591  __aeabi_memcpy8               
00004591  memcpy                        
0000462d  __aeabi_cdcmpeq               
0000462d  __aeabi_cdcmple               
000046b3  __aeabi_cdrcmple              
00004739  __aeabi_memclr                
00004739  __aeabi_memclr4               
00004739  __aeabi_memclr8               
0000473b  __aeabi_memset                
0000473b  __aeabi_memset4               
0000473b  __aeabi_memset8               
00004741  memset                        
000047b3  __aeabi_d2f                   
00004821  __TI_decompress_lzss          
00004889  __aeabi_idiv                  
00004889  __aeabi_idivmod               
000048e9  atoi                          
00004935  __aeabi_d2iz                  
0000497d  __TI_auto_init_nobinit_nopinit
000049c1  __aeabi_d2uiz                 
00004a05  strtok                        
00004a45  __aeabi_f2d                   
00004a7d  _c_int00_noargs               
00004ab1  rand                          
00004ae5  __aeabi_i2d                   
00004b13  strspn                        
00004b3d  initSystemClockTo40Mhz        
00004b45  initSystemClockTo80Mhz        
00004b61  strcspn                       
00004b85  __aeabi_ui2d                  
00004ba5  copysign                      
00004ba5  copysignl                     
00004bbf  strcmp                        
00004bd7  atof                          
00004be9  tolower                       
00004bf9  __TI_decompress_none          
00004c07  __TI_zero_init                
00004c13  ResetISR                      
00004c21  __aeabi_errno_addr            
00004c29  _system_pre_init              
00004c2d  C$$EXIT                       
00004c2d  abort                         
00004d88  _ctypes_                      
0000508c  __TI_Handler_Table_Base       
00005098  __TI_Handler_Table_Limit      
000050a0  __TI_CINIT_Base               
000050b0  __TI_CINIT_Limit              
20000000  LUTA                          
20000000  __start___llvm_prf_cnts       
20000000  __stop___llvm_prf_cnts        
20002000  LUTB                          
20004054  conv_pskI                     
20004064  conv_pskQ                     
20004074  pskI                          
20004084  pskQ                          
20004094  bufferPtrI                    
20004098  bufferPtrQ                    
200040a0  __stack                       
200042a0  __STACK_END                   
200042a0  __STACK_TOP                   
200042a0  h_rrc                         
2000431c  valueA                        
2000431e  valueB                        
20004320  indexA                        
20004324  indexB                        
20004328  AnotB                         
20004329  toneCommand                   
2000432c  amplitude                     
20004330  degreeShift                   
20004334  bitsToParse                   
20004338  shiftBy                       
2000433c  modIndex                      
20004340  isMod                         
20004344  index                         
20004348  modMask                       
2000434c  isDC                          
2000434d  isFilter                      
20004350  conv_len                      
20004354  rcc_pos_idx                   
20004358  psk_pos_idx                   
2000435c  current                       
20004360  check1                        
20004364  check2                        
20004368  isQam                         
2000436c  phaseShift                    
20004374  qam16I                        
200043b4  qam16Q                        
200043f4  psk8I                         
20004414  psk8Q                         
20004434  qpskI                         
20004444  qpskQ                         
20004454  _lock                         
20004458  _unlock                       
2000445c  bpskI                         
20004464  bpskQ                         
2000446c  errno                         
ffffffff  __TI_pprof_out_hndl           
ffffffff  __TI_prof_data_size           
ffffffff  __TI_prof_data_start          
ffffffff  __binit__                     
ffffffff  __c_args__                    
ffffffff  binit                         
UNDEFED   __mpu_init                    
UNDEFED   _system_post_cinit            

[184 symbols]
