******************************************************************************
                  TI ARM Linker PC v20.2.6                     
******************************************************************************
>> Linked Thu Feb 16 18:07:13 2023

OUTPUT FILE NAME:   <wirelessLab1.out>
ENTRY POINT SYMBOL: "_c_int00_noargs"  address: 00003551


MEMORY CONFIGURATION

         name            origin    length      used     unused   attr    fill
----------------------  --------  ---------  --------  --------  ----  --------
  FLASH                 00000000   00040000  000039f4  0003c60c  R  X
  SRAM                  20000000   00008000  00004268  00003d98  RW X


SEGMENT ALLOCATION MAP

run origin  load origin   length   init length attrs members
----------  ----------- ---------- ----------- ----- -------
00000000    00000000    000039f8   000039f8    r-x
  00000000    00000000    0000026c   0000026c    r-- .intvecs
  0000026c    0000026c    00003430   00003430    r-x .text
  000036a0    000036a0    00000328   00000328    r-- .const
  000039c8    000039c8    00000030   00000030    r-- .cinit
20000000    20000000    0000426c   00000000    rw-
  20000000    20000000    00004054   00000000    rw- .bss
  20004058    20004058    00000200   00000000    rw- .stack
  20004258    20004258    00000014   00000000    rw- .data


SECTION ALLOCATION MAP

 output                                  attributes/
section   page    origin      length       input sections
--------  ----  ----------  ----------   ----------------
.intvecs   0    00000000    0000026c     
                  00000000    0000026c     tm4c123gh6pm_startup_ccs.obj (.intvecs)

.text      0    0000026c    00003430     
                  0000026c    0000082c     modulator.obj (.text)
                  00000a98    000007c0     gpio.obj (.text)
                  00001258    00000738     rtsv7M4_T_le_v4SPD16_eabi.lib : k_rem_pio2.c.obj (.text:__kernel_rem_pio2)
                  00001990    000005e0                                   : s_sin.c.obj (.text:sin)
                  00001f70    00000460                                   : strtod.c.obj (.text:strtod)
                  000023d0    000001b6                                   : fd_add_t2.asm.obj (.text)
                  00002586    00000002     --HOLE-- [fill = 0]
                  00002588    00000174                                   : k_sin.c.obj (.text:__kernel_sin)
                  000026fc    00000170                                   : k_cos.c.obj (.text:__kernel_cos)
                  0000286c    00000160     spi0.obj (.text)
                  000029cc    00000136     rtsv7M4_T_le_v4SPD16_eabi.lib : fd_div_t2.asm.obj (.text)
                  00002b02    00000002     --HOLE-- [fill = 0]
                  00002b04    00000124     uart0.obj (.text)
                  00002c28    00000110     rtsv7M4_T_le_v4SPD16_eabi.lib : s_scalbn.c.obj (.text:scalbn)
                  00002d38    000000fc                                   : fd_mul_t2.asm.obj (.text)
                  00002e34    000000f8                                   : s_floor.c.obj (.text:floor)
                  00002f2c    000000d4     nvic.obj (.text)
                  00003000    000000c4     rtsv7M4_T_le_v4SPD16_eabi.lib : s_round.c.obj (.text:round)
                  000030c4    0000009c                                   : memcpy_t2.asm.obj (.text)
                  00003160    00000086                                   : fd_cmp_t2.asm.obj (.text:__aeabi_cdcmple)
                  000031e6    00000086                                   : fd_cmp_t2.asm.obj (.text:__aeabi_cdrcmple)
                  0000326c    0000007a                                   : memset_t2.asm.obj (.text)
                  000032e6    0000006e                                   : fd_tos_t2.asm.obj (.text)
                  00003354    00000068                                   : copy_decompress_lzss.c.obj (.text:decompress:lzss:__TI_decompress_lzss)
                  000033bc    0000004c                                   : atoi.c.obj (.text:atoi)
                  00003408    00000048                                   : fd_toi_t2.asm.obj (.text)
                  00003450    00000044                                   : autoinit.c.obj (.text:__TI_auto_init_nobinit_nopinit:__TI_auto_init_nobinit_nopinit)
                  00003494    00000044                                   : fd_tou_t2.asm.obj (.text)
                  000034d8    00000040                                   : strtok.c.obj (.text:strtok)
                  00003518    00000038                                   : fs_tod_t2.asm.obj (.text)
                  00003550    00000034                                   : boot_cortex_m.c.obj (.text:_c_int00_noargs:_c_int00_noargs)
                  00003584    0000002e                                   : i_tofd_t2.asm.obj (.text)
                  000035b2    0000002a                                   : strspn.c.obj (.text:strspn)
                  000035dc    00000024                                   : strcspn.c.obj (.text:strcspn)
                  00003600    0000001a                                   : s_copysign.c.obj (.text:copysign)
                  0000361a    00000018                                   : strcmp.c.obj (.text:strcmp)
                  00003632    00000012                                   : atof.c.obj (.text:atof)
                  00003644    00000010     clock.obj (.text)
                  00003654    00000010     rtsv7M4_T_le_v4SPD16_eabi.lib : tolower.c.obj (.text:tolower)
                  00003664    0000000e                                   : copy_decompress_none.c.obj (.text:decompress:none:__TI_decompress_none)
                  00003672    0000000c                                   : copy_zero_init.c.obj (.text:decompress:ZI:__TI_zero_init)
                  0000367e    0000000c     tm4c123gh6pm_startup_ccs.obj (.text)
                  0000368a    00000002     --HOLE-- [fill = 0]
                  0000368c    00000008     rtsv7M4_T_le_v4SPD16_eabi.lib : errno.c.obj (.text:__aeabi_errno_addr)
                  00003694    00000004                                   : pre_init.c.obj (.text:_system_pre_init)
                  00003698    00000004                                   : exit.c.obj (.text:abort:abort)

.const     0    000036a0    00000328     
                  000036a0    00000158     rtsv7M4_T_le_v4SPD16_eabi.lib : k_rem_pio2.c.obj (.const:$O1$$)
                  000037f8    00000101                                   : ctype.c.obj (.const:.string:_ctypes_)
                  000038f9    00000007     --HOLE-- [fill = 0]
                  00003900    000000c8                                   : strtod.c.obj (.const:$O1$$)

.cinit     0    000039c8    00000030     
                  000039c8    0000000c     (__TI_handler_table)
                  000039d4    0000000b     (.cinit..data.load) [load image, compression = lzss]
                  000039df    00000001     --HOLE-- [fill = 0]
                  000039e0    00000008     (.cinit..bss.load) [load image, compression = zero_init]
                  000039e8    00000010     (__TI_cinit_table)

.init_array 
*          0    00000000    00000000     UNINITIALIZED

.bss       0    20000000    00004054     UNINITIALIZED
                  20000000    00002000     (.common:LUTA)
                  20002000    00002000     (.common:LUTB)
                  20004000    00000054     modulator.obj (.bss:strInput$1)

.data      0    20004258    00000014     UNINITIALIZED
                  20004258    0000000c     modulator.obj (.data)
                  20004264    00000004     rtsv7M4_T_le_v4SPD16_eabi.lib : errno.c.obj (.data)
                  20004268    00000004                                   : strtok.c.obj (.data)

.stack     0    20004058    00000200     UNINITIALIZED
                  20004058    00000004     rtsv7M4_T_le_v4SPD16_eabi.lib : boot_cortex_m.c.obj (.stack)
                  2000405c    000001fc     --HOLE--

__llvm_prf_cnts 
*          0    20000000    00000000     UNINITIALIZED

MODULE SUMMARY

       Module                         code    ro data   rw data
       ------                         ----    -------   -------
    .\
       modulator.obj                  2092    0         16480  
       gpio.obj                       1984    0         0      
       tm4c123gh6pm_startup_ccs.obj   12      620       0      
       spi0.obj                       352     0         0      
       uart0.obj                      292     0         0      
       nvic.obj                       212     0         0      
       clock.obj                      16      0         0      
    +--+------------------------------+-------+---------+---------+
       Total:                         4960    620       16480  
                                                               
    C:\ti\ccs1200\ccs\tools\compiler\ti-cgt-arm_20.2.6.LTS\lib\rtsv7M4_T_le_v4SPD16_eabi.lib
       k_rem_pio2.c.obj               1848    344       0      
       s_sin.c.obj                    1504    0         0      
       strtod.c.obj                   1120    200       0      
       fd_add_t2.asm.obj              438     0         0      
       k_sin.c.obj                    372     0         0      
       k_cos.c.obj                    368     0         0      
       fd_div_t2.asm.obj              310     0         0      
       s_scalbn.c.obj                 272     0         0      
       fd_cmp_t2.asm.obj              268     0         0      
       ctype.c.obj                    0       257       0      
       fd_mul_t2.asm.obj              252     0         0      
       s_floor.c.obj                  248     0         0      
       s_round.c.obj                  196     0         0      
       memcpy_t2.asm.obj              156     0         0      
       memset_t2.asm.obj              122     0         0      
       fd_tos_t2.asm.obj              110     0         0      
       copy_decompress_lzss.c.obj     104     0         0      
       atoi.c.obj                     76      0         0      
       fd_toi_t2.asm.obj              72      0         0      
       autoinit.c.obj                 68      0         0      
       fd_tou_t2.asm.obj              68      0         0      
       strtok.c.obj                   64      0         4      
       fs_tod_t2.asm.obj              56      0         0      
       boot_cortex_m.c.obj            52      0         0      
       i_tofd_t2.asm.obj              46      0         0      
       strspn.c.obj                   42      0         0      
       strcspn.c.obj                  36      0         0      
       s_copysign.c.obj               26      0         0      
       strcmp.c.obj                   24      0         0      
       atof.c.obj                     18      0         0      
       tolower.c.obj                  16      0         0      
       copy_decompress_none.c.obj     14      0         0      
       copy_zero_init.c.obj           12      0         0      
       errno.c.obj                    8       0         4      
       exit.c.obj                     4       0         0      
       pre_init.c.obj                 4       0         0      
    +--+------------------------------+-------+---------+---------+
       Total:                         8394    801       8      
                                                               
       Stack:                         0       0         512    
       Linker Generated:              0       47        0      
    +--+------------------------------+-------+---------+---------+
       Grand Total:                   13354   1468      17000  


LINKER GENERATED COPY TABLES

__TI_cinit_table @ 000039e8 records: 2, size/record: 8, table size: 16
	.data: load addr=000039d4, load size=0000000b bytes, run addr=20004258, run size=00000014 bytes, compression=lzss
	.bss: load addr=000039e0, load size=00000008 bytes, run addr=20000000, run size=00004054 bytes, compression=zero_init


LINKER GENERATED HANDLER TABLE

__TI_handler_table @ 000039c8 records: 3, size/record: 4, table size: 12
	index: 0, handler: __TI_decompress_lzss
	index: 1, handler: __TI_decompress_none
	index: 2, handler: __TI_zero_init


GLOBAL SYMBOLS: SORTED ALPHABETICALLY BY Name 

address   name                          
-------   ----                          
00003699  C$$EXIT                       
20004262  DACA                          
2000425a  DCValueA                      
2000425c  DCValueB                      
20000000  LUTA                          
20002000  LUTB                          
0000367f  ResetISR                      
20004258  __STACK_END                   
00000200  __STACK_SIZE                  
20004258  __STACK_TOP                   
000039e8  __TI_CINIT_Base               
000039f8  __TI_CINIT_Limit              
000039c8  __TI_Handler_Table_Base       
000039d4  __TI_Handler_Table_Limit      
00003451  __TI_auto_init_nobinit_nopinit
00003355  __TI_decompress_lzss          
00003665  __TI_decompress_none          
ffffffff  __TI_pprof_out_hndl           
ffffffff  __TI_prof_data_size           
ffffffff  __TI_prof_data_start          
00000000  __TI_static_base__            
00003673  __TI_zero_init                
00003161  __aeabi_cdcmpeq               
00003161  __aeabi_cdcmple               
000031e7  __aeabi_cdrcmple              
000032e7  __aeabi_d2f                   
00003409  __aeabi_d2iz                  
00003495  __aeabi_d2uiz                 
000023db  __aeabi_dadd                  
000029cd  __aeabi_ddiv                  
00002d39  __aeabi_dmul                  
000023d1  __aeabi_dsub                  
0000368d  __aeabi_errno_addr            
00003519  __aeabi_f2d                   
00003585  __aeabi_i2d                   
0000326d  __aeabi_memclr                
0000326d  __aeabi_memclr4               
0000326d  __aeabi_memclr8               
000030c5  __aeabi_memcpy                
000030c5  __aeabi_memcpy4               
000030c5  __aeabi_memcpy8               
0000326f  __aeabi_memset                
0000326f  __aeabi_memset4               
0000326f  __aeabi_memset8               
ffffffff  __binit__                     
ffffffff  __c_args__                    
000026fd  __kernel_cos                  
00001259  __kernel_rem_pio2             
00002589  __kernel_sin                  
UNDEFED   __mpu_init                    
20004058  __stack                       
20000000  __start___llvm_prf_cnts       
20000000  __stop___llvm_prf_cnts        
00003551  _c_int00_noargs               
000037f8  _ctypes_                      
UNDEFED   _system_post_cinit            
00003695  _system_pre_init              
00003699  abort                         
00003633  atof                          
000033bd  atoi                          
ffffffff  binit                         
00003601  copysign                      
00003601  copysignl                     
00002f65  disableNvicInterrupt          
000010c9  disablePinInterrupt           
00000e01  disablePinPulldown            
00000db9  disablePinPullup              
00000b55  disablePort                   
00002f2d  enableNvicInterrupt           
000010a5  enablePinInterrupt            
00000ddd  enablePinPulldown             
00000d8b  enablePinPullup               
00000a99  enablePort                    
20004264  errno                         
00002e35  floor                         
00002e35  floorl                        
00000000  g_pfnVectors                  
00001113  getPinValue                   
000011c9  getPortValue                  
00002bd7  getcUart0                     
20004258  index                         
2000425e  indexA                        
20004260  indexB                        
00000403  initHw                        
0000286d  initSpi0                      
0000029b  initSymbolTimer               
00003645  initSystemClockTo40Mhz        
00002b05  initUart0                     
00002beb  kbhitUart0                    
00002c29  ldexp                         
00002c29  ldexpl                        
000007dd  main                          
000030c5  memcpy                        
00003275  memset                        
000004e5  processShell                  
00002b8f  putcUart0                     
00002bab  putsUart0                     
000029a5  readSpi0Data                  
00003001  round                         
00003001  roundl                        
00002c29  scalbn                        
00002c29  scalbnl                       
00000cbf  selectPinAnalogInput          
00000c71  selectPinDigitalInput         
00000fdb  selectPinInterruptBothEdges   
00000f8b  selectPinInterruptFallingEdge 
00001031  selectPinInterruptHighLevel   
0000106b  selectPinInterruptLowLevel    
00000f3b  selectPinInterruptRisingEdge  
00000c23  selectPinOpenDrainOutput      
00000bd5  selectPinPushPullOutput       
00002f9d  setNvicInterruptPriority      
00000e29  setPinAuxFunction             
00000d0f  setPinCommitControl           
000010ed  setPinValue                   
00001145  setPortValue                  
00002909  setSpi0BaudRate               
0000293f  setSpi0Mode                   
0000026d  setSymbolRate                 
00002b4f  setUart0BaudRate              
00001991  sin                           
00001991  sinl                          
0000361b  strcmp                        
000035dd  strcspn                       
000035b3  strspn                        
00001f71  strtod                        
000034d9  strtok                        
00001f71  strtold                       
000002f3  symbolTimerIsr                
00000439  tokenizeInput                 
00003655  tolower                       
0000298d  writeSpi0Data                 


GLOBAL SYMBOLS: SORTED BY Symbol Address 

address   name                          
-------   ----                          
00000000  __TI_static_base__            
00000000  g_pfnVectors                  
00000200  __STACK_SIZE                  
0000026d  setSymbolRate                 
0000029b  initSymbolTimer               
000002f3  symbolTimerIsr                
00000403  initHw                        
00000439  tokenizeInput                 
000004e5  processShell                  
000007dd  main                          
00000a99  enablePort                    
00000b55  disablePort                   
00000bd5  selectPinPushPullOutput       
00000c23  selectPinOpenDrainOutput      
00000c71  selectPinDigitalInput         
00000cbf  selectPinAnalogInput          
00000d0f  setPinCommitControl           
00000d8b  enablePinPullup               
00000db9  disablePinPullup              
00000ddd  enablePinPulldown             
00000e01  disablePinPulldown            
00000e29  setPinAuxFunction             
00000f3b  selectPinInterruptRisingEdge  
00000f8b  selectPinInterruptFallingEdge 
00000fdb  selectPinInterruptBothEdges   
00001031  selectPinInterruptHighLevel   
0000106b  selectPinInterruptLowLevel    
000010a5  enablePinInterrupt            
000010c9  disablePinInterrupt           
000010ed  setPinValue                   
00001113  getPinValue                   
00001145  setPortValue                  
000011c9  getPortValue                  
00001259  __kernel_rem_pio2             
00001991  sin                           
00001991  sinl                          
00001f71  strtod                        
00001f71  strtold                       
000023d1  __aeabi_dsub                  
000023db  __aeabi_dadd                  
00002589  __kernel_sin                  
000026fd  __kernel_cos                  
0000286d  initSpi0                      
00002909  setSpi0BaudRate               
0000293f  setSpi0Mode                   
0000298d  writeSpi0Data                 
000029a5  readSpi0Data                  
000029cd  __aeabi_ddiv                  
00002b05  initUart0                     
00002b4f  setUart0BaudRate              
00002b8f  putcUart0                     
00002bab  putsUart0                     
00002bd7  getcUart0                     
00002beb  kbhitUart0                    
00002c29  ldexp                         
00002c29  ldexpl                        
00002c29  scalbn                        
00002c29  scalbnl                       
00002d39  __aeabi_dmul                  
00002e35  floor                         
00002e35  floorl                        
00002f2d  enableNvicInterrupt           
00002f65  disableNvicInterrupt          
00002f9d  setNvicInterruptPriority      
00003001  round                         
00003001  roundl                        
000030c5  __aeabi_memcpy                
000030c5  __aeabi_memcpy4               
000030c5  __aeabi_memcpy8               
000030c5  memcpy                        
00003161  __aeabi_cdcmpeq               
00003161  __aeabi_cdcmple               
000031e7  __aeabi_cdrcmple              
0000326d  __aeabi_memclr                
0000326d  __aeabi_memclr4               
0000326d  __aeabi_memclr8               
0000326f  __aeabi_memset                
0000326f  __aeabi_memset4               
0000326f  __aeabi_memset8               
00003275  memset                        
000032e7  __aeabi_d2f                   
00003355  __TI_decompress_lzss          
000033bd  atoi                          
00003409  __aeabi_d2iz                  
00003451  __TI_auto_init_nobinit_nopinit
00003495  __aeabi_d2uiz                 
000034d9  strtok                        
00003519  __aeabi_f2d                   
00003551  _c_int00_noargs               
00003585  __aeabi_i2d                   
000035b3  strspn                        
000035dd  strcspn                       
00003601  copysign                      
00003601  copysignl                     
0000361b  strcmp                        
00003633  atof                          
00003645  initSystemClockTo40Mhz        
00003655  tolower                       
00003665  __TI_decompress_none          
00003673  __TI_zero_init                
0000367f  ResetISR                      
0000368d  __aeabi_errno_addr            
00003695  _system_pre_init              
00003699  C$$EXIT                       
00003699  abort                         
000037f8  _ctypes_                      
000039c8  __TI_Handler_Table_Base       
000039d4  __TI_Handler_Table_Limit      
000039e8  __TI_CINIT_Base               
000039f8  __TI_CINIT_Limit              
20000000  LUTA                          
20000000  __start___llvm_prf_cnts       
20000000  __stop___llvm_prf_cnts        
20002000  LUTB                          
20004058  __stack                       
20004258  __STACK_END                   
20004258  __STACK_TOP                   
20004258  index                         
2000425a  DCValueA                      
2000425c  DCValueB                      
2000425e  indexA                        
20004260  indexB                        
20004262  DACA                          
20004264  errno                         
ffffffff  __TI_pprof_out_hndl           
ffffffff  __TI_prof_data_size           
ffffffff  __TI_prof_data_start          
ffffffff  __binit__                     
ffffffff  __c_args__                    
ffffffff  binit                         
UNDEFED   __mpu_init                    
UNDEFED   _system_post_cinit            

[132 symbols]
