******************************************************************************
                  TI ARM Linker PC v20.2.6                     
******************************************************************************
>> Linked Fri Feb 17 14:04:01 2023

OUTPUT FILE NAME:   <wirelessLab1.out>
ENTRY POINT SYMBOL: "_c_int00_noargs"  address: 00002491


MEMORY CONFIGURATION

         name            origin    length      used     unused   attr    fill
----------------------  --------  ---------  --------  --------  ----  --------
  FLASH                 00000000   00040000  000027dc  0003d824  R  X
  SRAM                  20000000   00008000  00005068  00002f98  RW X


SEGMENT ALLOCATION MAP

run origin  load origin   length   init length attrs members
----------  ----------- ---------- ----------- ----- -------
00000000    00000000    000027e0   000027e0    r-x
  00000000    00000000    0000026c   0000026c    r-- .intvecs
  0000026c    0000026c    00002368   00002368    r-x .text
  000025d8    000025d8    000001d0   000001d0    r-- .const
  000027a8    000027a8    00000038   00000038    r-- .cinit
20000000    20000000    0000506c   00000000    rw-
  20000000    20000000    00004054   00000000    rw- .bss
  20004058    20004058    00001000   00000000    rw- .stack
  20005058    20005058    00000014   00000000    rw- .data


SECTION ALLOCATION MAP

 output                                  attributes/
section   page    origin      length       input sections
--------  ----  ----------  ----------   ----------------
.intvecs   0    00000000    0000026c     
                  00000000    0000026c     tm4c123gh6pm_startup_ccs.obj (.intvecs)

.text      0    0000026c    00002368     
                  0000026c    000007cc     modulator.obj (.text)
                  00000a38    000007c0     gpio.obj (.text)
                  000011f8    00000460     rtsv7M4_T_le_v4SPD16_eabi.lib : strtod.c.obj (.text:strtod)
                  00001658    000001b6                                   : fd_add_t2.asm.obj (.text)
                  0000180e    00000002     --HOLE-- [fill = 0]
                  00001810    00000144     spi0.obj (.text)
                  00001954    00000136     rtsv7M4_T_le_v4SPD16_eabi.lib : fd_div_t2.asm.obj (.text)
                  00001a8a    00000002     --HOLE-- [fill = 0]
                  00001a8c    00000124     uart0.obj (.text)
                  00001bb0    00000110     rtsv7M4_T_le_v4SPD16_eabi.lib : s_scalbn.c.obj (.text:scalbn)
                  00001cc0    000000fc                                   : fd_mul_t2.asm.obj (.text)
                  00001dbc    000000f8                                   : s_floor.c.obj (.text:floor)
                  00001eb4    000000d4     nvic.obj (.text)
                  00001f88    000000c4     rtsv7M4_T_le_v4SPD16_eabi.lib : s_round.c.obj (.text:round)
                  0000204c    0000009c                                   : memcpy_t2.asm.obj (.text)
                  000020e8    00000086                                   : fd_cmp_t2.asm.obj (.text:__aeabi_cdcmple)
                  0000216e    00000086                                   : fd_cmp_t2.asm.obj (.text:__aeabi_cdrcmple)
                  000021f4    0000007a                                   : memset_t2.asm.obj (.text)
                  0000226e    0000006e                                   : fd_tos_t2.asm.obj (.text)
                  000022dc    00000068                                   : copy_decompress_lzss.c.obj (.text:decompress:lzss:__TI_decompress_lzss)
                  00002344    0000004c                                   : atoi.c.obj (.text:atoi)
                  00002390    00000044                                   : autoinit.c.obj (.text:__TI_auto_init_nobinit_nopinit:__TI_auto_init_nobinit_nopinit)
                  000023d4    00000044                                   : fd_tou_t2.asm.obj (.text)
                  00002418    00000040                                   : strtok.c.obj (.text:strtok)
                  00002458    00000038                                   : fs_tod_t2.asm.obj (.text)
                  00002490    00000034                                   : boot_cortex_m.c.obj (.text:_c_int00_noargs:_c_int00_noargs)
                  000024c4    0000002a                                   : strspn.c.obj (.text:strspn)
                  000024ee    00000024                                   : strcspn.c.obj (.text:strcspn)
                  00002512    00000024     wait.obj (.text)
                  00002536    0000001a     rtsv7M4_T_le_v4SPD16_eabi.lib : s_copysign.c.obj (.text:copysign)
                  00002550    00000018                                   : strcmp.c.obj (.text:strcmp)
                  00002568    00000012                                   : atof.c.obj (.text:atof)
                  0000257a    00000002     --HOLE-- [fill = 0]
                  0000257c    00000010     clock.obj (.text)
                  0000258c    00000010     rtsv7M4_T_le_v4SPD16_eabi.lib : tolower.c.obj (.text:tolower)
                  0000259c    0000000e                                   : copy_decompress_none.c.obj (.text:decompress:none:__TI_decompress_none)
                  000025aa    0000000c                                   : copy_zero_init.c.obj (.text:decompress:ZI:__TI_zero_init)
                  000025b6    0000000c     tm4c123gh6pm_startup_ccs.obj (.text)
                  000025c2    00000002     --HOLE-- [fill = 0]
                  000025c4    00000008     rtsv7M4_T_le_v4SPD16_eabi.lib : errno.c.obj (.text:__aeabi_errno_addr)
                  000025cc    00000004                                   : pre_init.c.obj (.text:_system_pre_init)
                  000025d0    00000004                                   : exit.c.obj (.text:abort:abort)

.const     0    000025d8    000001d0     
                  000025d8    00000101     rtsv7M4_T_le_v4SPD16_eabi.lib : ctype.c.obj (.const:.string:_ctypes_)
                  000026d9    00000007     --HOLE-- [fill = 0]
                  000026e0    000000c8                                   : strtod.c.obj (.const:$O1$$)

.cinit     0    000027a8    00000038     
                  000027a8    00000012     (.cinit..data.load) [load image, compression = lzss]
                  000027ba    00000002     --HOLE-- [fill = 0]
                  000027bc    0000000c     (__TI_handler_table)
                  000027c8    00000008     (.cinit..bss.load) [load image, compression = zero_init]
                  000027d0    00000010     (__TI_cinit_table)

.init_array 
*          0    00000000    00000000     UNINITIALIZED

.bss       0    20000000    00004054     UNINITIALIZED
                  20000000    00002000     (.common:LUTA)
                  20002000    00002000     (.common:LUTB)
                  20004000    00000054     modulator.obj (.bss:strInput$1)

.data      0    20005058    00000014     UNINITIALIZED
                  20005058    0000000a     modulator.obj (.data)
                  20005062    00000002     --HOLE--
                  20005064    00000004     rtsv7M4_T_le_v4SPD16_eabi.lib : errno.c.obj (.data)
                  20005068    00000004                                   : strtok.c.obj (.data)

.stack     0    20004058    00001000     UNINITIALIZED
                  20004058    00000004     rtsv7M4_T_le_v4SPD16_eabi.lib : boot_cortex_m.c.obj (.stack)
                  2000405c    00000ffc     --HOLE--

__llvm_prf_cnts 
*          0    20000000    00000000     UNINITIALIZED

MODULE SUMMARY

       Module                         code   ro data   rw data
       ------                         ----   -------   -------
    .\
       modulator.obj                  1996   0         16478  
       gpio.obj                       1984   0         0      
       tm4c123gh6pm_startup_ccs.obj   12     620       0      
       spi0.obj                       324    0         0      
       uart0.obj                      292    0         0      
       nvic.obj                       212    0         0      
       wait.obj                       36     0         0      
       clock.obj                      16     0         0      
    +--+------------------------------+------+---------+---------+
       Total:                         4872   620       16478  
                                                              
    C:\ti\ccs1200\ccs\tools\compiler\ti-cgt-arm_20.2.6.LTS\lib\rtsv7M4_T_le_v4SPD16_eabi.lib
       strtod.c.obj                   1120   200       0      
       fd_add_t2.asm.obj              438    0         0      
       fd_div_t2.asm.obj              310    0         0      
       s_scalbn.c.obj                 272    0         0      
       fd_cmp_t2.asm.obj              268    0         0      
       ctype.c.obj                    0      257       0      
       fd_mul_t2.asm.obj              252    0         0      
       s_floor.c.obj                  248    0         0      
       s_round.c.obj                  196    0         0      
       memcpy_t2.asm.obj              156    0         0      
       memset_t2.asm.obj              122    0         0      
       fd_tos_t2.asm.obj              110    0         0      
       copy_decompress_lzss.c.obj     104    0         0      
       atoi.c.obj                     76     0         0      
       autoinit.c.obj                 68     0         0      
       fd_tou_t2.asm.obj              68     0         0      
       strtok.c.obj                   64     0         4      
       fs_tod_t2.asm.obj              56     0         0      
       boot_cortex_m.c.obj            52     0         0      
       strspn.c.obj                   42     0         0      
       strcspn.c.obj                  36     0         0      
       s_copysign.c.obj               26     0         0      
       strcmp.c.obj                   24     0         0      
       atof.c.obj                     18     0         0      
       tolower.c.obj                  16     0         0      
       copy_decompress_none.c.obj     14     0         0      
       copy_zero_init.c.obj           12     0         0      
       errno.c.obj                    8      0         4      
       exit.c.obj                     4      0         0      
       pre_init.c.obj                 4      0         0      
    +--+------------------------------+------+---------+---------+
       Total:                         4184   457       8      
                                                              
       Stack:                         0      0         4096   
       Linker Generated:              0      54        0      
    +--+------------------------------+------+---------+---------+
       Grand Total:                   9056   1131      20582  


LINKER GENERATED COPY TABLES

__TI_cinit_table @ 000027d0 records: 2, size/record: 8, table size: 16
	.data: load addr=000027a8, load size=00000012 bytes, run addr=20005058, run size=00000014 bytes, compression=lzss
	.bss: load addr=000027c8, load size=00000008 bytes, run addr=20000000, run size=00004054 bytes, compression=zero_init


LINKER GENERATED HANDLER TABLE

__TI_handler_table @ 000027bc records: 3, size/record: 4, table size: 12
	index: 0, handler: __TI_decompress_lzss
	index: 1, handler: __TI_decompress_none
	index: 2, handler: __TI_zero_init


GLOBAL SYMBOLS: SORTED ALPHABETICALLY BY Name 

address   name                          
-------   ----                          
20005060  AnotB                         
000025d1  C$$EXIT                       
20005058  DCValueA                      
2000505a  DCValueB                      
20000000  LUTA                          
20002000  LUTB                          
000025b7  ResetISR                      
20005058  __STACK_END                   
00001000  __STACK_SIZE                  
20004258  __STACK_TOP                   
000027d0  __TI_CINIT_Base               
000027e0  __TI_CINIT_Limit              
000027bc  __TI_Handler_Table_Base       
000027c8  __TI_Handler_Table_Limit      
00002391  __TI_auto_init_nobinit_nopinit
000022dd  __TI_decompress_lzss          
0000259d  __TI_decompress_none          
ffffffff  __TI_pprof_out_hndl           
ffffffff  __TI_prof_data_size           
ffffffff  __TI_prof_data_start          
00000000  __TI_static_base__            
000025ab  __TI_zero_init                
000020e9  __aeabi_cdcmpeq               
000020e9  __aeabi_cdcmple               
0000216f  __aeabi_cdrcmple              
0000226f  __aeabi_d2f                   
000023d5  __aeabi_d2uiz                 
00001663  __aeabi_dadd                  
00001955  __aeabi_ddiv                  
00001cc1  __aeabi_dmul                  
00001659  __aeabi_dsub                  
000025c5  __aeabi_errno_addr            
00002459  __aeabi_f2d                   
000021f5  __aeabi_memclr                
000021f5  __aeabi_memclr4               
000021f5  __aeabi_memclr8               
0000204d  __aeabi_memcpy                
0000204d  __aeabi_memcpy4               
0000204d  __aeabi_memcpy8               
000021f7  __aeabi_memset                
000021f7  __aeabi_memset4               
000021f7  __aeabi_memset8               
ffffffff  __binit__                     
ffffffff  __c_args__                    
UNDEFED   __mpu_init                    
20004058  __stack                       
20000000  __start___llvm_prf_cnts       
20000000  __stop___llvm_prf_cnts        
00002491  _c_int00_noargs               
000025d8  _ctypes_                      
UNDEFED   _system_post_cinit            
000025cd  _system_pre_init              
000025d1  abort                         
00002569  atof                          
00002345  atoi                          
ffffffff  binit                         
00002537  copysign                      
00002537  copysignl                     
00001eed  disableNvicInterrupt          
00001069  disablePinInterrupt           
00000da1  disablePinPulldown            
00000d59  disablePinPullup              
00000af5  disablePort                   
00001eb5  enableNvicInterrupt           
00001045  enablePinInterrupt            
00000d7d  enablePinPulldown             
00000d2b  enablePinPullup               
00000a39  enablePort                    
20005064  errno                         
00001dbd  floor                         
00001dbd  floorl                        
00000000  g_pfnVectors                  
000010b3  getPinValue                   
00001169  getPortValue                  
00001b5f  getcUart0                     
2000505c  indexA                        
2000505e  indexB                        
00000439  initHw                        
00001811  initSpi0                      
0000029b  initSymbolTimer               
0000257d  initSystemClockTo40Mhz        
00001a8d  initUart0                     
00001b73  kbhitUart0                    
00001bb1  ldexp                         
00001bb1  ldexpl                        
0000082d  main                          
0000204d  memcpy                        
000021fd  memset                        
0000054d  processShell                  
00001b17  putcUart0                     
00001b33  putsUart0                     
0000192f  readSpi0Data                  
00001f89  round                         
00001f89  roundl                        
00001bb1  scalbn                        
00001bb1  scalbnl                       
00000c5f  selectPinAnalogInput          
00000c11  selectPinDigitalInput         
00000f7b  selectPinInterruptBothEdges   
00000f2b  selectPinInterruptFallingEdge 
00000fd1  selectPinInterruptHighLevel   
0000100b  selectPinInterruptLowLevel    
00000edb  selectPinInterruptRisingEdge  
00000bc3  selectPinOpenDrainOutput      
00000b75  selectPinPushPullOutput       
00001f25  setNvicInterruptPriority      
00000dc9  setPinAuxFunction             
00000caf  setPinCommitControl           
0000108d  setPinValue                   
000010e5  setPortValue                  
00001893  setSpi0BaudRate               
000018c9  setSpi0Mode                   
0000026d  setSymbolRate                 
00001ad7  setUart0BaudRate              
00002551  strcmp                        
000024ef  strcspn                       
000024c5  strspn                        
000011f9  strtod                        
00002419  strtok                        
000011f9  strtold                       
000002f3  symbolTimerIsr                
00000495  tokenizeInput                 
0000258d  tolower                       
00002513  waitMicrosecond               
00001917  writeSpi0Data                 


GLOBAL SYMBOLS: SORTED BY Symbol Address 

address   name                          
-------   ----                          
00000000  __TI_static_base__            
00000000  g_pfnVectors                  
0000026d  setSymbolRate                 
0000029b  initSymbolTimer               
000002f3  symbolTimerIsr                
00000439  initHw                        
00000495  tokenizeInput                 
0000054d  processShell                  
0000082d  main                          
00000a39  enablePort                    
00000af5  disablePort                   
00000b75  selectPinPushPullOutput       
00000bc3  selectPinOpenDrainOutput      
00000c11  selectPinDigitalInput         
00000c5f  selectPinAnalogInput          
00000caf  setPinCommitControl           
00000d2b  enablePinPullup               
00000d59  disablePinPullup              
00000d7d  enablePinPulldown             
00000da1  disablePinPulldown            
00000dc9  setPinAuxFunction             
00000edb  selectPinInterruptRisingEdge  
00000f2b  selectPinInterruptFallingEdge 
00000f7b  selectPinInterruptBothEdges   
00000fd1  selectPinInterruptHighLevel   
00001000  __STACK_SIZE                  
0000100b  selectPinInterruptLowLevel    
00001045  enablePinInterrupt            
00001069  disablePinInterrupt           
0000108d  setPinValue                   
000010b3  getPinValue                   
000010e5  setPortValue                  
00001169  getPortValue                  
000011f9  strtod                        
000011f9  strtold                       
00001659  __aeabi_dsub                  
00001663  __aeabi_dadd                  
00001811  initSpi0                      
00001893  setSpi0BaudRate               
000018c9  setSpi0Mode                   
00001917  writeSpi0Data                 
0000192f  readSpi0Data                  
00001955  __aeabi_ddiv                  
00001a8d  initUart0                     
00001ad7  setUart0BaudRate              
00001b17  putcUart0                     
00001b33  putsUart0                     
00001b5f  getcUart0                     
00001b73  kbhitUart0                    
00001bb1  ldexp                         
00001bb1  ldexpl                        
00001bb1  scalbn                        
00001bb1  scalbnl                       
00001cc1  __aeabi_dmul                  
00001dbd  floor                         
00001dbd  floorl                        
00001eb5  enableNvicInterrupt           
00001eed  disableNvicInterrupt          
00001f25  setNvicInterruptPriority      
00001f89  round                         
00001f89  roundl                        
0000204d  __aeabi_memcpy                
0000204d  __aeabi_memcpy4               
0000204d  __aeabi_memcpy8               
0000204d  memcpy                        
000020e9  __aeabi_cdcmpeq               
000020e9  __aeabi_cdcmple               
0000216f  __aeabi_cdrcmple              
000021f5  __aeabi_memclr                
000021f5  __aeabi_memclr4               
000021f5  __aeabi_memclr8               
000021f7  __aeabi_memset                
000021f7  __aeabi_memset4               
000021f7  __aeabi_memset8               
000021fd  memset                        
0000226f  __aeabi_d2f                   
000022dd  __TI_decompress_lzss          
00002345  atoi                          
00002391  __TI_auto_init_nobinit_nopinit
000023d5  __aeabi_d2uiz                 
00002419  strtok                        
00002459  __aeabi_f2d                   
00002491  _c_int00_noargs               
000024c5  strspn                        
000024ef  strcspn                       
00002513  waitMicrosecond               
00002537  copysign                      
00002537  copysignl                     
00002551  strcmp                        
00002569  atof                          
0000257d  initSystemClockTo40Mhz        
0000258d  tolower                       
0000259d  __TI_decompress_none          
000025ab  __TI_zero_init                
000025b7  ResetISR                      
000025c5  __aeabi_errno_addr            
000025cd  _system_pre_init              
000025d1  C$$EXIT                       
000025d1  abort                         
000025d8  _ctypes_                      
000027bc  __TI_Handler_Table_Base       
000027c8  __TI_Handler_Table_Limit      
000027d0  __TI_CINIT_Base               
000027e0  __TI_CINIT_Limit              
20000000  LUTA                          
20000000  __start___llvm_prf_cnts       
20000000  __stop___llvm_prf_cnts        
20002000  LUTB                          
20004058  __stack                       
20004258  __STACK_TOP                   
20005058  DCValueA                      
20005058  __STACK_END                   
2000505a  DCValueB                      
2000505c  indexA                        
2000505e  indexB                        
20005060  AnotB                         
20005064  errno                         
ffffffff  __TI_pprof_out_hndl           
ffffffff  __TI_prof_data_size           
ffffffff  __TI_prof_data_start          
ffffffff  __binit__                     
ffffffff  __c_args__                    
ffffffff  binit                         
UNDEFED   __mpu_init                    
UNDEFED   _system_post_cinit            

[125 symbols]
