<?xml version="1.0" encoding="ISO-8859-1" ?>
<link_info>
   <banner>TI ARM Linker PC v20.2.6.LTS</banner>
   <copyright>Copyright (c) 1996-2018 Texas Instruments Incorporated</copyright>
   <link_time>0x63eedd00</link_time>
   <link_errors>0x0</link_errors>
   <output_file>wirelessLab1.out</output_file>
   <entry_point>
      <name>_c_int00_noargs</name>
      <address>0x34c5</address>
   </entry_point>
   <input_file_list>
      <input_file id="fl-2">
         <path>.\</path>
         <kind>object</kind>
         <file>clock.obj</file>
         <name>clock.obj</name>
      </input_file>
      <input_file id="fl-3">
         <path>.\</path>
         <kind>object</kind>
         <file>gpio.obj</file>
         <name>gpio.obj</name>
      </input_file>
      <input_file id="fl-4">
         <path>.\</path>
         <kind>object</kind>
         <file>modulator.obj</file>
         <name>modulator.obj</name>
      </input_file>
      <input_file id="fl-5">
         <path>.\</path>
         <kind>object</kind>
         <file>nvic.obj</file>
         <name>nvic.obj</name>
      </input_file>
      <input_file id="fl-6">
         <path>.\</path>
         <kind>object</kind>
         <file>spi0.obj</file>
         <name>spi0.obj</name>
      </input_file>
      <input_file id="fl-7">
         <path>.\</path>
         <kind>object</kind>
         <file>tm4c123gh6pm_startup_ccs.obj</file>
         <name>tm4c123gh6pm_startup_ccs.obj</name>
      </input_file>
      <input_file id="fl-8">
         <path>.\</path>
         <kind>object</kind>
         <file>uart0.obj</file>
         <name>uart0.obj</name>
      </input_file>
      <input_file id="fl-9">
         <path>.\</path>
         <kind>object</kind>
         <file>wait.obj</file>
         <name>wait.obj</name>
      </input_file>
      <input_file id="fl-d">
         <kind>object</kind>
         <file>&lt;internal&gt;</file>
         <name>&lt;internal&gt;</name>
      </input_file>
      <input_file id="fl-c3">
         <path>C:\ti\ccs1200\ccs\tools\compiler\ti-cgt-arm_20.2.6.LTS\lib\</path>
         <kind>archive</kind>
         <file>rtsv7M4_T_le_v4SPD16_eabi.lib</file>
         <name>s_round.c.obj</name>
      </input_file>
      <input_file id="fl-c4">
         <path>C:\ti\ccs1200\ccs\tools\compiler\ti-cgt-arm_20.2.6.LTS\lib\</path>
         <kind>archive</kind>
         <file>rtsv7M4_T_le_v4SPD16_eabi.lib</file>
         <name>s_sin.c.obj</name>
      </input_file>
      <input_file id="fl-c5">
         <path>C:\ti\ccs1200\ccs\tools\compiler\ti-cgt-arm_20.2.6.LTS\lib\</path>
         <kind>archive</kind>
         <file>rtsv7M4_T_le_v4SPD16_eabi.lib</file>
         <name>fd_add_t2.asm.obj</name>
      </input_file>
      <input_file id="fl-c6">
         <path>C:\ti\ccs1200\ccs\tools\compiler\ti-cgt-arm_20.2.6.LTS\lib\</path>
         <kind>archive</kind>
         <file>rtsv7M4_T_le_v4SPD16_eabi.lib</file>
         <name>fd_cmp_t2.asm.obj</name>
      </input_file>
      <input_file id="fl-c7">
         <path>C:\ti\ccs1200\ccs\tools\compiler\ti-cgt-arm_20.2.6.LTS\lib\</path>
         <kind>archive</kind>
         <file>rtsv7M4_T_le_v4SPD16_eabi.lib</file>
         <name>fd_div_t2.asm.obj</name>
      </input_file>
      <input_file id="fl-c8">
         <path>C:\ti\ccs1200\ccs\tools\compiler\ti-cgt-arm_20.2.6.LTS\lib\</path>
         <kind>archive</kind>
         <file>rtsv7M4_T_le_v4SPD16_eabi.lib</file>
         <name>fd_mul_t2.asm.obj</name>
      </input_file>
      <input_file id="fl-c9">
         <path>C:\ti\ccs1200\ccs\tools\compiler\ti-cgt-arm_20.2.6.LTS\lib\</path>
         <kind>archive</kind>
         <file>rtsv7M4_T_le_v4SPD16_eabi.lib</file>
         <name>fd_toi_t2.asm.obj</name>
      </input_file>
      <input_file id="fl-ca">
         <path>C:\ti\ccs1200\ccs\tools\compiler\ti-cgt-arm_20.2.6.LTS\lib\</path>
         <kind>archive</kind>
         <file>rtsv7M4_T_le_v4SPD16_eabi.lib</file>
         <name>fd_tos_t2.asm.obj</name>
      </input_file>
      <input_file id="fl-cb">
         <path>C:\ti\ccs1200\ccs\tools\compiler\ti-cgt-arm_20.2.6.LTS\lib\</path>
         <kind>archive</kind>
         <file>rtsv7M4_T_le_v4SPD16_eabi.lib</file>
         <name>fd_tou_t2.asm.obj</name>
      </input_file>
      <input_file id="fl-cc">
         <path>C:\ti\ccs1200\ccs\tools\compiler\ti-cgt-arm_20.2.6.LTS\lib\</path>
         <kind>archive</kind>
         <file>rtsv7M4_T_le_v4SPD16_eabi.lib</file>
         <name>fs_tod_t2.asm.obj</name>
      </input_file>
      <input_file id="fl-cd">
         <path>C:\ti\ccs1200\ccs\tools\compiler\ti-cgt-arm_20.2.6.LTS\lib\</path>
         <kind>archive</kind>
         <file>rtsv7M4_T_le_v4SPD16_eabi.lib</file>
         <name>i_tofd_t2.asm.obj</name>
      </input_file>
      <input_file id="fl-ce">
         <path>C:\ti\ccs1200\ccs\tools\compiler\ti-cgt-arm_20.2.6.LTS\lib\</path>
         <kind>archive</kind>
         <file>rtsv7M4_T_le_v4SPD16_eabi.lib</file>
         <name>copy_zero_init.c.obj</name>
      </input_file>
      <input_file id="fl-cf">
         <path>C:\ti\ccs1200\ccs\tools\compiler\ti-cgt-arm_20.2.6.LTS\lib\</path>
         <kind>archive</kind>
         <file>rtsv7M4_T_le_v4SPD16_eabi.lib</file>
         <name>copy_decompress_none.c.obj</name>
      </input_file>
      <input_file id="fl-d0">
         <path>C:\ti\ccs1200\ccs\tools\compiler\ti-cgt-arm_20.2.6.LTS\lib\</path>
         <kind>archive</kind>
         <file>rtsv7M4_T_le_v4SPD16_eabi.lib</file>
         <name>copy_decompress_lzss.c.obj</name>
      </input_file>
      <input_file id="fl-d1">
         <path>C:\ti\ccs1200\ccs\tools\compiler\ti-cgt-arm_20.2.6.LTS\lib\</path>
         <kind>archive</kind>
         <file>rtsv7M4_T_le_v4SPD16_eabi.lib</file>
         <name>k_rem_pio2.c.obj</name>
      </input_file>
      <input_file id="fl-d2">
         <path>C:\ti\ccs1200\ccs\tools\compiler\ti-cgt-arm_20.2.6.LTS\lib\</path>
         <kind>archive</kind>
         <file>rtsv7M4_T_le_v4SPD16_eabi.lib</file>
         <name>atof.c.obj</name>
      </input_file>
      <input_file id="fl-d3">
         <path>C:\ti\ccs1200\ccs\tools\compiler\ti-cgt-arm_20.2.6.LTS\lib\</path>
         <kind>archive</kind>
         <file>rtsv7M4_T_le_v4SPD16_eabi.lib</file>
         <name>atoi.c.obj</name>
      </input_file>
      <input_file id="fl-d4">
         <path>C:\ti\ccs1200\ccs\tools\compiler\ti-cgt-arm_20.2.6.LTS\lib\</path>
         <kind>archive</kind>
         <file>rtsv7M4_T_le_v4SPD16_eabi.lib</file>
         <name>ctype.c.obj</name>
      </input_file>
      <input_file id="fl-d5">
         <path>C:\ti\ccs1200\ccs\tools\compiler\ti-cgt-arm_20.2.6.LTS\lib\</path>
         <kind>archive</kind>
         <file>rtsv7M4_T_le_v4SPD16_eabi.lib</file>
         <name>strcmp.c.obj</name>
      </input_file>
      <input_file id="fl-d6">
         <path>C:\ti\ccs1200\ccs\tools\compiler\ti-cgt-arm_20.2.6.LTS\lib\</path>
         <kind>archive</kind>
         <file>rtsv7M4_T_le_v4SPD16_eabi.lib</file>
         <name>strtod.c.obj</name>
      </input_file>
      <input_file id="fl-d7">
         <path>C:\ti\ccs1200\ccs\tools\compiler\ti-cgt-arm_20.2.6.LTS\lib\</path>
         <kind>archive</kind>
         <file>rtsv7M4_T_le_v4SPD16_eabi.lib</file>
         <name>strtok.c.obj</name>
      </input_file>
      <input_file id="fl-d8">
         <path>C:\ti\ccs1200\ccs\tools\compiler\ti-cgt-arm_20.2.6.LTS\lib\</path>
         <kind>archive</kind>
         <file>rtsv7M4_T_le_v4SPD16_eabi.lib</file>
         <name>tolower.c.obj</name>
      </input_file>
      <input_file id="fl-d9">
         <path>C:\ti\ccs1200\ccs\tools\compiler\ti-cgt-arm_20.2.6.LTS\lib\</path>
         <kind>archive</kind>
         <file>rtsv7M4_T_le_v4SPD16_eabi.lib</file>
         <name>errno.c.obj</name>
      </input_file>
      <input_file id="fl-da">
         <path>C:\ti\ccs1200\ccs\tools\compiler\ti-cgt-arm_20.2.6.LTS\lib\</path>
         <kind>archive</kind>
         <file>rtsv7M4_T_le_v4SPD16_eabi.lib</file>
         <name>boot_cortex_m.c.obj</name>
      </input_file>
      <input_file id="fl-db">
         <path>C:\ti\ccs1200\ccs\tools\compiler\ti-cgt-arm_20.2.6.LTS\lib\</path>
         <kind>archive</kind>
         <file>rtsv7M4_T_le_v4SPD16_eabi.lib</file>
         <name>k_cos.c.obj</name>
      </input_file>
      <input_file id="fl-dc">
         <path>C:\ti\ccs1200\ccs\tools\compiler\ti-cgt-arm_20.2.6.LTS\lib\</path>
         <kind>archive</kind>
         <file>rtsv7M4_T_le_v4SPD16_eabi.lib</file>
         <name>k_sin.c.obj</name>
      </input_file>
      <input_file id="fl-dd">
         <path>C:\ti\ccs1200\ccs\tools\compiler\ti-cgt-arm_20.2.6.LTS\lib\</path>
         <kind>archive</kind>
         <file>rtsv7M4_T_le_v4SPD16_eabi.lib</file>
         <name>s_floor.c.obj</name>
      </input_file>
      <input_file id="fl-de">
         <path>C:\ti\ccs1200\ccs\tools\compiler\ti-cgt-arm_20.2.6.LTS\lib\</path>
         <kind>archive</kind>
         <file>rtsv7M4_T_le_v4SPD16_eabi.lib</file>
         <name>s_scalbn.c.obj</name>
      </input_file>
      <input_file id="fl-df">
         <path>C:\ti\ccs1200\ccs\tools\compiler\ti-cgt-arm_20.2.6.LTS\lib\</path>
         <kind>archive</kind>
         <file>rtsv7M4_T_le_v4SPD16_eabi.lib</file>
         <name>s_copysign.c.obj</name>
      </input_file>
      <input_file id="fl-e0">
         <path>C:\ti\ccs1200\ccs\tools\compiler\ti-cgt-arm_20.2.6.LTS\lib\</path>
         <kind>archive</kind>
         <file>rtsv7M4_T_le_v4SPD16_eabi.lib</file>
         <name>memcpy_t2.asm.obj</name>
      </input_file>
      <input_file id="fl-e1">
         <path>C:\ti\ccs1200\ccs\tools\compiler\ti-cgt-arm_20.2.6.LTS\lib\</path>
         <kind>archive</kind>
         <file>rtsv7M4_T_le_v4SPD16_eabi.lib</file>
         <name>memset_t2.asm.obj</name>
      </input_file>
      <input_file id="fl-e2">
         <path>C:\ti\ccs1200\ccs\tools\compiler\ti-cgt-arm_20.2.6.LTS\lib\</path>
         <kind>archive</kind>
         <file>rtsv7M4_T_le_v4SPD16_eabi.lib</file>
         <name>autoinit.c.obj</name>
      </input_file>
      <input_file id="fl-e3">
         <path>C:\ti\ccs1200\ccs\tools\compiler\ti-cgt-arm_20.2.6.LTS\lib\</path>
         <kind>archive</kind>
         <file>rtsv7M4_T_le_v4SPD16_eabi.lib</file>
         <name>pre_init.c.obj</name>
      </input_file>
      <input_file id="fl-e4">
         <path>C:\ti\ccs1200\ccs\tools\compiler\ti-cgt-arm_20.2.6.LTS\lib\</path>
         <kind>archive</kind>
         <file>rtsv7M4_T_le_v4SPD16_eabi.lib</file>
         <name>cpy_tbl.c.obj</name>
      </input_file>
      <input_file id="fl-e5">
         <path>C:\ti\ccs1200\ccs\tools\compiler\ti-cgt-arm_20.2.6.LTS\lib\</path>
         <kind>archive</kind>
         <file>rtsv7M4_T_le_v4SPD16_eabi.lib</file>
         <name>exit.c.obj</name>
      </input_file>
      <input_file id="fl-e6">
         <path>C:\ti\ccs1200\ccs\tools\compiler\ti-cgt-arm_20.2.6.LTS\lib\</path>
         <kind>archive</kind>
         <file>rtsv7M4_T_le_v4SPD16_eabi.lib</file>
         <name>_lock.c.obj</name>
      </input_file>
      <input_file id="fl-e7">
         <path>C:\ti\ccs1200\ccs\tools\compiler\ti-cgt-arm_20.2.6.LTS\lib\</path>
         <kind>archive</kind>
         <file>rtsv7M4_T_le_v4SPD16_eabi.lib</file>
         <name>args_main.c.obj</name>
      </input_file>
      <input_file id="fl-e8">
         <path>C:\ti\ccs1200\ccs\tools\compiler\ti-cgt-arm_20.2.6.LTS\lib\</path>
         <kind>archive</kind>
         <file>rtsv7M4_T_le_v4SPD16_eabi.lib</file>
         <name>strcspn.c.obj</name>
      </input_file>
      <input_file id="fl-e9">
         <path>C:\ti\ccs1200\ccs\tools\compiler\ti-cgt-arm_20.2.6.LTS\lib\</path>
         <kind>archive</kind>
         <file>rtsv7M4_T_le_v4SPD16_eabi.lib</file>
         <name>strspn.c.obj</name>
      </input_file>
   </input_file_list>
   <object_component_list>
      <object_component id="oc-12">
         <name>.intvecs</name>
         <load_address>0x0</load_address>
         <run_address>0x0</run_address>
         <size>0x26c</size>
         <input_file_ref idref="fl-7"/>
      </object_component>
      <object_component id="oc-8f">
         <name>.text</name>
         <load_address>0x26c</load_address>
         <run_address>0x26c</run_address>
         <size>0x7c0</size>
         <input_file_ref idref="fl-3"/>
      </object_component>
      <object_component id="oc-2d">
         <name>.text</name>
         <load_address>0xa2c</load_address>
         <run_address>0xa2c</run_address>
         <size>0x7a0</size>
         <input_file_ref idref="fl-4"/>
      </object_component>
      <object_component id="oc-183">
         <name>.text:__kernel_rem_pio2</name>
         <load_address>0x11cc</load_address>
         <run_address>0x11cc</run_address>
         <size>0x738</size>
         <input_file_ref idref="fl-d1"/>
      </object_component>
      <object_component id="oc-e1">
         <name>.text:sin</name>
         <load_address>0x1904</load_address>
         <run_address>0x1904</run_address>
         <size>0x5e0</size>
         <input_file_ref idref="fl-c4"/>
      </object_component>
      <object_component id="oc-170">
         <name>.text:strtod</name>
         <load_address>0x1ee4</load_address>
         <run_address>0x1ee4</run_address>
         <size>0x460</size>
         <input_file_ref idref="fl-d6"/>
      </object_component>
      <object_component id="oc-e7">
         <name>.text</name>
         <load_address>0x2344</load_address>
         <run_address>0x2344</run_address>
         <size>0x1b6</size>
         <input_file_ref idref="fl-c5"/>
      </object_component>
      <object_component id="oc-17d">
         <name>.text:__kernel_sin</name>
         <load_address>0x24fc</load_address>
         <run_address>0x24fc</run_address>
         <size>0x174</size>
         <input_file_ref idref="fl-dc"/>
      </object_component>
      <object_component id="oc-189">
         <name>.text:__kernel_cos</name>
         <load_address>0x2670</load_address>
         <run_address>0x2670</run_address>
         <size>0x170</size>
         <input_file_ref idref="fl-db"/>
      </object_component>
      <object_component id="oc-95">
         <name>.text</name>
         <load_address>0x27e0</load_address>
         <run_address>0x27e0</run_address>
         <size>0x160</size>
         <input_file_ref idref="fl-6"/>
      </object_component>
      <object_component id="oc-79">
         <name>.text</name>
         <load_address>0x2940</load_address>
         <run_address>0x2940</run_address>
         <size>0x136</size>
         <input_file_ref idref="fl-c7"/>
      </object_component>
      <object_component id="oc-a7">
         <name>.text</name>
         <load_address>0x2a78</load_address>
         <run_address>0x2a78</run_address>
         <size>0x124</size>
         <input_file_ref idref="fl-8"/>
      </object_component>
      <object_component id="oc-211">
         <name>.text:scalbn</name>
         <load_address>0x2b9c</load_address>
         <run_address>0x2b9c</run_address>
         <size>0x110</size>
         <input_file_ref idref="fl-de"/>
      </object_component>
      <object_component id="oc-dc">
         <name>.text</name>
         <load_address>0x2cac</load_address>
         <run_address>0x2cac</run_address>
         <size>0xfc</size>
         <input_file_ref idref="fl-c8"/>
      </object_component>
      <object_component id="oc-133">
         <name>.text:floor</name>
         <load_address>0x2da8</load_address>
         <run_address>0x2da8</run_address>
         <size>0xf8</size>
         <input_file_ref idref="fl-dd"/>
      </object_component>
      <object_component id="oc-89">
         <name>.text</name>
         <load_address>0x2ea0</load_address>
         <run_address>0x2ea0</run_address>
         <size>0xd4</size>
         <input_file_ref idref="fl-5"/>
      </object_component>
      <object_component id="oc-7e">
         <name>.text:round</name>
         <load_address>0x2f74</load_address>
         <run_address>0x2f74</run_address>
         <size>0xc4</size>
         <input_file_ref idref="fl-c3"/>
      </object_component>
      <object_component id="oc-41">
         <name>.text</name>
         <load_address>0x3038</load_address>
         <run_address>0x3038</run_address>
         <size>0x9c</size>
         <input_file_ref idref="fl-e0"/>
      </object_component>
      <object_component id="oc-139">
         <name>.text:__aeabi_cdcmple</name>
         <load_address>0x30d4</load_address>
         <run_address>0x30d4</run_address>
         <size>0x86</size>
         <input_file_ref idref="fl-c6"/>
      </object_component>
      <object_component id="oc-1ec">
         <name>.text:__aeabi_cdrcmple</name>
         <load_address>0x315a</load_address>
         <run_address>0x315a</run_address>
         <size>0x86</size>
         <input_file_ref idref="fl-c6"/>
      </object_component>
      <object_component id="oc-119">
         <name>.text</name>
         <load_address>0x31e0</load_address>
         <run_address>0x31e0</run_address>
         <size>0x7a</size>
         <input_file_ref idref="fl-e1"/>
      </object_component>
      <object_component id="oc-cb">
         <name>.text</name>
         <load_address>0x325a</load_address>
         <run_address>0x325a</run_address>
         <size>0x6e</size>
         <input_file_ref idref="fl-ca"/>
      </object_component>
      <object_component id="oc-15">
         <name>.text:decompress:lzss:__TI_decompress_lzss</name>
         <load_address>0x32c8</load_address>
         <run_address>0x32c8</run_address>
         <size>0x68</size>
         <input_file_ref idref="fl-d0"/>
      </object_component>
      <object_component id="oc-d0">
         <name>.text:atoi</name>
         <load_address>0x3330</load_address>
         <run_address>0x3330</run_address>
         <size>0x4c</size>
         <input_file_ref idref="fl-d3"/>
      </object_component>
      <object_component id="oc-ec">
         <name>.text</name>
         <load_address>0x337c</load_address>
         <run_address>0x337c</run_address>
         <size>0x48</size>
         <input_file_ref idref="fl-c9"/>
      </object_component>
      <object_component id="oc-1ba">
         <name>.text:__TI_auto_init_nobinit_nopinit:__TI_auto_init_nobinit_nopinit</name>
         <load_address>0x33c4</load_address>
         <run_address>0x33c4</run_address>
         <size>0x44</size>
         <input_file_ref idref="fl-e2"/>
      </object_component>
      <object_component id="oc-84">
         <name>.text</name>
         <load_address>0x3408</load_address>
         <run_address>0x3408</run_address>
         <size>0x44</size>
         <input_file_ref idref="fl-cb"/>
      </object_component>
      <object_component id="oc-ad">
         <name>.text:strtok</name>
         <load_address>0x344c</load_address>
         <run_address>0x344c</run_address>
         <size>0x40</size>
         <input_file_ref idref="fl-d7"/>
      </object_component>
      <object_component id="oc-74">
         <name>.text</name>
         <load_address>0x348c</load_address>
         <run_address>0x348c</run_address>
         <size>0x38</size>
         <input_file_ref idref="fl-cc"/>
      </object_component>
      <object_component id="oc-5f">
         <name>.text:_c_int00_noargs:_c_int00_noargs</name>
         <load_address>0x34c4</load_address>
         <run_address>0x34c4</run_address>
         <size>0x34</size>
         <input_file_ref idref="fl-da"/>
      </object_component>
      <object_component id="oc-d7">
         <name>.text</name>
         <load_address>0x34f8</load_address>
         <run_address>0x34f8</run_address>
         <size>0x2e</size>
         <input_file_ref idref="fl-cd"/>
      </object_component>
      <object_component id="oc-14f">
         <name>.text:strspn</name>
         <load_address>0x3526</load_address>
         <run_address>0x3526</run_address>
         <size>0x2a</size>
         <input_file_ref idref="fl-e9"/>
      </object_component>
      <object_component id="oc-155">
         <name>.text:strcspn</name>
         <load_address>0x3550</load_address>
         <run_address>0x3550</run_address>
         <size>0x24</size>
         <input_file_ref idref="fl-e8"/>
      </object_component>
      <object_component id="oc-9b">
         <name>.text</name>
         <load_address>0x3574</load_address>
         <run_address>0x3574</run_address>
         <size>0x24</size>
         <input_file_ref idref="fl-9"/>
      </object_component>
      <object_component id="oc-267">
         <name>.text:copysign</name>
         <load_address>0x3598</load_address>
         <run_address>0x3598</run_address>
         <size>0x1a</size>
         <input_file_ref idref="fl-df"/>
      </object_component>
      <object_component id="oc-bf">
         <name>.text:strcmp</name>
         <load_address>0x35b2</load_address>
         <run_address>0x35b2</run_address>
         <size>0x18</size>
         <input_file_ref idref="fl-d5"/>
      </object_component>
      <object_component id="oc-c5">
         <name>.text:atof</name>
         <load_address>0x35ca</load_address>
         <run_address>0x35ca</run_address>
         <size>0x12</size>
         <input_file_ref idref="fl-d2"/>
      </object_component>
      <object_component id="oc-a1">
         <name>.text</name>
         <load_address>0x35dc</load_address>
         <run_address>0x35dc</run_address>
         <size>0x10</size>
         <input_file_ref idref="fl-2"/>
      </object_component>
      <object_component id="oc-b9">
         <name>.text:tolower</name>
         <load_address>0x35ec</load_address>
         <run_address>0x35ec</run_address>
         <size>0x10</size>
         <input_file_ref idref="fl-d8"/>
      </object_component>
      <object_component id="oc-1b">
         <name>.text:decompress:none:__TI_decompress_none</name>
         <load_address>0x35fc</load_address>
         <run_address>0x35fc</run_address>
         <size>0xe</size>
         <input_file_ref idref="fl-cf"/>
      </object_component>
      <object_component id="oc-53">
         <name>.text:decompress:ZI:__TI_zero_init</name>
         <load_address>0x360a</load_address>
         <run_address>0x360a</run_address>
         <size>0xc</size>
         <input_file_ref idref="fl-ce"/>
      </object_component>
      <object_component id="oc-27">
         <name>.text</name>
         <load_address>0x3616</load_address>
         <run_address>0x3616</run_address>
         <size>0xc</size>
         <input_file_ref idref="fl-7"/>
      </object_component>
      <object_component id="oc-20b">
         <name>.text:__aeabi_errno_addr</name>
         <load_address>0x3624</load_address>
         <run_address>0x3624</run_address>
         <size>0x8</size>
         <input_file_ref idref="fl-d9"/>
      </object_component>
      <object_component id="oc-11f">
         <name>.text:_system_pre_init</name>
         <load_address>0x362c</load_address>
         <run_address>0x362c</run_address>
         <size>0x4</size>
         <input_file_ref idref="fl-e3"/>
      </object_component>
      <object_component id="oc-1ae">
         <name>.text:abort:abort</name>
         <load_address>0x3630</load_address>
         <run_address>0x3630</run_address>
         <size>0x4</size>
         <input_file_ref idref="fl-e5"/>
      </object_component>
      <object_component id="oc-223">
         <name>.const:$O1$$</name>
         <load_address>0x3638</load_address>
         <run_address>0x3638</run_address>
         <size>0x158</size>
         <input_file_ref idref="fl-d1"/>
      </object_component>
      <object_component id="oc-169">
         <name>.const:.string:_ctypes_</name>
         <load_address>0x3790</load_address>
         <run_address>0x3790</run_address>
         <size>0x101</size>
         <input_file_ref idref="fl-d4"/>
      </object_component>
      <object_component id="oc-217">
         <name>.const:$O1$$</name>
         <load_address>0x3898</load_address>
         <run_address>0x3898</run_address>
         <size>0xc8</size>
         <input_file_ref idref="fl-d6"/>
      </object_component>
      <object_component id="oc-2e2">
         <name>.cinit..data.load</name>
         <load_address>0x3960</load_address>
         <run_address>0x3960</run_address>
         <size>0x14</size>
      </object_component>
      <object_component id="oc-2e0">
         <name>__TI_handler_table</name>
         <load_address>0x3974</load_address>
         <run_address>0x3974</run_address>
         <size>0xc</size>
      </object_component>
      <object_component id="oc-2e3">
         <name>.cinit..bss.load</name>
         <load_address>0x3980</load_address>
         <run_address>0x3980</run_address>
         <size>0x8</size>
      </object_component>
      <object_component id="oc-2e1">
         <name>__TI_cinit_table</name>
         <load_address>0x3988</load_address>
         <run_address>0x3988</run_address>
         <size>0x10</size>
      </object_component>
      <object_component id="oc-b3">
         <name>.data</name>
         <load_address>0x20004258</load_address>
         <run_address>0x20004258</run_address>
         <size>0xc</size>
         <input_file_ref idref="fl-4"/>
      </object_component>
      <object_component id="oc-15b">
         <name>.data</name>
         <load_address>0x20004268</load_address>
         <run_address>0x20004268</run_address>
         <size>0x4</size>
         <input_file_ref idref="fl-d7"/>
      </object_component>
      <object_component id="oc-262">
         <name>.data</name>
         <load_address>0x20004264</load_address>
         <run_address>0x20004264</run_address>
         <size>0x4</size>
         <input_file_ref idref="fl-d9"/>
      </object_component>
      <object_component id="oc-d6">
         <name>.bss:strInput$1</name>
         <uninitialized>true</uninitialized>
         <run_address>0x20004000</run_address>
         <size>0x54</size>
         <input_file_ref idref="fl-4"/>
      </object_component>
      <object_component id="oc-b6">
         <name>.common:LUTA</name>
         <uninitialized>true</uninitialized>
         <run_address>0x20000000</run_address>
         <size>0x2000</size>
      </object_component>
      <object_component id="oc-f1">
         <name>.common:LUTB</name>
         <uninitialized>true</uninitialized>
         <run_address>0x20002000</run_address>
         <size>0x2000</size>
      </object_component>
      <object_component id="oc-24">
         <name>.stack</name>
         <uninitialized>true</uninitialized>
         <run_address>0x20004058</run_address>
         <size>0x4</size>
         <input_file_ref idref="fl-da"/>
      </object_component>
      <object_component id="oc-2e5">
         <name>.stack</name>
         <uninitialized>true</uninitialized>
         <run_address>0x20004058</run_address>
         <size>0x0</size>
      </object_component>
      <object_component id="oc-19d">
         <name>.debug_info</name>
         <load_address>0x0</load_address>
         <run_address>0x0</run_address>
         <size>0x25b</size>
         <input_file_ref idref="fl-2"/>
      </object_component>
      <object_component id="oc-a5">
         <name>.debug_info</name>
         <load_address>0x25b</load_address>
         <run_address>0x25b</run_address>
         <size>0x118</size>
         <input_file_ref idref="fl-2"/>
      </object_component>
      <object_component id="oc-ff">
         <name>.debug_info</name>
         <load_address>0x373</load_address>
         <run_address>0x373</run_address>
         <size>0x26b</size>
         <input_file_ref idref="fl-2"/>
      </object_component>
      <object_component id="oc-3c">
         <name>.debug_info</name>
         <load_address>0x5de</load_address>
         <run_address>0x5de</run_address>
         <size>0x84</size>
         <input_file_ref idref="fl-2"/>
      </object_component>
      <object_component id="oc-198">
         <name>.debug_info</name>
         <load_address>0x662</load_address>
         <run_address>0x662</run_address>
         <size>0x2a4</size>
         <input_file_ref idref="fl-2"/>
      </object_component>
      <object_component id="oc-f8">
         <name>.debug_info</name>
         <load_address>0x906</load_address>
         <run_address>0x906</run_address>
         <size>0xbb</size>
         <input_file_ref idref="fl-2"/>
      </object_component>
      <object_component id="oc-149">
         <name>.debug_info</name>
         <load_address>0x9c1</load_address>
         <run_address>0x9c1</run_address>
         <size>0x260</size>
         <input_file_ref idref="fl-3"/>
      </object_component>
      <object_component id="oc-93">
         <name>.debug_info</name>
         <load_address>0xc21</load_address>
         <run_address>0xc21</run_address>
         <size>0xf9d</size>
         <input_file_ref idref="fl-3"/>
      </object_component>
      <object_component id="oc-144">
         <name>.debug_info</name>
         <load_address>0x1bbe</load_address>
         <run_address>0x1bbe</run_address>
         <size>0x88</size>
         <input_file_ref idref="fl-3"/>
      </object_component>
      <object_component id="oc-f3">
         <name>.debug_info</name>
         <load_address>0x1c46</load_address>
         <run_address>0x1c46</run_address>
         <size>0x8b</size>
         <input_file_ref idref="fl-3"/>
      </object_component>
      <object_component id="oc-b7">
         <name>.debug_info</name>
         <load_address>0x1cd1</load_address>
         <run_address>0x1cd1</run_address>
         <size>0x65b</size>
         <input_file_ref idref="fl-4"/>
      </object_component>
      <object_component id="oc-b4">
         <name>.debug_info</name>
         <load_address>0x232c</load_address>
         <run_address>0x232c</run_address>
         <size>0x163</size>
         <input_file_ref idref="fl-4"/>
      </object_component>
      <object_component id="oc-2e">
         <name>.debug_info</name>
         <load_address>0x248f</load_address>
         <run_address>0x248f</run_address>
         <size>0xa0e</size>
         <input_file_ref idref="fl-4"/>
      </object_component>
      <object_component id="oc-164">
         <name>.debug_info</name>
         <load_address>0x2e9d</load_address>
         <run_address>0x2e9d</run_address>
         <size>0x35</size>
         <input_file_ref idref="fl-4"/>
      </object_component>
      <object_component id="oc-142">
         <name>.debug_info</name>
         <load_address>0x2ed2</load_address>
         <run_address>0x2ed2</run_address>
         <size>0x265</size>
         <input_file_ref idref="fl-5"/>
      </object_component>
      <object_component id="oc-8d">
         <name>.debug_info</name>
         <load_address>0x3137</load_address>
         <run_address>0x3137</run_address>
         <size>0x301</size>
         <input_file_ref idref="fl-5"/>
      </object_component>
      <object_component id="oc-96">
         <name>.debug_info</name>
         <load_address>0x3438</load_address>
         <run_address>0x3438</run_address>
         <size>0x452</size>
         <input_file_ref idref="fl-6"/>
      </object_component>
      <object_component id="oc-35">
         <name>.debug_info</name>
         <load_address>0x388a</load_address>
         <run_address>0x388a</run_address>
         <size>0x2d0</size>
         <input_file_ref idref="fl-7"/>
      </object_component>
      <object_component id="oc-13">
         <name>.debug_info</name>
         <load_address>0x3b5a</load_address>
         <run_address>0x3b5a</run_address>
         <size>0xeb</size>
         <input_file_ref idref="fl-7"/>
      </object_component>
      <object_component id="oc-2b">
         <name>.debug_info</name>
         <load_address>0x3c45</load_address>
         <run_address>0x3c45</run_address>
         <size>0x267</size>
         <input_file_ref idref="fl-7"/>
      </object_component>
      <object_component id="oc-14e">
         <name>.debug_info</name>
         <load_address>0x3eac</load_address>
         <run_address>0x3eac</run_address>
         <size>0x34b</size>
         <input_file_ref idref="fl-8"/>
      </object_component>
      <object_component id="oc-aa">
         <name>.debug_info</name>
         <load_address>0x41f7</load_address>
         <run_address>0x41f7</run_address>
         <size>0x3c4</size>
         <input_file_ref idref="fl-8"/>
      </object_component>
      <object_component id="oc-9c">
         <name>.debug_info</name>
         <load_address>0x45bb</load_address>
         <run_address>0x45bb</run_address>
         <size>0x122</size>
         <input_file_ref idref="fl-9"/>
      </object_component>
      <object_component id="oc-13f">
         <name>.debug_info</name>
         <load_address>0x46dd</load_address>
         <run_address>0x46dd</run_address>
         <size>0x2ab</size>
         <input_file_ref idref="fl-c3"/>
      </object_component>
      <object_component id="oc-80">
         <name>.debug_info</name>
         <load_address>0x4988</load_address>
         <run_address>0x4988</run_address>
         <size>0x214</size>
         <input_file_ref idref="fl-c3"/>
      </object_component>
      <object_component id="oc-190">
         <name>.debug_info</name>
         <load_address>0x4b9c</load_address>
         <run_address>0x4b9c</run_address>
         <size>0x361</size>
         <input_file_ref idref="fl-c4"/>
      </object_component>
      <object_component id="oc-e3">
         <name>.debug_info</name>
         <load_address>0x4efd</load_address>
         <run_address>0x4efd</run_address>
         <size>0x7ae</size>
         <input_file_ref idref="fl-c4"/>
      </object_component>
      <object_component id="oc-232">
         <name>.debug_info</name>
         <load_address>0x56ab</load_address>
         <run_address>0x56ab</run_address>
         <size>0x46</size>
         <input_file_ref idref="fl-c4"/>
      </object_component>
      <object_component id="oc-191">
         <name>.debug_info</name>
         <load_address>0x56f1</load_address>
         <run_address>0x56f1</run_address>
         <size>0x39</size>
         <input_file_ref idref="fl-c4"/>
      </object_component>
      <object_component id="oc-e8">
         <name>.debug_info</name>
         <load_address>0x572a</load_address>
         <run_address>0x572a</run_address>
         <size>0x14c</size>
         <input_file_ref idref="fl-c5"/>
      </object_component>
      <object_component id="oc-13c">
         <name>.debug_info</name>
         <load_address>0x5876</load_address>
         <run_address>0x5876</run_address>
         <size>0x128</size>
         <input_file_ref idref="fl-c6"/>
      </object_component>
      <object_component id="oc-1ed">
         <name>.debug_info</name>
         <load_address>0x599e</load_address>
         <run_address>0x599e</run_address>
         <size>0x12a</size>
         <input_file_ref idref="fl-c6"/>
      </object_component>
      <object_component id="oc-7c">
         <name>.debug_info</name>
         <load_address>0x5ac8</load_address>
         <run_address>0x5ac8</run_address>
         <size>0x13a</size>
         <input_file_ref idref="fl-c7"/>
      </object_component>
      <object_component id="oc-df">
         <name>.debug_info</name>
         <load_address>0x5c02</load_address>
         <run_address>0x5c02</run_address>
         <size>0x13a</size>
         <input_file_ref idref="fl-c8"/>
      </object_component>
      <object_component id="oc-ed">
         <name>.debug_info</name>
         <load_address>0x5d3c</load_address>
         <run_address>0x5d3c</run_address>
         <size>0x12e</size>
         <input_file_ref idref="fl-c9"/>
      </object_component>
      <object_component id="oc-ce">
         <name>.debug_info</name>
         <load_address>0x5e6a</load_address>
         <run_address>0x5e6a</run_address>
         <size>0x13e</size>
         <input_file_ref idref="fl-ca"/>
      </object_component>
      <object_component id="oc-87">
         <name>.debug_info</name>
         <load_address>0x5fa8</load_address>
         <run_address>0x5fa8</run_address>
         <size>0x139</size>
         <input_file_ref idref="fl-cb"/>
      </object_component>
      <object_component id="oc-76">
         <name>.debug_info</name>
         <load_address>0x60e1</load_address>
         <run_address>0x60e1</run_address>
         <size>0x12c</size>
         <input_file_ref idref="fl-cc"/>
      </object_component>
      <object_component id="oc-d8">
         <name>.debug_info</name>
         <load_address>0x620d</load_address>
         <run_address>0x620d</run_address>
         <size>0x12c</size>
         <input_file_ref idref="fl-cd"/>
      </object_component>
      <object_component id="oc-118">
         <name>.debug_info</name>
         <load_address>0x6339</load_address>
         <run_address>0x6339</run_address>
         <size>0x2d4</size>
         <input_file_ref idref="fl-ce"/>
      </object_component>
      <object_component id="oc-56">
         <name>.debug_info</name>
         <load_address>0x660d</load_address>
         <run_address>0x660d</run_address>
         <size>0x1b5</size>
         <input_file_ref idref="fl-ce"/>
      </object_component>
      <object_component id="oc-113">
         <name>.debug_info</name>
         <load_address>0x67c2</load_address>
         <run_address>0x67c2</run_address>
         <size>0x46</size>
         <input_file_ref idref="fl-ce"/>
      </object_component>
      <object_component id="oc-1a5">
         <name>.debug_info</name>
         <load_address>0x6808</load_address>
         <run_address>0x6808</run_address>
         <size>0x2c</size>
         <input_file_ref idref="fl-ce"/>
      </object_component>
      <object_component id="oc-4c">
         <name>.debug_info</name>
         <load_address>0x6834</load_address>
         <run_address>0x6834</run_address>
         <size>0x2a8</size>
         <input_file_ref idref="fl-cf"/>
      </object_component>
      <object_component id="oc-1f">
         <name>.debug_info</name>
         <load_address>0x6adc</load_address>
         <run_address>0x6adc</run_address>
         <size>0x1ea</size>
         <input_file_ref idref="fl-cf"/>
      </object_component>
      <object_component id="oc-47">
         <name>.debug_info</name>
         <load_address>0x6cc6</load_address>
         <run_address>0x6cc6</run_address>
         <size>0x46</size>
         <input_file_ref idref="fl-cf"/>
      </object_component>
      <object_component id="oc-10b">
         <name>.debug_info</name>
         <load_address>0x6d0c</load_address>
         <run_address>0x6d0c</run_address>
         <size>0x2c</size>
         <input_file_ref idref="fl-cf"/>
      </object_component>
      <object_component id="oc-109">
         <name>.debug_info</name>
         <load_address>0x6d38</load_address>
         <run_address>0x6d38</run_address>
         <size>0x29e</size>
         <input_file_ref idref="fl-d0"/>
      </object_component>
      <object_component id="oc-17">
         <name>.debug_info</name>
         <load_address>0x6fd6</load_address>
         <run_address>0x6fd6</run_address>
         <size>0x250</size>
         <input_file_ref idref="fl-d0"/>
      </object_component>
      <object_component id="oc-37">
         <name>.debug_info</name>
         <load_address>0x7226</load_address>
         <run_address>0x7226</run_address>
         <size>0x60</size>
         <input_file_ref idref="fl-d0"/>
      </object_component>
      <object_component id="oc-19e">
         <name>.debug_info</name>
         <load_address>0x7286</load_address>
         <run_address>0x7286</run_address>
         <size>0x46</size>
         <input_file_ref idref="fl-d0"/>
      </object_component>
      <object_component id="oc-104">
         <name>.debug_info</name>
         <load_address>0x72cc</load_address>
         <run_address>0x72cc</run_address>
         <size>0x39</size>
         <input_file_ref idref="fl-d0"/>
      </object_component>
      <object_component id="oc-227">
         <name>.debug_info</name>
         <load_address>0x7305</load_address>
         <run_address>0x7305</run_address>
         <size>0x3aa</size>
         <input_file_ref idref="fl-d1"/>
      </object_component>
      <object_component id="oc-224">
         <name>.debug_info</name>
         <load_address>0x76af</load_address>
         <run_address>0x76af</run_address>
         <size>0x13a</size>
         <input_file_ref idref="fl-d1"/>
      </object_component>
      <object_component id="oc-184">
         <name>.debug_info</name>
         <load_address>0x77e9</load_address>
         <run_address>0x77e9</run_address>
         <size>0x72f</size>
         <input_file_ref idref="fl-d1"/>
      </object_component>
      <object_component id="oc-279">
         <name>.debug_info</name>
         <load_address>0x7f18</load_address>
         <run_address>0x7f18</run_address>
         <size>0x39</size>
         <input_file_ref idref="fl-d1"/>
      </object_component>
      <object_component id="oc-229">
         <name>.debug_info</name>
         <load_address>0x7f51</load_address>
         <run_address>0x7f51</run_address>
         <size>0x2c</size>
         <input_file_ref idref="fl-d1"/>
      </object_component>
      <object_component id="oc-177">
         <name>.debug_info</name>
         <load_address>0x7f7d</load_address>
         <run_address>0x7f7d</run_address>
         <size>0x2c5</size>
         <input_file_ref idref="fl-d2"/>
      </object_component>
      <object_component id="oc-c7">
         <name>.debug_info</name>
         <load_address>0x8242</load_address>
         <run_address>0x8242</run_address>
         <size>0x149</size>
         <input_file_ref idref="fl-d2"/>
      </object_component>
      <object_component id="oc-17a">
         <name>.debug_info</name>
         <load_address>0x838b</load_address>
         <run_address>0x838b</run_address>
         <size>0x2b9</size>
         <input_file_ref idref="fl-d3"/>
      </object_component>
      <object_component id="oc-d3">
         <name>.debug_info</name>
         <load_address>0x8644</load_address>
         <run_address>0x8644</run_address>
         <size>0x17c</size>
         <input_file_ref idref="fl-d3"/>
      </object_component>
      <object_component id="oc-206">
         <name>.debug_info</name>
         <load_address>0x87c0</load_address>
         <run_address>0x87c0</run_address>
         <size>0xf9</size>
         <input_file_ref idref="fl-d4"/>
      </object_component>
      <object_component id="oc-16a">
         <name>.debug_info</name>
         <load_address>0x88b9</load_address>
         <run_address>0x88b9</run_address>
         <size>0x105</size>
         <input_file_ref idref="fl-d4"/>
      </object_component>
      <object_component id="oc-16f">
         <name>.debug_info</name>
         <load_address>0x89be</load_address>
         <run_address>0x89be</run_address>
         <size>0x28a</size>
         <input_file_ref idref="fl-d5"/>
      </object_component>
      <object_component id="oc-c1">
         <name>.debug_info</name>
         <load_address>0x8c48</load_address>
         <run_address>0x8c48</run_address>
         <size>0x273</size>
         <input_file_ref idref="fl-d5"/>
      </object_component>
      <object_component id="oc-21b">
         <name>.debug_info</name>
         <load_address>0x8ebb</load_address>
         <run_address>0x8ebb</run_address>
         <size>0x3b1</size>
         <input_file_ref idref="fl-d6"/>
      </object_component>
      <object_component id="oc-218">
         <name>.debug_info</name>
         <load_address>0x926c</load_address>
         <run_address>0x926c</run_address>
         <size>0x123</size>
         <input_file_ref idref="fl-d6"/>
      </object_component>
      <object_component id="oc-173">
         <name>.debug_info</name>
         <load_address>0x938f</load_address>
         <run_address>0x938f</run_address>
         <size>0x4e0</size>
         <input_file_ref idref="fl-d6"/>
      </object_component>
      <object_component id="oc-15f">
         <name>.debug_info</name>
         <load_address>0x986f</load_address>
         <run_address>0x986f</run_address>
         <size>0x2fe</size>
         <input_file_ref idref="fl-d7"/>
      </object_component>
      <object_component id="oc-15c">
         <name>.debug_info</name>
         <load_address>0x9b6d</load_address>
         <run_address>0x9b6d</run_address>
         <size>0x105</size>
         <input_file_ref idref="fl-d7"/>
      </object_component>
      <object_component id="oc-b1">
         <name>.debug_info</name>
         <load_address>0x9c72</load_address>
         <run_address>0x9c72</run_address>
         <size>0x1ab</size>
         <input_file_ref idref="fl-d7"/>
      </object_component>
      <object_component id="oc-16d">
         <name>.debug_info</name>
         <load_address>0x9e1d</load_address>
         <run_address>0x9e1d</run_address>
         <size>0x2b6</size>
         <input_file_ref idref="fl-d8"/>
      </object_component>
      <object_component id="oc-bb">
         <name>.debug_info</name>
         <load_address>0xa0d3</load_address>
         <run_address>0xa0d3</run_address>
         <size>0x154</size>
         <input_file_ref idref="fl-d8"/>
      </object_component>
      <object_component id="oc-266">
         <name>.debug_info</name>
         <load_address>0xa227</load_address>
         <run_address>0xa227</run_address>
         <size>0x289</size>
         <input_file_ref idref="fl-d9"/>
      </object_component>
      <object_component id="oc-263">
         <name>.debug_info</name>
         <load_address>0xa4b0</load_address>
         <run_address>0xa4b0</run_address>
         <size>0x10e</size>
         <input_file_ref idref="fl-d9"/>
      </object_component>
      <object_component id="oc-20f">
         <name>.debug_info</name>
         <load_address>0xa5be</load_address>
         <run_address>0xa5be</run_address>
         <size>0x14e</size>
         <input_file_ref idref="fl-d9"/>
      </object_component>
      <object_component id="oc-25">
         <name>.debug_info</name>
         <load_address>0xa70c</load_address>
         <run_address>0xa70c</run_address>
         <size>0x10b</size>
         <input_file_ref idref="fl-da"/>
      </object_component>
      <object_component id="oc-61">
         <name>.debug_info</name>
         <load_address>0xa817</load_address>
         <run_address>0xa817</run_address>
         <size>0x1a9</size>
         <input_file_ref idref="fl-da"/>
      </object_component>
      <object_component id="oc-22f">
         <name>.debug_info</name>
         <load_address>0xa9c0</load_address>
         <run_address>0xa9c0</run_address>
         <size>0x288</size>
         <input_file_ref idref="fl-db"/>
      </object_component>
      <object_component id="oc-18b">
         <name>.debug_info</name>
         <load_address>0xac48</load_address>
         <run_address>0xac48</run_address>
         <size>0x327</size>
         <input_file_ref idref="fl-db"/>
      </object_component>
      <object_component id="oc-222">
         <name>.debug_info</name>
         <load_address>0xaf6f</load_address>
         <run_address>0xaf6f</run_address>
         <size>0x28d</size>
         <input_file_ref idref="fl-dc"/>
      </object_component>
      <object_component id="oc-17e">
         <name>.debug_info</name>
         <load_address>0xb1fc</load_address>
         <run_address>0xb1fc</run_address>
         <size>0x380</size>
         <input_file_ref idref="fl-dc"/>
      </object_component>
      <object_component id="oc-1f2">
         <name>.debug_info</name>
         <load_address>0xb57c</load_address>
         <run_address>0xb57c</run_address>
         <size>0x28a</size>
         <input_file_ref idref="fl-dd"/>
      </object_component>
      <object_component id="oc-135">
         <name>.debug_info</name>
         <load_address>0xb806</load_address>
         <run_address>0xb806</run_address>
         <size>0x22a</size>
         <input_file_ref idref="fl-dd"/>
      </object_component>
      <object_component id="oc-26e">
         <name>.debug_info</name>
         <load_address>0xba30</load_address>
         <run_address>0xba30</run_address>
         <size>0x2f8</size>
         <input_file_ref idref="fl-de"/>
      </object_component>
      <object_component id="oc-213">
         <name>.debug_info</name>
         <load_address>0xbd28</load_address>
         <run_address>0xbd28</run_address>
         <size>0x225</size>
         <input_file_ref idref="fl-de"/>
      </object_component>
      <object_component id="oc-26a">
         <name>.debug_info</name>
         <load_address>0xbf4d</load_address>
         <run_address>0xbf4d</run_address>
         <size>0x161</size>
         <input_file_ref idref="fl-df"/>
      </object_component>
      <object_component id="oc-44">
         <name>.debug_info</name>
         <load_address>0xc0ae</load_address>
         <run_address>0xc0ae</run_address>
         <size>0x119</size>
         <input_file_ref idref="fl-e0"/>
      </object_component>
      <object_component id="oc-11b">
         <name>.debug_info</name>
         <load_address>0xc1c7</load_address>
         <run_address>0xc1c7</run_address>
         <size>0x147</size>
         <input_file_ref idref="fl-e1"/>
      </object_component>
      <object_component id="oc-244">
         <name>.debug_info</name>
         <load_address>0xc30e</load_address>
         <run_address>0xc30e</run_address>
         <size>0x4b3</size>
         <input_file_ref idref="fl-e2"/>
      </object_component>
      <object_component id="oc-1bb">
         <name>.debug_info</name>
         <load_address>0xc7c1</load_address>
         <run_address>0xc7c1</run_address>
         <size>0x1a6</size>
         <input_file_ref idref="fl-e2"/>
      </object_component>
      <object_component id="oc-290">
         <name>.debug_info</name>
         <load_address>0xc967</load_address>
         <run_address>0xc967</run_address>
         <size>0x39</size>
         <input_file_ref idref="fl-e2"/>
      </object_component>
      <object_component id="oc-2ab">
         <name>.debug_info</name>
         <load_address>0xc9a0</load_address>
         <run_address>0xc9a0</run_address>
         <size>0x39</size>
         <input_file_ref idref="fl-e2"/>
      </object_component>
      <object_component id="oc-295">
         <name>.debug_info</name>
         <load_address>0xc9d9</load_address>
         <run_address>0xc9d9</run_address>
         <size>0x39</size>
         <input_file_ref idref="fl-e2"/>
      </object_component>
      <object_component id="oc-29a">
         <name>.debug_info</name>
         <load_address>0xca12</load_address>
         <run_address>0xca12</run_address>
         <size>0xcd</size>
         <input_file_ref idref="fl-e2"/>
      </object_component>
      <object_component id="oc-120">
         <name>.debug_info</name>
         <load_address>0xcadf</load_address>
         <run_address>0xcadf</run_address>
         <size>0x153</size>
         <input_file_ref idref="fl-e3"/>
      </object_component>
      <object_component id="oc-1b0">
         <name>.debug_info</name>
         <load_address>0xcc32</load_address>
         <run_address>0xcc32</run_address>
         <size>0x122</size>
         <input_file_ref idref="fl-e5"/>
      </object_component>
      <object_component id="oc-1ff">
         <name>.debug_info</name>
         <load_address>0xcd54</load_address>
         <run_address>0xcd54</run_address>
         <size>0x290</size>
         <input_file_ref idref="fl-e8"/>
      </object_component>
      <object_component id="oc-158">
         <name>.debug_info</name>
         <load_address>0xcfe4</load_address>
         <run_address>0xcfe4</run_address>
         <size>0x198</size>
         <input_file_ref idref="fl-e8"/>
      </object_component>
      <object_component id="oc-1fd">
         <name>.debug_info</name>
         <load_address>0xd17c</load_address>
         <run_address>0xd17c</run_address>
         <size>0x295</size>
         <input_file_ref idref="fl-e9"/>
      </object_component>
      <object_component id="oc-153">
         <name>.debug_info</name>
         <load_address>0xd411</load_address>
         <run_address>0xd411</run_address>
         <size>0x1c3</size>
         <input_file_ref idref="fl-e9"/>
      </object_component>
      <object_component id="oc-2e6">
         <name>.debug_info</name>
         <load_address>0xd5d4</load_address>
         <run_address>0xd5d4</run_address>
         <size>0x9e</size>
      </object_component>
      <object_component id="oc-238">
         <name>.debug_line</name>
         <load_address>0x0</load_address>
         <run_address>0x0</run_address>
         <size>0x20</size>
         <input_file_ref idref="fl-2"/>
      </object_component>
      <object_component id="oc-a3">
         <name>.debug_line</name>
         <load_address>0x20</load_address>
         <run_address>0x20</run_address>
         <size>0x43</size>
         <input_file_ref idref="fl-2"/>
      </object_component>
      <object_component id="oc-102">
         <name>.debug_line</name>
         <load_address>0x63</load_address>
         <run_address>0x63</run_address>
         <size>0x6f</size>
         <input_file_ref idref="fl-2"/>
      </object_component>
      <object_component id="oc-3f">
         <name>.debug_line</name>
         <load_address>0xd2</load_address>
         <run_address>0xd2</run_address>
         <size>0x20</size>
         <input_file_ref idref="fl-2"/>
      </object_component>
      <object_component id="oc-19b">
         <name>.debug_line</name>
         <load_address>0xf2</load_address>
         <run_address>0xf2</run_address>
         <size>0x73</size>
         <input_file_ref idref="fl-2"/>
      </object_component>
      <object_component id="oc-fb">
         <name>.debug_line</name>
         <load_address>0x165</load_address>
         <run_address>0x165</run_address>
         <size>0x70</size>
         <input_file_ref idref="fl-2"/>
      </object_component>
      <object_component id="oc-1f9">
         <name>.debug_line</name>
         <load_address>0x1d5</load_address>
         <run_address>0x1d5</run_address>
         <size>0x20</size>
         <input_file_ref idref="fl-3"/>
      </object_component>
      <object_component id="oc-91">
         <name>.debug_line</name>
         <load_address>0x1f5</load_address>
         <run_address>0x1f5</run_address>
         <size>0x39a</size>
         <input_file_ref idref="fl-3"/>
      </object_component>
      <object_component id="oc-147">
         <name>.debug_line</name>
         <load_address>0x58f</load_address>
         <run_address>0x58f</run_address>
         <size>0x2d</size>
         <input_file_ref idref="fl-3"/>
      </object_component>
      <object_component id="oc-f6">
         <name>.debug_line</name>
         <load_address>0x5bc</load_address>
         <run_address>0x5bc</run_address>
         <size>0x20</size>
         <input_file_ref idref="fl-3"/>
      </object_component>
      <object_component id="oc-163">
         <name>.debug_line</name>
         <load_address>0x5dc</load_address>
         <run_address>0x5dc</run_address>
         <size>0x1ab</size>
         <input_file_ref idref="fl-4"/>
      </object_component>
      <object_component id="oc-161">
         <name>.debug_line</name>
         <load_address>0x787</load_address>
         <run_address>0x787</run_address>
         <size>0x32</size>
         <input_file_ref idref="fl-4"/>
      </object_component>
      <object_component id="oc-31">
         <name>.debug_line</name>
         <load_address>0x7b9</load_address>
         <run_address>0x7b9</run_address>
         <size>0x1dc</size>
         <input_file_ref idref="fl-4"/>
      </object_component>
      <object_component id="oc-167">
         <name>.debug_line</name>
         <load_address>0x995</load_address>
         <run_address>0x995</run_address>
         <size>0x74</size>
         <input_file_ref idref="fl-4"/>
      </object_component>
      <object_component id="oc-1f7">
         <name>.debug_line</name>
         <load_address>0xa09</load_address>
         <run_address>0xa09</run_address>
         <size>0x20</size>
         <input_file_ref idref="fl-5"/>
      </object_component>
      <object_component id="oc-8c">
         <name>.debug_line</name>
         <load_address>0xa29</load_address>
         <run_address>0xa29</run_address>
         <size>0x8d</size>
         <input_file_ref idref="fl-5"/>
      </object_component>
      <object_component id="oc-99">
         <name>.debug_line</name>
         <load_address>0xab6</load_address>
         <run_address>0xab6</run_address>
         <size>0xdd</size>
         <input_file_ref idref="fl-6"/>
      </object_component>
      <object_component id="oc-fe">
         <name>.debug_line</name>
         <load_address>0xb93</load_address>
         <run_address>0xb93</run_address>
         <size>0x41</size>
         <input_file_ref idref="fl-7"/>
      </object_component>
      <object_component id="oc-34">
         <name>.debug_line</name>
         <load_address>0xbd4</load_address>
         <run_address>0xbd4</run_address>
         <size>0x41</size>
         <input_file_ref idref="fl-7"/>
      </object_component>
      <object_component id="oc-2a">
         <name>.debug_line</name>
         <load_address>0xc15</load_address>
         <run_address>0xc15</run_address>
         <size>0xa1</size>
         <input_file_ref idref="fl-7"/>
      </object_component>
      <object_component id="oc-1fb">
         <name>.debug_line</name>
         <load_address>0xcb6</load_address>
         <run_address>0xcb6</run_address>
         <size>0x2d</size>
         <input_file_ref idref="fl-8"/>
      </object_component>
      <object_component id="oc-ac">
         <name>.debug_line</name>
         <load_address>0xce3</load_address>
         <run_address>0xce3</run_address>
         <size>0xe5</size>
         <input_file_ref idref="fl-8"/>
      </object_component>
      <object_component id="oc-a0">
         <name>.debug_line</name>
         <load_address>0xdc8</load_address>
         <run_address>0xdc8</run_address>
         <size>0x52</size>
         <input_file_ref idref="fl-9"/>
      </object_component>
      <object_component id="oc-1f5">
         <name>.debug_line</name>
         <load_address>0xe1a</load_address>
         <run_address>0xe1a</run_address>
         <size>0x2a</size>
         <input_file_ref idref="fl-c3"/>
      </object_component>
      <object_component id="oc-82">
         <name>.debug_line</name>
         <load_address>0xe44</load_address>
         <run_address>0xe44</run_address>
         <size>0x7a</size>
         <input_file_ref idref="fl-c3"/>
      </object_component>
      <object_component id="oc-231">
         <name>.debug_line</name>
         <load_address>0xebe</load_address>
         <run_address>0xebe</run_address>
         <size>0x32</size>
         <input_file_ref idref="fl-c4"/>
      </object_component>
      <object_component id="oc-e5">
         <name>.debug_line</name>
         <load_address>0xef0</load_address>
         <run_address>0xef0</run_address>
         <size>0x218</size>
         <input_file_ref idref="fl-c4"/>
      </object_component>
      <object_component id="oc-235">
         <name>.debug_line</name>
         <load_address>0x1108</load_address>
         <run_address>0x1108</run_address>
         <size>0x9a</size>
         <input_file_ref idref="fl-c4"/>
      </object_component>
      <object_component id="oc-194">
         <name>.debug_line</name>
         <load_address>0x11a2</load_address>
         <run_address>0x11a2</run_address>
         <size>0x97</size>
         <input_file_ref idref="fl-c4"/>
      </object_component>
      <object_component id="oc-eb">
         <name>.debug_line</name>
         <load_address>0x1239</load_address>
         <run_address>0x1239</run_address>
         <size>0xd2</size>
         <input_file_ref idref="fl-c5"/>
      </object_component>
      <object_component id="oc-13b">
         <name>.debug_line</name>
         <load_address>0x130b</load_address>
         <run_address>0x130b</run_address>
         <size>0x77</size>
         <input_file_ref idref="fl-c6"/>
      </object_component>
      <object_component id="oc-1f0">
         <name>.debug_line</name>
         <load_address>0x1382</load_address>
         <run_address>0x1382</run_address>
         <size>0x77</size>
         <input_file_ref idref="fl-c6"/>
      </object_component>
      <object_component id="oc-7a">
         <name>.debug_line</name>
         <load_address>0x13f9</load_address>
         <run_address>0x13f9</run_address>
         <size>0xa8</size>
         <input_file_ref idref="fl-c7"/>
      </object_component>
      <object_component id="oc-dd">
         <name>.debug_line</name>
         <load_address>0x14a1</load_address>
         <run_address>0x14a1</run_address>
         <size>0x8e</size>
         <input_file_ref idref="fl-c8"/>
      </object_component>
      <object_component id="oc-f0">
         <name>.debug_line</name>
         <load_address>0x152f</load_address>
         <run_address>0x152f</run_address>
         <size>0x5a</size>
         <input_file_ref idref="fl-c9"/>
      </object_component>
      <object_component id="oc-cc">
         <name>.debug_line</name>
         <load_address>0x1589</load_address>
         <run_address>0x1589</run_address>
         <size>0x67</size>
         <input_file_ref idref="fl-ca"/>
      </object_component>
      <object_component id="oc-85">
         <name>.debug_line</name>
         <load_address>0x15f0</load_address>
         <run_address>0x15f0</run_address>
         <size>0x59</size>
         <input_file_ref idref="fl-cb"/>
      </object_component>
      <object_component id="oc-78">
         <name>.debug_line</name>
         <load_address>0x1649</load_address>
         <run_address>0x1649</run_address>
         <size>0x57</size>
         <input_file_ref idref="fl-cc"/>
      </object_component>
      <object_component id="oc-db">
         <name>.debug_line</name>
         <load_address>0x16a0</load_address>
         <run_address>0x16a0</run_address>
         <size>0x50</size>
         <input_file_ref idref="fl-cd"/>
      </object_component>
      <object_component id="oc-1ab">
         <name>.debug_line</name>
         <load_address>0x16f0</load_address>
         <run_address>0x16f0</run_address>
         <size>0x92</size>
         <input_file_ref idref="fl-ce"/>
      </object_component>
      <object_component id="oc-54">
         <name>.debug_line</name>
         <load_address>0x1782</load_address>
         <run_address>0x1782</run_address>
         <size>0x53</size>
         <input_file_ref idref="fl-ce"/>
      </object_component>
      <object_component id="oc-116">
         <name>.debug_line</name>
         <load_address>0x17d5</load_address>
         <run_address>0x17d5</run_address>
         <size>0x34</size>
         <input_file_ref idref="fl-ce"/>
      </object_component>
      <object_component id="oc-1a8">
         <name>.debug_line</name>
         <load_address>0x1809</load_address>
         <run_address>0x1809</run_address>
         <size>0x92</size>
         <input_file_ref idref="fl-ce"/>
      </object_component>
      <object_component id="oc-111">
         <name>.debug_line</name>
         <load_address>0x189b</load_address>
         <run_address>0x189b</run_address>
         <size>0x20</size>
         <input_file_ref idref="fl-cf"/>
      </object_component>
      <object_component id="oc-1e">
         <name>.debug_line</name>
         <load_address>0x18bb</load_address>
         <run_address>0x18bb</run_address>
         <size>0x55</size>
         <input_file_ref idref="fl-cf"/>
      </object_component>
      <object_component id="oc-4a">
         <name>.debug_line</name>
         <load_address>0x1910</load_address>
         <run_address>0x1910</run_address>
         <size>0x3a</size>
         <input_file_ref idref="fl-cf"/>
      </object_component>
      <object_component id="oc-10e">
         <name>.debug_line</name>
         <load_address>0x194a</load_address>
         <run_address>0x194a</run_address>
         <size>0x92</size>
         <input_file_ref idref="fl-cf"/>
      </object_component>
      <object_component id="oc-1a4">
         <name>.debug_line</name>
         <load_address>0x19dc</load_address>
         <run_address>0x19dc</run_address>
         <size>0x20</size>
         <input_file_ref idref="fl-d0"/>
      </object_component>
      <object_component id="oc-19">
         <name>.debug_line</name>
         <load_address>0x19fc</load_address>
         <run_address>0x19fc</run_address>
         <size>0xa9</size>
         <input_file_ref idref="fl-d0"/>
      </object_component>
      <object_component id="oc-3a">
         <name>.debug_line</name>
         <load_address>0x1aa5</load_address>
         <run_address>0x1aa5</run_address>
         <size>0x3a</size>
         <input_file_ref idref="fl-d0"/>
      </object_component>
      <object_component id="oc-1a1">
         <name>.debug_line</name>
         <load_address>0x1adf</load_address>
         <run_address>0x1adf</run_address>
         <size>0x9a</size>
         <input_file_ref idref="fl-d0"/>
      </object_component>
      <object_component id="oc-107">
         <name>.debug_line</name>
         <load_address>0x1b79</load_address>
         <run_address>0x1b79</run_address>
         <size>0x96</size>
         <input_file_ref idref="fl-d0"/>
      </object_component>
      <object_component id="oc-278">
         <name>.debug_line</name>
         <load_address>0x1c0f</load_address>
         <run_address>0x1c0f</run_address>
         <size>0x2a</size>
         <input_file_ref idref="fl-d1"/>
      </object_component>
      <object_component id="oc-276">
         <name>.debug_line</name>
         <load_address>0x1c39</load_address>
         <run_address>0x1c39</run_address>
         <size>0x30</size>
         <input_file_ref idref="fl-d1"/>
      </object_component>
      <object_component id="oc-187">
         <name>.debug_line</name>
         <load_address>0x1c69</load_address>
         <run_address>0x1c69</run_address>
         <size>0x3fd</size>
         <input_file_ref idref="fl-d1"/>
      </object_component>
      <object_component id="oc-27c">
         <name>.debug_line</name>
         <load_address>0x2066</load_address>
         <run_address>0x2066</run_address>
         <size>0x9a</size>
         <input_file_ref idref="fl-d1"/>
      </object_component>
      <object_component id="oc-22c">
         <name>.debug_line</name>
         <load_address>0x2100</load_address>
         <run_address>0x2100</run_address>
         <size>0x97</size>
         <input_file_ref idref="fl-d1"/>
      </object_component>
      <object_component id="oc-21e">
         <name>.debug_line</name>
         <load_address>0x2197</load_address>
         <run_address>0x2197</run_address>
         <size>0x92</size>
         <input_file_ref idref="fl-d2"/>
      </object_component>
      <object_component id="oc-c9">
         <name>.debug_line</name>
         <load_address>0x2229</load_address>
         <run_address>0x2229</run_address>
         <size>0x3e</size>
         <input_file_ref idref="fl-d2"/>
      </object_component>
      <object_component id="oc-220">
         <name>.debug_line</name>
         <load_address>0x2267</load_address>
         <run_address>0x2267</run_address>
         <size>0x91</size>
         <input_file_ref idref="fl-d3"/>
      </object_component>
      <object_component id="oc-d1">
         <name>.debug_line</name>
         <load_address>0x22f8</load_address>
         <run_address>0x22f8</run_address>
         <size>0x63</size>
         <input_file_ref idref="fl-d3"/>
      </object_component>
      <object_component id="oc-261">
         <name>.debug_line</name>
         <load_address>0x235b</load_address>
         <run_address>0x235b</run_address>
         <size>0x20</size>
         <input_file_ref idref="fl-d4"/>
      </object_component>
      <object_component id="oc-205">
         <name>.debug_line</name>
         <load_address>0x237b</load_address>
         <run_address>0x237b</run_address>
         <size>0x2b</size>
         <input_file_ref idref="fl-d4"/>
      </object_component>
      <object_component id="oc-20a">
         <name>.debug_line</name>
         <load_address>0x23a6</load_address>
         <run_address>0x23a6</run_address>
         <size>0x20</size>
         <input_file_ref idref="fl-d5"/>
      </object_component>
      <object_component id="oc-c4">
         <name>.debug_line</name>
         <load_address>0x23c6</load_address>
         <run_address>0x23c6</run_address>
         <size>0xad</size>
         <input_file_ref idref="fl-d5"/>
      </object_component>
      <object_component id="oc-272">
         <name>.debug_line</name>
         <load_address>0x2473</load_address>
         <run_address>0x2473</run_address>
         <size>0x172</size>
         <input_file_ref idref="fl-d6"/>
      </object_component>
      <object_component id="oc-270">
         <name>.debug_line</name>
         <load_address>0x25e5</load_address>
         <run_address>0x25e5</run_address>
         <size>0x2c</size>
         <input_file_ref idref="fl-d6"/>
      </object_component>
      <object_component id="oc-171">
         <name>.debug_line</name>
         <load_address>0x2611</load_address>
         <run_address>0x2611</run_address>
         <size>0x38e</size>
         <input_file_ref idref="fl-d6"/>
      </object_component>
      <object_component id="oc-203">
         <name>.debug_line</name>
         <load_address>0x299f</load_address>
         <run_address>0x299f</run_address>
         <size>0x92</size>
         <input_file_ref idref="fl-d7"/>
      </object_component>
      <object_component id="oc-201">
         <name>.debug_line</name>
         <load_address>0x2a31</load_address>
         <run_address>0x2a31</run_address>
         <size>0x2c</size>
         <input_file_ref idref="fl-d7"/>
      </object_component>
      <object_component id="oc-ae">
         <name>.debug_line</name>
         <load_address>0x2a5d</load_address>
         <run_address>0x2a5d</run_address>
         <size>0x5c</size>
         <input_file_ref idref="fl-d7"/>
      </object_component>
      <object_component id="oc-208">
         <name>.debug_line</name>
         <load_address>0x2ab9</load_address>
         <run_address>0x2ab9</run_address>
         <size>0x91</size>
         <input_file_ref idref="fl-d8"/>
      </object_component>
      <object_component id="oc-bd">
         <name>.debug_line</name>
         <load_address>0x2b4a</load_address>
         <run_address>0x2b4a</run_address>
         <size>0x3f</size>
         <input_file_ref idref="fl-d8"/>
      </object_component>
      <object_component id="oc-2a4">
         <name>.debug_line</name>
         <load_address>0x2b89</load_address>
         <run_address>0x2b89</run_address>
         <size>0x20</size>
         <input_file_ref idref="fl-d9"/>
      </object_component>
      <object_component id="oc-2a2">
         <name>.debug_line</name>
         <load_address>0x2ba9</load_address>
         <run_address>0x2ba9</run_address>
         <size>0x2b</size>
         <input_file_ref idref="fl-d9"/>
      </object_component>
      <object_component id="oc-20d">
         <name>.debug_line</name>
         <load_address>0x2bd4</load_address>
         <run_address>0x2bd4</run_address>
         <size>0x40</size>
         <input_file_ref idref="fl-d9"/>
      </object_component>
      <object_component id="oc-72">
         <name>.debug_line</name>
         <load_address>0x2c14</load_address>
         <run_address>0x2c14</run_address>
         <size>0x33</size>
         <input_file_ref idref="fl-da"/>
      </object_component>
      <object_component id="oc-64">
         <name>.debug_line</name>
         <load_address>0x2c47</load_address>
         <run_address>0x2c47</run_address>
         <size>0x45</size>
         <input_file_ref idref="fl-da"/>
      </object_component>
      <object_component id="oc-27f">
         <name>.debug_line</name>
         <load_address>0x2c8c</load_address>
         <run_address>0x2c8c</run_address>
         <size>0x20</size>
         <input_file_ref idref="fl-db"/>
      </object_component>
      <object_component id="oc-18e">
         <name>.debug_line</name>
         <load_address>0x2cac</load_address>
         <run_address>0x2cac</run_address>
         <size>0x43</size>
         <input_file_ref idref="fl-db"/>
      </object_component>
      <object_component id="oc-274">
         <name>.debug_line</name>
         <load_address>0x2cef</load_address>
         <run_address>0x2cef</run_address>
         <size>0x20</size>
         <input_file_ref idref="fl-dc"/>
      </object_component>
      <object_component id="oc-182">
         <name>.debug_line</name>
         <load_address>0x2d0f</load_address>
         <run_address>0x2d0f</run_address>
         <size>0x56</size>
         <input_file_ref idref="fl-dc"/>
      </object_component>
      <object_component id="oc-25b">
         <name>.debug_line</name>
         <load_address>0x2d65</load_address>
         <run_address>0x2d65</run_address>
         <size>0x20</size>
         <input_file_ref idref="fl-dd"/>
      </object_component>
      <object_component id="oc-138">
         <name>.debug_line</name>
         <load_address>0x2d85</load_address>
         <run_address>0x2d85</run_address>
         <size>0xa8</size>
         <input_file_ref idref="fl-dd"/>
      </object_component>
      <object_component id="oc-2a7">
         <name>.debug_line</name>
         <load_address>0x2e2d</load_address>
         <run_address>0x2e2d</run_address>
         <size>0x9b</size>
         <input_file_ref idref="fl-de"/>
      </object_component>
      <object_component id="oc-216">
         <name>.debug_line</name>
         <load_address>0x2ec8</load_address>
         <run_address>0x2ec8</run_address>
         <size>0xa4</size>
         <input_file_ref idref="fl-de"/>
      </object_component>
      <object_component id="oc-269">
         <name>.debug_line</name>
         <load_address>0x2f6c</load_address>
         <run_address>0x2f6c</run_address>
         <size>0x45</size>
         <input_file_ref idref="fl-df"/>
      </object_component>
      <object_component id="oc-42">
         <name>.debug_line</name>
         <load_address>0x2fb1</load_address>
         <run_address>0x2fb1</run_address>
         <size>0x88</size>
         <input_file_ref idref="fl-e0"/>
      </object_component>
      <object_component id="oc-11a">
         <name>.debug_line</name>
         <load_address>0x3039</load_address>
         <run_address>0x3039</run_address>
         <size>0x79</size>
         <input_file_ref idref="fl-e1"/>
      </object_component>
      <object_component id="oc-28f">
         <name>.debug_line</name>
         <load_address>0x30b2</load_address>
         <run_address>0x30b2</run_address>
         <size>0xbf</size>
         <input_file_ref idref="fl-e2"/>
      </object_component>
      <object_component id="oc-1be">
         <name>.debug_line</name>
         <load_address>0x3171</load_address>
         <run_address>0x3171</run_address>
         <size>0x6f</size>
         <input_file_ref idref="fl-e2"/>
      </object_component>
      <object_component id="oc-293">
         <name>.debug_line</name>
         <load_address>0x31e0</load_address>
         <run_address>0x31e0</run_address>
         <size>0x2e</size>
         <input_file_ref idref="fl-e2"/>
      </object_component>
      <object_component id="oc-2ae">
         <name>.debug_line</name>
         <load_address>0x320e</load_address>
         <run_address>0x320e</run_address>
         <size>0x9a</size>
         <input_file_ref idref="fl-e2"/>
      </object_component>
      <object_component id="oc-298">
         <name>.debug_line</name>
         <load_address>0x32a8</load_address>
         <run_address>0x32a8</run_address>
         <size>0x97</size>
         <input_file_ref idref="fl-e2"/>
      </object_component>
      <object_component id="oc-29d">
         <name>.debug_line</name>
         <load_address>0x333f</load_address>
         <run_address>0x333f</run_address>
         <size>0x93</size>
         <input_file_ref idref="fl-e2"/>
      </object_component>
      <object_component id="oc-124">
         <name>.debug_line</name>
         <load_address>0x33d2</load_address>
         <run_address>0x33d2</run_address>
         <size>0x40</size>
         <input_file_ref idref="fl-e3"/>
      </object_component>
      <object_component id="oc-1b3">
         <name>.debug_line</name>
         <load_address>0x3412</load_address>
         <run_address>0x3412</run_address>
         <size>0x3c</size>
         <input_file_ref idref="fl-e5"/>
      </object_component>
      <object_component id="oc-25f">
         <name>.debug_line</name>
         <load_address>0x344e</load_address>
         <run_address>0x344e</run_address>
         <size>0x20</size>
         <input_file_ref idref="fl-e8"/>
      </object_component>
      <object_component id="oc-156">
         <name>.debug_line</name>
         <load_address>0x346e</load_address>
         <run_address>0x346e</run_address>
         <size>0x54</size>
         <input_file_ref idref="fl-e8"/>
      </object_component>
      <object_component id="oc-25d">
         <name>.debug_line</name>
         <load_address>0x34c2</load_address>
         <run_address>0x34c2</run_address>
         <size>0x20</size>
         <input_file_ref idref="fl-e9"/>
      </object_component>
      <object_component id="oc-152">
         <name>.debug_line</name>
         <load_address>0x34e2</load_address>
         <run_address>0x34e2</run_address>
         <size>0x58</size>
         <input_file_ref idref="fl-e9"/>
      </object_component>
      <object_component id="oc-a2">
         <name>.debug_frame</name>
         <load_address>0x0</load_address>
         <run_address>0x0</run_address>
         <size>0x54</size>
         <input_file_ref idref="fl-2"/>
      </object_component>
      <object_component id="oc-92">
         <name>.debug_frame</name>
         <load_address>0x54</load_address>
         <run_address>0x54</run_address>
         <size>0x274</size>
         <input_file_ref idref="fl-3"/>
      </object_component>
      <object_component id="oc-32">
         <name>.debug_frame</name>
         <load_address>0x2c8</load_address>
         <run_address>0x2c8</run_address>
         <size>0x100</size>
         <input_file_ref idref="fl-4"/>
      </object_component>
      <object_component id="oc-8b">
         <name>.debug_frame</name>
         <load_address>0x3c8</load_address>
         <run_address>0x3c8</run_address>
         <size>0x88</size>
         <input_file_ref idref="fl-5"/>
      </object_component>
      <object_component id="oc-9a">
         <name>.debug_frame</name>
         <load_address>0x450</load_address>
         <run_address>0x450</run_address>
         <size>0xb8</size>
         <input_file_ref idref="fl-6"/>
      </object_component>
      <object_component id="oc-28">
         <name>.debug_frame</name>
         <load_address>0x508</load_address>
         <run_address>0x508</run_address>
         <size>0x90</size>
         <input_file_ref idref="fl-7"/>
      </object_component>
      <object_component id="oc-a9">
         <name>.debug_frame</name>
         <load_address>0x598</load_address>
         <run_address>0x598</run_address>
         <size>0xcc</size>
         <input_file_ref idref="fl-8"/>
      </object_component>
      <object_component id="oc-9f">
         <name>.debug_frame</name>
         <load_address>0x664</load_address>
         <run_address>0x664</run_address>
         <size>0x58</size>
[...]
      <symbol id="sm-1">
         <name>__STACK_TOP</name>
         <value>0x20004258</value>
      </symbol>
      <symbol id="sm-2">
         <name>__start___llvm_prf_cnts</name>
         <value>0x20000000</value>
      </symbol>
      <symbol id="sm-3">
         <name>__stop___llvm_prf_cnts</name>
         <value>0x20000000</value>
      </symbol>
      <symbol id="sm-4">
         <name>__TI_CINIT_Base</name>
         <value>0x3988</value>
      </symbol>
      <symbol id="sm-5">
         <name>__TI_CINIT_Limit</name>
         <value>0x3998</value>
      </symbol>
      <symbol id="sm-6">
         <name>__TI_Handler_Table_Base</name>
         <value>0x3974</value>
      </symbol>
      <symbol id="sm-7">
         <name>__TI_Handler_Table_Limit</name>
         <value>0x3980</value>
      </symbol>
      <symbol id="sm-8">
         <name>binit</name>
         <value>0xffffffff</value>
      </symbol>
      <symbol id="sm-9">
         <name>__binit__</name>
         <value>0xffffffff</value>
      </symbol>
      <symbol id="sm-a">
         <name>__STACK_SIZE</name>
         <value>0x200</value>
      </symbol>
      <symbol id="sm-b">
         <name>__STACK_END</name>
         <value>0x20004258</value>
      </symbol>
      <symbol id="sm-c">
         <name>__c_args__</name>
         <value>0xffffffff</value>
      </symbol>
      <symbol id="sm-d">
         <name>__TI_pprof_out_hndl</name>
         <value>0xffffffff</value>
      </symbol>
      <symbol id="sm-e">
         <name>__TI_prof_data_start</name>
         <value>0xffffffff</value>
      </symbol>
      <symbol id="sm-f">
         <name>__TI_prof_data_size</name>
         <value>0xffffffff</value>
      </symbol>
      <symbol id="sm-4a">
         <name>initSystemClockTo40Mhz</name>
         <value>0x35dd</value>
         <object_component_ref idref="oc-a1"/>
      </symbol>
      <symbol id="sm-c8">
         <name>selectPinInterruptBothEdges</name>
         <value>0x7af</value>
         <object_component_ref idref="oc-8f"/>
      </symbol>
      <symbol id="sm-c9">
         <name>getPortValue</name>
         <value>0x99d</value>
         <object_component_ref idref="oc-8f"/>
      </symbol>
      <symbol id="sm-ca">
         <name>selectPinAnalogInput</name>
         <value>0x493</value>
         <object_component_ref idref="oc-8f"/>
      </symbol>
      <symbol id="sm-cb">
         <name>selectPinPushPullOutput</name>
         <value>0x3a9</value>
         <object_component_ref idref="oc-8f"/>
      </symbol>
      <symbol id="sm-cc">
         <name>selectPinInterruptHighLevel</name>
         <value>0x805</value>
         <object_component_ref idref="oc-8f"/>
      </symbol>
      <symbol id="sm-cd">
         <name>selectPinInterruptFallingEdge</name>
         <value>0x75f</value>
         <object_component_ref idref="oc-8f"/>
      </symbol>
      <symbol id="sm-ce">
         <name>selectPinOpenDrainOutput</name>
         <value>0x3f7</value>
         <object_component_ref idref="oc-8f"/>
      </symbol>
      <symbol id="sm-cf">
         <name>selectPinInterruptLowLevel</name>
         <value>0x83f</value>
         <object_component_ref idref="oc-8f"/>
      </symbol>
      <symbol id="sm-d0">
         <name>setPortValue</name>
         <value>0x919</value>
         <object_component_ref idref="oc-8f"/>
      </symbol>
      <symbol id="sm-d1">
         <name>enablePinInterrupt</name>
         <value>0x879</value>
         <object_component_ref idref="oc-8f"/>
      </symbol>
      <symbol id="sm-d2">
         <name>setPinAuxFunction</name>
         <value>0x5fd</value>
         <object_component_ref idref="oc-8f"/>
      </symbol>
      <symbol id="sm-d3">
         <name>enablePort</name>
         <value>0x26d</value>
         <object_component_ref idref="oc-8f"/>
      </symbol>
      <symbol id="sm-d4">
         <name>disablePinPulldown</name>
         <value>0x5d5</value>
         <object_component_ref idref="oc-8f"/>
      </symbol>
      <symbol id="sm-d5">
         <name>setPinCommitControl</name>
         <value>0x4e3</value>
         <object_component_ref idref="oc-8f"/>
      </symbol>
      <symbol id="sm-d6">
         <name>disablePort</name>
         <value>0x329</value>
         <object_component_ref idref="oc-8f"/>
      </symbol>
      <symbol id="sm-d7">
         <name>disablePinInterrupt</name>
         <value>0x89d</value>
         <object_component_ref idref="oc-8f"/>
      </symbol>
      <symbol id="sm-d8">
         <name>enablePinPullup</name>
         <value>0x55f</value>
         <object_component_ref idref="oc-8f"/>
      </symbol>
      <symbol id="sm-d9">
         <name>getPinValue</name>
         <value>0x8e7</value>
         <object_component_ref idref="oc-8f"/>
      </symbol>
      <symbol id="sm-da">
         <name>enablePinPulldown</name>
         <value>0x5b1</value>
         <object_component_ref idref="oc-8f"/>
      </symbol>
      <symbol id="sm-db">
         <name>disablePinPullup</name>
         <value>0x58d</value>
         <object_component_ref idref="oc-8f"/>
      </symbol>
      <symbol id="sm-dc">
         <name>selectPinDigitalInput</name>
         <value>0x445</value>
         <object_component_ref idref="oc-8f"/>
      </symbol>
      <symbol id="sm-dd">
         <name>selectPinInterruptRisingEdge</name>
         <value>0x70f</value>
         <object_component_ref idref="oc-8f"/>
      </symbol>
      <symbol id="sm-de">
         <name>setPinValue</name>
         <value>0x8c1</value>
         <object_component_ref idref="oc-8f"/>
      </symbol>
      <symbol id="sm-161">
         <name>LUTA</name>
         <value>0x20000000</value>
      </symbol>
      <symbol id="sm-162">
         <name>LUTB</name>
         <value>0x20002000</value>
      </symbol>
      <symbol id="sm-163">
         <name>initSymbolTimer</name>
         <value>0xa5b</value>
         <object_component_ref idref="oc-2d"/>
      </symbol>
      <symbol id="sm-164">
         <name>setSymbolRate</name>
         <value>0xa2d</value>
         <object_component_ref idref="oc-2d"/>
      </symbol>
      <symbol id="sm-165">
         <name>initHw</name>
         <value>0xb4f</value>
         <object_component_ref idref="oc-2d"/>
      </symbol>
      <symbol id="sm-166">
         <name>processShell</name>
         <value>0xc35</value>
         <object_component_ref idref="oc-2d"/>
      </symbol>
      <symbol id="sm-167">
         <name>main</name>
         <value>0xf01</value>
         <object_component_ref idref="oc-2d"/>
      </symbol>
      <symbol id="sm-168">
         <name>DCValueA</name>
         <value>0x2000425a</value>
         <object_component_ref idref="oc-b3"/>
      </symbol>
      <symbol id="sm-169">
         <name>DCValueB</name>
         <value>0x2000425c</value>
         <object_component_ref idref="oc-b3"/>
      </symbol>
      <symbol id="sm-16a">
         <name>index</name>
         <value>0x20004258</value>
         <object_component_ref idref="oc-b3"/>
      </symbol>
      <symbol id="sm-16b">
         <name>tokenizeInput</name>
         <value>0xb8f</value>
         <object_component_ref idref="oc-2d"/>
      </symbol>
      <symbol id="sm-16c">
         <name>symbolTimerIsr</name>
         <value>0xab3</value>
         <object_component_ref idref="oc-2d"/>
      </symbol>
      <symbol id="sm-16d">
         <name>DACA</name>
         <value>0x20004262</value>
         <object_component_ref idref="oc-b3"/>
      </symbol>
      <symbol id="sm-16e">
         <name>indexA</name>
         <value>0x2000425e</value>
         <object_component_ref idref="oc-b3"/>
      </symbol>
      <symbol id="sm-16f">
         <name>indexB</name>
         <value>0x20004260</value>
         <object_component_ref idref="oc-b3"/>
      </symbol>
      <symbol id="sm-182">
         <name>disableNvicInterrupt</name>
         <value>0x2ed9</value>
         <object_component_ref idref="oc-89"/>
      </symbol>
      <symbol id="sm-183">
         <name>enableNvicInterrupt</name>
         <value>0x2ea1</value>
         <object_component_ref idref="oc-89"/>
      </symbol>
      <symbol id="sm-184">
         <name>setNvicInterruptPriority</name>
         <value>0x2f11</value>
         <object_component_ref idref="oc-89"/>
      </symbol>
      <symbol id="sm-1a0">
         <name>setSpi0Mode</name>
         <value>0x28b3</value>
         <object_component_ref idref="oc-95"/>
      </symbol>
      <symbol id="sm-1a1">
         <name>readSpi0Data</name>
         <value>0x2919</value>
         <object_component_ref idref="oc-95"/>
      </symbol>
      <symbol id="sm-1a2">
         <name>writeSpi0Data</name>
         <value>0x2901</value>
         <object_component_ref idref="oc-95"/>
      </symbol>
      <symbol id="sm-1a3">
         <name>initSpi0</name>
         <value>0x27e1</value>
         <object_component_ref idref="oc-95"/>
      </symbol>
      <symbol id="sm-1a4">
         <name>setSpi0BaudRate</name>
         <value>0x287d</value>
         <object_component_ref idref="oc-95"/>
      </symbol>
      <symbol id="sm-1c0">
         <name>ResetISR</name>
         <value>0x3617</value>
         <object_component_ref idref="oc-27"/>
      </symbol>
      <symbol id="sm-1c1">
         <name>g_pfnVectors</name>
         <value>0x0</value>
         <object_component_ref idref="oc-12"/>
      </symbol>
      <symbol id="sm-1e4">
         <name>getcUart0</name>
         <value>0x2b4b</value>
         <object_component_ref idref="oc-a7"/>
      </symbol>
      <symbol id="sm-1e5">
         <name>kbhitUart0</name>
         <value>0x2b5f</value>
         <object_component_ref idref="oc-a7"/>
      </symbol>
      <symbol id="sm-1e6">
         <name>setUart0BaudRate</name>
         <value>0x2ac3</value>
         <object_component_ref idref="oc-a7"/>
      </symbol>
      <symbol id="sm-1e7">
         <name>putsUart0</name>
         <value>0x2b1f</value>
         <object_component_ref idref="oc-a7"/>
      </symbol>
      <symbol id="sm-1e8">
         <name>initUart0</name>
         <value>0x2a79</value>
         <object_component_ref idref="oc-a7"/>
      </symbol>
      <symbol id="sm-1e9">
         <name>putcUart0</name>
         <value>0x2b03</value>
         <object_component_ref idref="oc-a7"/>
      </symbol>
      <symbol id="sm-1f7">
         <name>waitMicrosecond</name>
         <value>0x3575</value>
         <object_component_ref idref="oc-9b"/>
      </symbol>
      <symbol id="sm-20f">
         <name>roundl</name>
         <value>0x2f75</value>
         <object_component_ref idref="oc-7e"/>
      </symbol>
      <symbol id="sm-210">
         <name>round</name>
         <value>0x2f75</value>
         <object_component_ref idref="oc-7e"/>
      </symbol>
      <symbol id="sm-26a">
         <name>sin</name>
         <value>0x1905</value>
         <object_component_ref idref="oc-e1"/>
      </symbol>
      <symbol id="sm-26b">
         <name>sinl</name>
         <value>0x1905</value>
         <object_component_ref idref="oc-e1"/>
      </symbol>
      <symbol id="sm-282">
         <name>__aeabi_dsub</name>
         <value>0x2345</value>
         <object_component_ref idref="oc-e7"/>
      </symbol>
      <symbol id="sm-283">
         <name>__aeabi_dadd</name>
         <value>0x234f</value>
         <object_component_ref idref="oc-e7"/>
      </symbol>
      <symbol id="sm-2a5">
         <name>__aeabi_cdcmpeq</name>
         <value>0x30d5</value>
         <object_component_ref idref="oc-139"/>
      </symbol>
      <symbol id="sm-2a6">
         <name>__aeabi_cdcmple</name>
         <value>0x30d5</value>
         <object_component_ref idref="oc-139"/>
      </symbol>
      <symbol id="sm-2a7">
         <name>__aeabi_cdrcmple</name>
         <value>0x315b</value>
         <object_component_ref idref="oc-1ec"/>
      </symbol>
      <symbol id="sm-2bb">
         <name>__aeabi_ddiv</name>
         <value>0x2941</value>
         <object_component_ref idref="oc-79"/>
      </symbol>
      <symbol id="sm-2c6">
         <name>__aeabi_dmul</name>
         <value>0x2cad</value>
         <object_component_ref idref="oc-dc"/>
      </symbol>
      <symbol id="sm-2d0">
         <name>__aeabi_d2iz</name>
         <value>0x337d</value>
         <object_component_ref idref="oc-ec"/>
      </symbol>
      <symbol id="sm-2dc">
         <name>__aeabi_d2f</name>
         <value>0x325b</value>
         <object_component_ref idref="oc-cb"/>
      </symbol>
      <symbol id="sm-2e6">
         <name>__aeabi_d2uiz</name>
         <value>0x3409</value>
         <object_component_ref idref="oc-84"/>
      </symbol>
      <symbol id="sm-2f1">
         <name>__aeabi_f2d</name>
         <value>0x348d</value>
         <object_component_ref idref="oc-74"/>
      </symbol>
      <symbol id="sm-2fb">
         <name>__aeabi_i2d</name>
         <value>0x34f9</value>
         <object_component_ref idref="oc-d7"/>
      </symbol>
      <symbol id="sm-312">
         <name>__TI_zero_init</name>
         <value>0x360b</value>
         <object_component_ref idref="oc-53"/>
      </symbol>
      <symbol id="sm-329">
         <name>__TI_decompress_none</name>
         <value>0x35fd</value>
         <object_component_ref idref="oc-1b"/>
      </symbol>
      <symbol id="sm-34c">
         <name>__TI_decompress_lzss</name>
         <value>0x32c9</value>
         <object_component_ref idref="oc-15"/>
      </symbol>
      <symbol id="sm-3bc">
         <name>__kernel_rem_pio2</name>
         <value>0x11cd</value>
         <object_component_ref idref="oc-183"/>
      </symbol>
      <symbol id="sm-3c9">
         <name>atof</name>
         <value>0x35cb</value>
         <object_component_ref idref="oc-c5"/>
      </symbol>
      <symbol id="sm-3df">
         <name>atoi</name>
         <value>0x3331</value>
         <object_component_ref idref="oc-d0"/>
      </symbol>
      <symbol id="sm-3ea">
         <name>_ctypes_</name>
         <value>0x3790</value>
         <object_component_ref idref="oc-169"/>
      </symbol>
      <symbol id="sm-3f9">
         <name>strcmp</name>
         <value>0x35b3</value>
         <object_component_ref idref="oc-bf"/>
      </symbol>
      <symbol id="sm-459">
         <name>strtold</name>
         <value>0x1ee5</value>
         <object_component_ref idref="oc-170"/>
      </symbol>
      <symbol id="sm-45a">
         <name>strtod</name>
         <value>0x1ee5</value>
         <object_component_ref idref="oc-170"/>
      </symbol>
      <symbol id="sm-472">
         <name>strtok</name>
         <value>0x344d</value>
         <object_component_ref idref="oc-ad"/>
      </symbol>
      <symbol id="sm-481">
         <name>tolower</name>
         <value>0x35ed</value>
         <object_component_ref idref="oc-b9"/>
      </symbol>
      <symbol id="sm-497">
         <name>__aeabi_errno_addr</name>
         <value>0x3625</value>
         <object_component_ref idref="oc-20b"/>
      </symbol>
      <symbol id="sm-498">
         <name>errno</name>
         <value>0x20004264</value>
         <object_component_ref idref="oc-262"/>
      </symbol>
      <symbol id="sm-4ab">
         <name>__stack</name>
         <value>0x20004058</value>
         <object_component_ref idref="oc-24"/>
      </symbol>
      <symbol id="sm-4ac">
         <name>_c_int00_noargs</name>
         <value>0x34c5</value>
         <object_component_ref idref="oc-5f"/>
      </symbol>
      <symbol id="sm-4c2">
         <name>__kernel_cos</name>
         <value>0x2671</value>
         <object_component_ref idref="oc-189"/>
      </symbol>
      <symbol id="sm-4d9">
         <name>__kernel_sin</name>
         <value>0x24fd</value>
         <object_component_ref idref="oc-17d"/>
      </symbol>
      <symbol id="sm-4f6">
         <name>floorl</name>
         <value>0x2da9</value>
         <object_component_ref idref="oc-133"/>
      </symbol>
      <symbol id="sm-4f7">
         <name>floor</name>
         <value>0x2da9</value>
         <object_component_ref idref="oc-133"/>
      </symbol>
      <symbol id="sm-514">
         <name>scalbn</name>
         <value>0x2b9d</value>
         <object_component_ref idref="oc-211"/>
      </symbol>
      <symbol id="sm-515">
         <name>scalbnl</name>
         <value>0x2b9d</value>
         <object_component_ref idref="oc-211"/>
      </symbol>
      <symbol id="sm-516">
         <name>ldexpl</name>
         <value>0x2b9d</value>
         <object_component_ref idref="oc-211"/>
      </symbol>
      <symbol id="sm-517">
         <name>ldexp</name>
         <value>0x2b9d</value>
         <object_component_ref idref="oc-211"/>
      </symbol>
      <symbol id="sm-521">
         <name>copysign</name>
         <value>0x3599</value>
         <object_component_ref idref="oc-267"/>
      </symbol>
      <symbol id="sm-522">
         <name>copysignl</name>
         <value>0x3599</value>
         <object_component_ref idref="oc-267"/>
      </symbol>
      <symbol id="sm-53d">
         <name>memcpy</name>
         <value>0x3039</value>
         <object_component_ref idref="oc-41"/>
      </symbol>
      <symbol id="sm-53e">
         <name>__aeabi_memcpy</name>
         <value>0x3039</value>
         <object_component_ref idref="oc-41"/>
      </symbol>
      <symbol id="sm-53f">
         <name>__aeabi_memcpy8</name>
         <value>0x3039</value>
         <object_component_ref idref="oc-41"/>
      </symbol>
      <symbol id="sm-540">
         <name>__aeabi_memcpy4</name>
         <value>0x3039</value>
         <object_component_ref idref="oc-41"/>
      </symbol>
      <symbol id="sm-54f">
         <name>__aeabi_memset</name>
         <value>0x31e3</value>
         <object_component_ref idref="oc-119"/>
      </symbol>
      <symbol id="sm-550">
         <name>memset</name>
         <value>0x31e9</value>
         <object_component_ref idref="oc-119"/>
      </symbol>
      <symbol id="sm-551">
         <name>__aeabi_memset8</name>
         <value>0x31e3</value>
         <object_component_ref idref="oc-119"/>
      </symbol>
      <symbol id="sm-552">
         <name>__aeabi_memset4</name>
         <value>0x31e3</value>
         <object_component_ref idref="oc-119"/>
      </symbol>
      <symbol id="sm-553">
         <name>__aeabi_memclr8</name>
         <value>0x31e1</value>
         <object_component_ref idref="oc-119"/>
      </symbol>
      <symbol id="sm-554">
         <name>__aeabi_memclr4</name>
         <value>0x31e1</value>
         <object_component_ref idref="oc-119"/>
      </symbol>
      <symbol id="sm-555">
         <name>__aeabi_memclr</name>
         <value>0x31e1</value>
         <object_component_ref idref="oc-119"/>
      </symbol>
      <symbol id="sm-57d">
         <name>__TI_auto_init_nobinit_nopinit</name>
         <value>0x33c5</value>
         <object_component_ref idref="oc-1ba"/>
      </symbol>
      <symbol id="sm-587">
         <name>_system_pre_init</name>
         <value>0x362d</value>
         <object_component_ref idref="oc-11f"/>
      </symbol>
      <symbol id="sm-593">
         <name>C$$EXIT</name>
         <value>0x3631</value>
         <object_component_ref idref="oc-1ae"/>
      </symbol>
      <symbol id="sm-594">
         <name>abort</name>
         <value>0x3631</value>
         <object_component_ref idref="oc-1ae"/>
      </symbol>
      <symbol id="sm-5a7">
         <name>strcspn</name>
         <value>0x3551</value>
         <object_component_ref idref="oc-155"/>
      </symbol>
      <symbol id="sm-5b9">
         <name>strspn</name>
         <value>0x3527</value>
         <object_component_ref idref="oc-14f"/>
      </symbol>
      <symbol id="sm-5ba">
         <name>__TI_static_base__</name>
         <value>0x0</value>
      </symbol>
      <symbol id="sm-5bd">
         <name>__mpu_init</name>
         <value>0x0</value>
      </symbol>
      <symbol id="sm-5be">
         <name>_system_post_cinit</name>
         <value>0x0</value>
      </symbol>
   </symbol_table>
   <title>Link successful</title>
</link_info>
