******************************************************************************
                  TI ARM Linker PC v20.2.6                     
******************************************************************************
>> Linked Fri Mar  3 17:54:32 2023

OUTPUT FILE NAME:   <wireless2.out>
ENTRY POINT SYMBOL: "_c_int00_noargs"  address: 000039e9


MEMORY CONFIGURATION

         name            origin    length      used     unused   attr    fill
----------------------  --------  ---------  --------  --------  ----  --------
  FLASH                 00000000   00040000  00003f28  0003c0d8  R  X
  SRAM                  20000000   00008000  000043b0  00003c50  RW X


SEGMENT ALLOCATION MAP

run origin  load origin   length   init length attrs members
----------  ----------- ---------- ----------- ----- -------
00000000    00000000    00003f28   00003f28    r-x
  00000000    00000000    0000026c   0000026c    r-- .intvecs
  0000026c    0000026c    000038fc   000038fc    r-x .text
  00003b68    00003b68    00000328   00000328    r-- .const
  00003e90    00003e90    00000098   00000098    r-- .cinit
20000000    20000000    000043b4   00000000    rw-
  20000000    20000000    0000407c   00000000    rw- .bss
  20004080    20004080    00000200   00000000    rw- .stack
  20004280    20004280    00000134   00000000    rw- .data


SECTION ALLOCATION MAP

 output                                  attributes/
section   page    origin      length       input sections
--------  ----  ----------  ----------   ----------------
.intvecs   0    00000000    0000026c     
                  00000000    0000026c     tm4c123gh6pm_startup_ccs.obj (.intvecs)

.text      0    0000026c    000038fc     
                  0000026c    00000c78     modulator.obj (.text)
                  00000ee4    00000808     gpio.obj (.text)
                  000016ec    00000738     rtsv7M4_T_le_v4SPD16_eabi.lib : k_rem_pio2.c.obj (.text:__kernel_rem_pio2)
                  00001e24    000005e0                                   : s_sin.c.obj (.text:sin)
                  00002404    00000460                                   : strtod.c.obj (.text:strtod)
                  00002864    000001b6                                   : fd_add_t2.asm.obj (.text)
                  00002a1a    00000002     --HOLE-- [fill = 0]
                  00002a1c    00000174                                   : k_sin.c.obj (.text:__kernel_sin)
                  00002b90    00000170                                   : k_cos.c.obj (.text:__kernel_cos)
                  00002d00    00000160     spi0.obj (.text)
                  00002e60    00000136     rtsv7M4_T_le_v4SPD16_eabi.lib : fd_div_t2.asm.obj (.text)
                  00002f96    00000002     --HOLE-- [fill = 0]
                  00002f98    00000128     uart0.obj (.text)
                  000030c0    00000110     rtsv7M4_T_le_v4SPD16_eabi.lib : s_scalbn.c.obj (.text:scalbn)
                  000031d0    000000fc                                   : fd_mul_t2.asm.obj (.text)
                  000032cc    000000f8                                   : s_floor.c.obj (.text:floor)
                  000033c4    000000d4     nvic.obj (.text)
                  00003498    000000c4     rtsv7M4_T_le_v4SPD16_eabi.lib : s_round.c.obj (.text:round)
                  0000355c    0000009c                                   : memcpy_t2.asm.obj (.text)
                  000035f8    00000086                                   : fd_cmp_t2.asm.obj (.text:__aeabi_cdcmple)
                  0000367e    00000086                                   : fd_cmp_t2.asm.obj (.text:__aeabi_cdrcmple)
                  00003704    0000007a                                   : memset_t2.asm.obj (.text)
                  0000377e    0000006e                                   : fd_tos_t2.asm.obj (.text)
                  000037ec    00000068                                   : copy_decompress_lzss.c.obj (.text:decompress:lzss:__TI_decompress_lzss)
                  00003854    0000004c                                   : atoi.c.obj (.text:atoi)
                  000038a0    00000048                                   : fd_toi_t2.asm.obj (.text)
                  000038e8    00000044                                   : autoinit.c.obj (.text:__TI_auto_init_nobinit_nopinit:__TI_auto_init_nobinit_nopinit)
                  0000392c    00000044                                   : fd_tou_t2.asm.obj (.text)
                  00003970    00000040                                   : strtok.c.obj (.text:strtok)
                  000039b0    00000038                                   : fs_tod_t2.asm.obj (.text)
                  000039e8    00000034                                   : boot_cortex_m.c.obj (.text:_c_int00_noargs:_c_int00_noargs)
                  00003a1c    0000002e                                   : i_tofd_t2.asm.obj (.text)
                  00003a4a    0000002a                                   : strspn.c.obj (.text:strspn)
                  00003a74    00000024     clock.obj (.text)
                  00003a98    00000024     rtsv7M4_T_le_v4SPD16_eabi.lib : strcspn.c.obj (.text:strcspn)
                  00003abc    00000020                                   : u_tofd_t2.asm.obj (.text)
                  00003adc    0000001a                                   : s_copysign.c.obj (.text:copysign)
                  00003af6    00000018                                   : strcmp.c.obj (.text:strcmp)
                  00003b0e    00000012                                   : atof.c.obj (.text:atof)
                  00003b20    00000010                                   : tolower.c.obj (.text:tolower)
                  00003b30    0000000e                                   : copy_decompress_none.c.obj (.text:decompress:none:__TI_decompress_none)
                  00003b3e    0000000c                                   : copy_zero_init.c.obj (.text:decompress:ZI:__TI_zero_init)
                  00003b4a    0000000c     tm4c123gh6pm_startup_ccs.obj (.text)
                  00003b56    00000002     --HOLE-- [fill = 0]
                  00003b58    00000008     rtsv7M4_T_le_v4SPD16_eabi.lib : errno.c.obj (.text:__aeabi_errno_addr)
                  00003b60    00000004                                   : pre_init.c.obj (.text:_system_pre_init)
                  00003b64    00000004                                   : exit.c.obj (.text:abort:abort)

.const     0    00003b68    00000328     
                  00003b68    00000158     rtsv7M4_T_le_v4SPD16_eabi.lib : k_rem_pio2.c.obj (.const:$O1$$)
                  00003cc0    00000101                                   : ctype.c.obj (.const:.string:_ctypes_)
                  00003dc1    00000007     --HOLE-- [fill = 0]
                  00003dc8    000000c8                                   : strtod.c.obj (.const:$O1$$)

.cinit     0    00003e90    00000098     
                  00003e90    0000006d     (.cinit..data.load) [load image, compression = lzss]
                  00003efd    00000003     --HOLE-- [fill = 0]
                  00003f00    0000000c     (__TI_handler_table)
                  00003f0c    00000004     --HOLE-- [fill = 0]
                  00003f10    00000008     (.cinit..bss.load) [load image, compression = zero_init]
                  00003f18    00000010     (__TI_cinit_table)

.init_array 
*          0    00000000    00000000     UNINITIALIZED

.bss       0    20000000    0000407c     UNINITIALIZED
                  20000000    00002000     (.common:LUTA)
                  20002000    00002000     (.common:LUTB)
                  20004000    00000054     modulator.obj (.bss:strInput$1)
                  20004054    00000010     (.common:pskI)
                  20004064    00000010     (.common:pskQ)
                  20004074    00000004     (.common:bufferPtrI)
                  20004078    00000004     (.common:bufferPtrQ)

.data      0    20004280    00000134     UNINITIALIZED
                  20004280    00000040     modulator.obj (.data:qam16I)
                  200042c0    00000040     modulator.obj (.data:qam16Q)
                  20004300    00000039     modulator.obj (.data)
                  20004339    00000003     --HOLE--
                  2000433c    00000020     modulator.obj (.data:psk8I)
                  2000435c    00000020     modulator.obj (.data:psk8Q)
                  2000437c    00000010     modulator.obj (.data:qpskI)
                  2000438c    00000010     modulator.obj (.data:qpskQ)
                  2000439c    00000008     modulator.obj (.data:bpskI)
                  200043a4    00000008     modulator.obj (.data:bpskQ)
                  200043ac    00000004     rtsv7M4_T_le_v4SPD16_eabi.lib : errno.c.obj (.data)
                  200043b0    00000004                                   : strtok.c.obj (.data)

.stack     0    20004080    00000200     UNINITIALIZED
                  20004080    00000004     rtsv7M4_T_le_v4SPD16_eabi.lib : boot_cortex_m.c.obj (.stack)
                  20004084    000001fc     --HOLE--

__llvm_prf_cnts 
*          0    20000000    00000000     UNINITIALIZED

MODULE SUMMARY

       Module                         code    ro data   rw data
       ------                         ----    -------   -------
    .\
       modulator.obj                  3192    0         16805  
       gpio.obj                       2056    0         0      
       tm4c123gh6pm_startup_ccs.obj   12      620       0      
       spi0.obj                       352     0         0      
       uart0.obj                      296     0         0      
       nvic.obj                       212     0         0      
       clock.obj                      36      0         0      
    +--+------------------------------+-------+---------+---------+
       Total:                         6156    620       16805  
                                                               
    C:\ti\ccs1200\ccs\tools\compiler\ti-cgt-arm_20.2.6.LTS\lib\rtsv7M4_T_le_v4SPD16_eabi.lib
       k_rem_pio2.c.obj               1848    344       0      
       s_sin.c.obj                    1504    0         0      
       strtod.c.obj                   1120    200       0      
       fd_add_t2.asm.obj              438     0         0      
       k_sin.c.obj                    372     0         0      
       k_cos.c.obj                    368     0         0      
       fd_div_t2.asm.obj              310     0         0      
       s_scalbn.c.obj                 272     0         0      
       fd_cmp_t2.asm.obj              268     0         0      
       ctype.c.obj                    0       257       0      
       fd_mul_t2.asm.obj              252     0         0      
       s_floor.c.obj                  248     0         0      
       s_round.c.obj                  196     0         0      
       memcpy_t2.asm.obj              156     0         0      
       memset_t2.asm.obj              122     0         0      
       fd_tos_t2.asm.obj              110     0         0      
       copy_decompress_lzss.c.obj     104     0         0      
       atoi.c.obj                     76      0         0      
       fd_toi_t2.asm.obj              72      0         0      
       autoinit.c.obj                 68      0         0      
       fd_tou_t2.asm.obj              68      0         0      
       strtok.c.obj                   64      0         4      
       fs_tod_t2.asm.obj              56      0         0      
       boot_cortex_m.c.obj            52      0         0      
       i_tofd_t2.asm.obj              46      0         0      
       strspn.c.obj                   42      0         0      
       strcspn.c.obj                  36      0         0      
       u_tofd_t2.asm.obj              32      0         0      
       s_copysign.c.obj               26      0         0      
       strcmp.c.obj                   24      0         0      
       atof.c.obj                     18      0         0      
       tolower.c.obj                  16      0         0      
       copy_decompress_none.c.obj     14      0         0      
       copy_zero_init.c.obj           12      0         0      
       errno.c.obj                    8       0         4      
       exit.c.obj                     4       0         0      
       pre_init.c.obj                 4       0         0      
    +--+------------------------------+-------+---------+---------+
       Total:                         8426    801       8      
                                                               
       Stack:                         0       0         512    
       Linker Generated:              0       145       0      
    +--+------------------------------+-------+---------+---------+
       Grand Total:                   14582   1566      17325  


LINKER GENERATED COPY TABLES

__TI_cinit_table @ 00003f18 records: 2, size/record: 8, table size: 16
	.data: load addr=00003e90, load size=0000006d bytes, run addr=20004280, run size=00000134 bytes, compression=lzss
	.bss: load addr=00003f10, load size=00000008 bytes, run addr=20000000, run size=0000407c bytes, compression=zero_init


LINKER GENERATED HANDLER TABLE

__TI_handler_table @ 00003f00 records: 3, size/record: 4, table size: 12
	index: 0, handler: __TI_decompress_lzss
	index: 1, handler: __TI_decompress_none
	index: 2, handler: __TI_zero_init


GLOBAL SYMBOLS: SORTED ALPHABETICALLY BY Name 

address   name                          
-------   ----                          
2000430c  AnotB                         
00003b65  C$$EXIT                       
20000000  LUTA                          
20002000  LUTB                          
00003b4b  ResetISR                      
20004280  __STACK_END                   
00000200  __STACK_SIZE                  
20004280  __STACK_TOP                   
00003f18  __TI_CINIT_Base               
00003f28  __TI_CINIT_Limit              
00003f00  __TI_Handler_Table_Base       
00003f0c  __TI_Handler_Table_Limit      
000038e9  __TI_auto_init_nobinit_nopinit
000037ed  __TI_decompress_lzss          
00003b31  __TI_decompress_none          
ffffffff  __TI_pprof_out_hndl           
ffffffff  __TI_prof_data_size           
ffffffff  __TI_prof_data_start          
00000000  __TI_static_base__            
00003b3f  __TI_zero_init                
000035f9  __aeabi_cdcmpeq               
000035f9  __aeabi_cdcmple               
0000367f  __aeabi_cdrcmple              
0000377f  __aeabi_d2f                   
000038a1  __aeabi_d2iz                  
0000392d  __aeabi_d2uiz                 
0000286f  __aeabi_dadd                  
00002e61  __aeabi_ddiv                  
000031d1  __aeabi_dmul                  
00002865  __aeabi_dsub                  
00003b59  __aeabi_errno_addr            
000039b1  __aeabi_f2d                   
00003a1d  __aeabi_i2d                   
00003705  __aeabi_memclr                
00003705  __aeabi_memclr4               
00003705  __aeabi_memclr8               
0000355d  __aeabi_memcpy                
0000355d  __aeabi_memcpy4               
0000355d  __aeabi_memcpy8               
00003707  __aeabi_memset                
00003707  __aeabi_memset4               
00003707  __aeabi_memset8               
00003abd  __aeabi_ui2d                  
ffffffff  __binit__                     
ffffffff  __c_args__                    
00002b91  __kernel_cos                  
000016ed  __kernel_rem_pio2             
00002a1d  __kernel_sin                  
UNDEFED   __mpu_init                    
20004080  __stack                       
20000000  __start___llvm_prf_cnts       
20000000  __stop___llvm_prf_cnts        
000039e9  _c_int00_noargs               
00003cc0  _ctypes_                      
UNDEFED   _system_post_cinit            
00003b61  _system_pre_init              
00003b65  abort                         
20004310  amplitude                     
00003b0f  atof                          
00003855  atoi                          
ffffffff  binit                         
20004318  bitsToParse                   
2000439c  bpskI                         
200043a4  bpskQ                         
20004074  bufferPtrI                    
20004078  bufferPtrQ                    
00001539  clearPinInterrupt             
00003add  copysign                      
00003add  copysignl                     
20004314  degreeShift                   
000033fd  disableNvicInterrupt          
00001515  disablePinInterrupt           
0000124d  disablePinPulldown            
00001205  disablePinPullup              
00000fa1  disablePort                   
000033c5  enableNvicInterrupt           
000014f1  enablePinInterrupt            
00001229  enablePinPulldown             
000011d7  enablePinPullup               
00000ee5  enablePort                    
200043ac  errno                         
000032cd  floor                         
000032cd  floorl                        
00000000  g_pfnVectors                  
000015a7  getPinValue                   
0000165d  getPortValue                  
0000306f  getcUart0                     
20004328  index                         
20004304  indexA                        
20004308  indexB                        
000004d9  initHw                        
0000026d  initLdacTimer                 
00002d01  initSpi0                      
0000030f  initSymbolTimer               
00003a75  initSystemClockTo40Mhz        
00003a7d  initSystemClockTo80Mhz        
00002f99  initUart0                     
20004330  isDC                          
20004324  isMod                         
00003083  kbhitUart0                    
000002c5  ldacTimerIsr                  
000030c1  ldexp                         
000030c1  ldexpl                        
00000ca1  main                          
0000355d  memcpy                        
0000370d  memset                        
20004320  modIndex                      
2000432c  modMask                       
20004334  phaseShift                    
000006f1  processShell                  
2000433c  psk8I                         
2000435c  psk8Q                         
20004054  pskI                          
20004064  pskQ                          
00003027  putcUart0                     
00003043  putsUart0                     
20004280  qam16I                        
200042c0  qam16Q                        
2000437c  qpskI                         
2000438c  qpskQ                         
00002e39  readSpi0Data                  
00003499  round                         
00003499  roundl                        
000030c1  scalbn                        
000030c1  scalbnl                       
0000110b  selectPinAnalogInput          
000010bd  selectPinDigitalInput         
00001427  selectPinInterruptBothEdges   
000013d7  selectPinInterruptFallingEdge 
0000147d  selectPinInterruptHighLevel   
000014b7  selectPinInterruptLowLevel    
00001387  selectPinInterruptRisingEdge  
0000106f  selectPinOpenDrainOutput      
00001021  selectPinPushPullOutput       
00003435  setNvicInterruptPriority      
00001275  setPinAuxFunction             
0000115b  setPinCommitControl           
0000155d  setPinValue                   
000015e5  setPortValue                  
00002d9d  setSpi0BaudRate               
00002dd3  setSpi0Mode                   
000002e1  setSymbolRate                 
00002fe3  setUart0BaudRate              
2000431c  shiftBy                       
00001e25  sin                           
00001e25  sinl                          
00003af7  strcmp                        
00003a99  strcspn                       
00003a4b  strspn                        
00002405  strtod                        
00003971  strtok                        
00002405  strtold                       
00000367  symbolTimerIsr                
00001583  togglePinValue                
00000611  tokenizeInput                 
00003b21  tolower                       
2000430d  toneCommand                   
20004300  valueA                        
20004302  valueB                        
00002e21  writeSpi0Data                 


GLOBAL SYMBOLS: SORTED BY Symbol Address 

address   name                          
-------   ----                          
00000000  __TI_static_base__            
00000000  g_pfnVectors                  
00000200  __STACK_SIZE                  
0000026d  initLdacTimer                 
000002c5  ldacTimerIsr                  
000002e1  setSymbolRate                 
0000030f  initSymbolTimer               
00000367  symbolTimerIsr                
000004d9  initHw                        
00000611  tokenizeInput                 
000006f1  processShell                  
00000ca1  main                          
00000ee5  enablePort                    
00000fa1  disablePort                   
00001021  selectPinPushPullOutput       
0000106f  selectPinOpenDrainOutput      
000010bd  selectPinDigitalInput         
0000110b  selectPinAnalogInput          
0000115b  setPinCommitControl           
000011d7  enablePinPullup               
00001205  disablePinPullup              
00001229  enablePinPulldown             
0000124d  disablePinPulldown            
00001275  setPinAuxFunction             
00001387  selectPinInterruptRisingEdge  
000013d7  selectPinInterruptFallingEdge 
00001427  selectPinInterruptBothEdges   
0000147d  selectPinInterruptHighLevel   
000014b7  selectPinInterruptLowLevel    
000014f1  enablePinInterrupt            
00001515  disablePinInterrupt           
00001539  clearPinInterrupt             
0000155d  setPinValue                   
00001583  togglePinValue                
000015a7  getPinValue                   
000015e5  setPortValue                  
0000165d  getPortValue                  
000016ed  __kernel_rem_pio2             
00001e25  sin                           
00001e25  sinl                          
00002405  strtod                        
00002405  strtold                       
00002865  __aeabi_dsub                  
0000286f  __aeabi_dadd                  
00002a1d  __kernel_sin                  
00002b91  __kernel_cos                  
00002d01  initSpi0                      
00002d9d  setSpi0BaudRate               
00002dd3  setSpi0Mode                   
00002e21  writeSpi0Data                 
00002e39  readSpi0Data                  
00002e61  __aeabi_ddiv                  
00002f99  initUart0                     
00002fe3  setUart0BaudRate              
00003027  putcUart0                     
00003043  putsUart0                     
0000306f  getcUart0                     
00003083  kbhitUart0                    
000030c1  ldexp                         
000030c1  ldexpl                        
000030c1  scalbn                        
000030c1  scalbnl                       
000031d1  __aeabi_dmul                  
000032cd  floor                         
000032cd  floorl                        
000033c5  enableNvicInterrupt           
000033fd  disableNvicInterrupt          
00003435  setNvicInterruptPriority      
00003499  round                         
00003499  roundl                        
0000355d  __aeabi_memcpy                
0000355d  __aeabi_memcpy4               
0000355d  __aeabi_memcpy8               
0000355d  memcpy                        
000035f9  __aeabi_cdcmpeq               
000035f9  __aeabi_cdcmple               
0000367f  __aeabi_cdrcmple              
00003705  __aeabi_memclr                
00003705  __aeabi_memclr4               
00003705  __aeabi_memclr8               
00003707  __aeabi_memset                
00003707  __aeabi_memset4               
00003707  __aeabi_memset8               
0000370d  memset                        
0000377f  __aeabi_d2f                   
000037ed  __TI_decompress_lzss          
00003855  atoi                          
000038a1  __aeabi_d2iz                  
000038e9  __TI_auto_init_nobinit_nopinit
0000392d  __aeabi_d2uiz                 
00003971  strtok                        
000039b1  __aeabi_f2d                   
000039e9  _c_int00_noargs               
00003a1d  __aeabi_i2d                   
00003a4b  strspn                        
00003a75  initSystemClockTo40Mhz        
00003a7d  initSystemClockTo80Mhz        
00003a99  strcspn                       
00003abd  __aeabi_ui2d                  
00003add  copysign                      
00003add  copysignl                     
00003af7  strcmp                        
00003b0f  atof                          
00003b21  tolower                       
00003b31  __TI_decompress_none          
00003b3f  __TI_zero_init                
00003b4b  ResetISR                      
00003b59  __aeabi_errno_addr            
00003b61  _system_pre_init              
00003b65  C$$EXIT                       
00003b65  abort                         
00003cc0  _ctypes_                      
00003f00  __TI_Handler_Table_Base       
00003f0c  __TI_Handler_Table_Limit      
00003f18  __TI_CINIT_Base               
00003f28  __TI_CINIT_Limit              
20000000  LUTA                          
20000000  __start___llvm_prf_cnts       
20000000  __stop___llvm_prf_cnts        
20002000  LUTB                          
20004054  pskI                          
20004064  pskQ                          
20004074  bufferPtrI                    
20004078  bufferPtrQ                    
20004080  __stack                       
20004280  __STACK_END                   
20004280  __STACK_TOP                   
20004280  qam16I                        
200042c0  qam16Q                        
20004300  valueA                        
20004302  valueB                        
20004304  indexA                        
20004308  indexB                        
2000430c  AnotB                         
2000430d  toneCommand                   
20004310  amplitude                     
20004314  degreeShift                   
20004318  bitsToParse                   
2000431c  shiftBy                       
20004320  modIndex                      
20004324  isMod                         
20004328  index                         
2000432c  modMask                       
20004330  isDC                          
20004334  phaseShift                    
2000433c  psk8I                         
2000435c  psk8Q                         
2000437c  qpskI                         
2000438c  qpskQ                         
2000439c  bpskI                         
200043a4  bpskQ                         
200043ac  errno                         
ffffffff  __TI_pprof_out_hndl           
ffffffff  __TI_prof_data_size           
ffffffff  __TI_prof_data_start          
ffffffff  __binit__                     
ffffffff  __c_args__                    
ffffffff  binit                         
UNDEFED   __mpu_init                    
UNDEFED   _system_post_cinit            

[160 symbols]
